<!doctype html public "-//w3c//dtd html 4.0 transitional//en">
<html><head>
<title>Static Call Graph - [.\Output\Wireless.axf]</title></head>
<body><HR>
<H1>Static Call Graph for image .\Output\Wireless.axf</H1><HR>
<BR><P>#&#060CALLGRAPH&#062# ARM Linker, 5.02 [Build 28]: Last Updated: Sat Jul 11 17:20:41 2015
<BR><P>
<H3>Maximum Stack Usage =       4728 bytes + Unknown(Cycles, Untraceable Function Pointers)</H3><H3>
Call chain for Maximum Stack Depth:</H3>
main &rArr; ProcessUserInput &rArr; SendSNIC &rArr; udpSendFromSock &rArr; ProcessSN8200Input &rArr; rx_thread_proc &rArr; process_rx_frame &rArr; sci_ser_cmd_proc &rArr; handleRxSNIC &rArr; sendFromSock &rArr;  ProcessSN8200Input (Cycle)
<P>
<H3>
Mutually Recursive functions
</H3> <LI><a href="#[84]">sendFromSock</a>&nbsp;&nbsp;&nbsp;&rArr;&nbsp;&nbsp;&nbsp;<a href="#[a1]">ProcessSN8200Input</a><BR>
 <LI><a href="#[1c]">ADC_IRQHandler</a>&nbsp;&nbsp;&nbsp;&rArr;&nbsp;&nbsp;&nbsp;<a href="#[1c]">ADC_IRQHandler</a><BR>
</UL>
<P>
<H3>
Function Pointers
</H3><UL>
 <LI><a href="#[1c]">ADC_IRQHandler</a> from startup_stm32f40xx.o(.text) referenced from startup_stm32f40xx.o(RESET)
 <LI><a href="#[4]">BusFault_Handler</a> from stm32f4xx_it.o(.text) referenced from startup_stm32f40xx.o(RESET)
 <LI><a href="#[1e]">CAN1_RX0_IRQHandler</a> from startup_stm32f40xx.o(.text) referenced from startup_stm32f40xx.o(RESET)
 <LI><a href="#[1f]">CAN1_RX1_IRQHandler</a> from startup_stm32f40xx.o(.text) referenced from startup_stm32f40xx.o(RESET)
 <LI><a href="#[20]">CAN1_SCE_IRQHandler</a> from startup_stm32f40xx.o(.text) referenced from startup_stm32f40xx.o(RESET)
 <LI><a href="#[1d]">CAN1_TX_IRQHandler</a> from startup_stm32f40xx.o(.text) referenced from startup_stm32f40xx.o(RESET)
 <LI><a href="#[4a]">CAN2_RX0_IRQHandler</a> from startup_stm32f40xx.o(.text) referenced from startup_stm32f40xx.o(RESET)
 <LI><a href="#[4b]">CAN2_RX1_IRQHandler</a> from startup_stm32f40xx.o(.text) referenced from startup_stm32f40xx.o(RESET)
 <LI><a href="#[4c]">CAN2_SCE_IRQHandler</a> from startup_stm32f40xx.o(.text) referenced from startup_stm32f40xx.o(RESET)
 <LI><a href="#[49]">CAN2_TX_IRQHandler</a> from startup_stm32f40xx.o(.text) referenced from startup_stm32f40xx.o(RESET)
 <LI><a href="#[59]">CRYP_IRQHandler</a> from startup_stm32f40xx.o(.text) referenced from startup_stm32f40xx.o(RESET)
 <LI><a href="#[58]">DCMI_IRQHandler</a> from startup_stm32f40xx.o(.text) referenced from startup_stm32f40xx.o(RESET)
 <LI><a href="#[15]">DMA1_Stream0_IRQHandler</a> from startup_stm32f40xx.o(.text) referenced from startup_stm32f40xx.o(RESET)
 <LI><a href="#[16]">DMA1_Stream1_IRQHandler</a> from startup_stm32f40xx.o(.text) referenced from startup_stm32f40xx.o(RESET)
 <LI><a href="#[17]">DMA1_Stream2_IRQHandler</a> from startup_stm32f40xx.o(.text) referenced from startup_stm32f40xx.o(RESET)
 <LI><a href="#[18]">DMA1_Stream3_IRQHandler</a> from startup_stm32f40xx.o(.text) referenced from startup_stm32f40xx.o(RESET)
 <LI><a href="#[19]">DMA1_Stream4_IRQHandler</a> from startup_stm32f40xx.o(.text) referenced from startup_stm32f40xx.o(RESET)
 <LI><a href="#[1a]">DMA1_Stream5_IRQHandler</a> from startup_stm32f40xx.o(.text) referenced from startup_stm32f40xx.o(RESET)
 <LI><a href="#[1b]">DMA1_Stream6_IRQHandler</a> from startup_stm32f40xx.o(.text) referenced from startup_stm32f40xx.o(RESET)
 <LI><a href="#[39]">DMA1_Stream7_IRQHandler</a> from startup_stm32f40xx.o(.text) referenced from startup_stm32f40xx.o(RESET)
 <LI><a href="#[42]">DMA2_Stream0_IRQHandler</a> from startup_stm32f40xx.o(.text) referenced from startup_stm32f40xx.o(RESET)
 <LI><a href="#[43]">DMA2_Stream1_IRQHandler</a> from startup_stm32f40xx.o(.text) referenced from startup_stm32f40xx.o(RESET)
 <LI><a href="#[44]">DMA2_Stream2_IRQHandler</a> from startup_stm32f40xx.o(.text) referenced from startup_stm32f40xx.o(RESET)
 <LI><a href="#[45]">DMA2_Stream3_IRQHandler</a> from startup_stm32f40xx.o(.text) referenced from startup_stm32f40xx.o(RESET)
 <LI><a href="#[46]">DMA2_Stream4_IRQHandler</a> from startup_stm32f40xx.o(.text) referenced from startup_stm32f40xx.o(RESET)
 <LI><a href="#[4e]">DMA2_Stream5_IRQHandler</a> from startup_stm32f40xx.o(.text) referenced from startup_stm32f40xx.o(RESET)
 <LI><a href="#[4f]">DMA2_Stream6_IRQHandler</a> from startup_stm32f40xx.o(.text) referenced from startup_stm32f40xx.o(RESET)
 <LI><a href="#[50]">DMA2_Stream7_IRQHandler</a> from startup_stm32f40xx.o(.text) referenced from startup_stm32f40xx.o(RESET)
 <LI><a href="#[7]">DebugMon_Handler</a> from stm32f4xx_it.o(.text) referenced from startup_stm32f40xx.o(RESET)
 <LI><a href="#[47]">ETH_IRQHandler</a> from startup_stm32f40xx.o(.text) referenced from startup_stm32f40xx.o(RESET)
 <LI><a href="#[48]">ETH_WKUP_IRQHandler</a> from startup_stm32f40xx.o(.text) referenced from startup_stm32f40xx.o(RESET)
 <LI><a href="#[10]">EXTI0_IRQHandler</a> from startup_stm32f40xx.o(.text) referenced from startup_stm32f40xx.o(RESET)
 <LI><a href="#[32]">EXTI15_10_IRQHandler</a> from startup_stm32f40xx.o(.text) referenced from startup_stm32f40xx.o(RESET)
 <LI><a href="#[11]">EXTI1_IRQHandler</a> from startup_stm32f40xx.o(.text) referenced from startup_stm32f40xx.o(RESET)
 <LI><a href="#[12]">EXTI2_IRQHandler</a> from startup_stm32f40xx.o(.text) referenced from startup_stm32f40xx.o(RESET)
 <LI><a href="#[13]">EXTI3_IRQHandler</a> from startup_stm32f40xx.o(.text) referenced from startup_stm32f40xx.o(RESET)
 <LI><a href="#[14]">EXTI4_IRQHandler</a> from startup_stm32f40xx.o(.text) referenced from startup_stm32f40xx.o(RESET)
 <LI><a href="#[21]">EXTI9_5_IRQHandler</a> from startup_stm32f40xx.o(.text) referenced from startup_stm32f40xx.o(RESET)
 <LI><a href="#[e]">FLASH_IRQHandler</a> from startup_stm32f40xx.o(.text) referenced from startup_stm32f40xx.o(RESET)
 <LI><a href="#[5b]">FPU_IRQHandler</a> from startup_stm32f40xx.o(.text) referenced from startup_stm32f40xx.o(RESET)
 <LI><a href="#[3a]">FSMC_IRQHandler</a> from startup_stm32f40xx.o(.text) referenced from startup_stm32f40xx.o(RESET)
 <LI><a href="#[5a]">HASH_RNG_IRQHandler</a> from startup_stm32f40xx.o(.text) referenced from startup_stm32f40xx.o(RESET)
 <LI><a href="#[2]">HardFault_Handler</a> from stm32f4xx_it.o(.text) referenced from startup_stm32f40xx.o(RESET)
 <LI><a href="#[2a]">I2C1_ER_IRQHandler</a> from startup_stm32f40xx.o(.text) referenced from startup_stm32f40xx.o(RESET)
 <LI><a href="#[29]">I2C1_EV_IRQHandler</a> from startup_stm32f40xx.o(.text) referenced from startup_stm32f40xx.o(RESET)
 <LI><a href="#[2c]">I2C2_ER_IRQHandler</a> from startup_stm32f40xx.o(.text) referenced from startup_stm32f40xx.o(RESET)
 <LI><a href="#[2b]">I2C2_EV_IRQHandler</a> from startup_stm32f40xx.o(.text) referenced from startup_stm32f40xx.o(RESET)
 <LI><a href="#[53]">I2C3_ER_IRQHandler</a> from startup_stm32f40xx.o(.text) referenced from startup_stm32f40xx.o(RESET)
 <LI><a href="#[52]">I2C3_EV_IRQHandler</a> from startup_stm32f40xx.o(.text) referenced from startup_stm32f40xx.o(RESET)
 <LI><a href="#[3]">MemManage_Handler</a> from stm32f4xx_it.o(.text) referenced from startup_stm32f40xx.o(RESET)
 <LI><a href="#[1]">NMI_Handler</a> from stm32f4xx_it.o(.text) referenced from startup_stm32f40xx.o(RESET)
 <LI><a href="#[4d]">OTG_FS_IRQHandler</a> from startup_stm32f40xx.o(.text) referenced from startup_stm32f40xx.o(RESET)
 <LI><a href="#[34]">OTG_FS_WKUP_IRQHandler</a> from startup_stm32f40xx.o(.text) referenced from startup_stm32f40xx.o(RESET)
 <LI><a href="#[55]">OTG_HS_EP1_IN_IRQHandler</a> from startup_stm32f40xx.o(.text) referenced from startup_stm32f40xx.o(RESET)
 <LI><a href="#[54]">OTG_HS_EP1_OUT_IRQHandler</a> from startup_stm32f40xx.o(.text) referenced from startup_stm32f40xx.o(RESET)
 <LI><a href="#[57]">OTG_HS_IRQHandler</a> from startup_stm32f40xx.o(.text) referenced from startup_stm32f40xx.o(RESET)
 <LI><a href="#[56]">OTG_HS_WKUP_IRQHandler</a> from startup_stm32f40xx.o(.text) referenced from startup_stm32f40xx.o(RESET)
 <LI><a href="#[b]">PVD_IRQHandler</a> from startup_stm32f40xx.o(.text) referenced from startup_stm32f40xx.o(RESET)
 <LI><a href="#[8]">PendSV_Handler</a> from stm32f4xx_it.o(.text) referenced from startup_stm32f40xx.o(RESET)
 <LI><a href="#[f]">RCC_IRQHandler</a> from startup_stm32f40xx.o(.text) referenced from startup_stm32f40xx.o(RESET)
 <LI><a href="#[33]">RTC_Alarm_IRQHandler</a> from startup_stm32f40xx.o(.text) referenced from startup_stm32f40xx.o(RESET)
 <LI><a href="#[d]">RTC_WKUP_IRQHandler</a> from startup_stm32f40xx.o(.text) referenced from startup_stm32f40xx.o(RESET)
 <LI><a href="#[0]">Reset_Handler</a> from startup_stm32f40xx.o(.text) referenced from startup_stm32f40xx.o(RESET)
 <LI><a href="#[3b]">SDIO_IRQHandler</a> from startup_stm32f40xx.o(.text) referenced from startup_stm32f40xx.o(RESET)
 <LI><a href="#[2d]">SPI1_IRQHandler</a> from startup_stm32f40xx.o(.text) referenced from startup_stm32f40xx.o(RESET)
 <LI><a href="#[2e]">SPI2_IRQHandler</a> from startup_stm32f40xx.o(.text) referenced from startup_stm32f40xx.o(RESET)
 <LI><a href="#[3d]">SPI3_IRQHandler</a> from startup_stm32f40xx.o(.text) referenced from startup_stm32f40xx.o(RESET)
 <LI><a href="#[6]">SVC_Handler</a> from stm32f4xx_it.o(.text) referenced from startup_stm32f40xx.o(RESET)
 <LI><a href="#[9]">SysTick_Handler</a> from delay.o(.text) referenced from startup_stm32f40xx.o(RESET)
 <LI><a href="#[5d]">SystemInit</a> from system_stm32f4xx.o(.text) referenced from startup_stm32f40xx.o(.text)
 <LI><a href="#[c]">TAMP_STAMP_IRQHandler</a> from startup_stm32f40xx.o(.text) referenced from startup_stm32f40xx.o(RESET)
 <LI><a href="#[22]">TIM1_BRK_TIM9_IRQHandler</a> from startup_stm32f40xx.o(.text) referenced from startup_stm32f40xx.o(RESET)
 <LI><a href="#[25]">TIM1_CC_IRQHandler</a> from startup_stm32f40xx.o(.text) referenced from startup_stm32f40xx.o(RESET)
 <LI><a href="#[24]">TIM1_TRG_COM_TIM11_IRQHandler</a> from startup_stm32f40xx.o(.text) referenced from startup_stm32f40xx.o(RESET)
 <LI><a href="#[23]">TIM1_UP_TIM10_IRQHandler</a> from startup_stm32f40xx.o(.text) referenced from startup_stm32f40xx.o(RESET)
 <LI><a href="#[26]">TIM2_IRQHandler</a> from startup_stm32f40xx.o(.text) referenced from startup_stm32f40xx.o(RESET)
 <LI><a href="#[27]">TIM3_IRQHandler</a> from startup_stm32f40xx.o(.text) referenced from startup_stm32f40xx.o(RESET)
 <LI><a href="#[28]">TIM4_IRQHandler</a> from startup_stm32f40xx.o(.text) referenced from startup_stm32f40xx.o(RESET)
 <LI><a href="#[3c]">TIM5_IRQHandler</a> from startup_stm32f40xx.o(.text) referenced from startup_stm32f40xx.o(RESET)
 <LI><a href="#[40]">TIM6_DAC_IRQHandler</a> from startup_stm32f40xx.o(.text) referenced from startup_stm32f40xx.o(RESET)
 <LI><a href="#[41]">TIM7_IRQHandler</a> from startup_stm32f40xx.o(.text) referenced from startup_stm32f40xx.o(RESET)
 <LI><a href="#[35]">TIM8_BRK_TIM12_IRQHandler</a> from startup_stm32f40xx.o(.text) referenced from startup_stm32f40xx.o(RESET)
 <LI><a href="#[38]">TIM8_CC_IRQHandler</a> from startup_stm32f40xx.o(.text) referenced from startup_stm32f40xx.o(RESET)
 <LI><a href="#[37]">TIM8_TRG_COM_TIM14_IRQHandler</a> from startup_stm32f40xx.o(.text) referenced from startup_stm32f40xx.o(RESET)
 <LI><a href="#[36]">TIM8_UP_TIM13_IRQHandler</a> from startup_stm32f40xx.o(.text) referenced from startup_stm32f40xx.o(RESET)
 <LI><a href="#[3e]">UART4_IRQHandler</a> from startup_stm32f40xx.o(.text) referenced from startup_stm32f40xx.o(RESET)
 <LI><a href="#[3f]">UART5_IRQHandler</a> from startup_stm32f40xx.o(.text) referenced from startup_stm32f40xx.o(RESET)
 <LI><a href="#[2f]">USART1_IRQHandler</a> from sn8200_hal.o(.text) referenced from startup_stm32f40xx.o(RESET)
 <LI><a href="#[30]">USART2_IRQHandler</a> from startup_stm32f40xx.o(.text) referenced from startup_stm32f40xx.o(RESET)
 <LI><a href="#[31]">USART3_IRQHandler</a> from main.o(.text) referenced from startup_stm32f40xx.o(RESET)
 <LI><a href="#[51]">USART6_IRQHandler</a> from startup_stm32f40xx.o(.text) referenced from startup_stm32f40xx.o(RESET)
 <LI><a href="#[5]">UsageFault_Handler</a> from stm32f4xx_it.o(.text) referenced from startup_stm32f40xx.o(RESET)
 <LI><a href="#[a]">WWDG_IRQHandler</a> from startup_stm32f40xx.o(.text) referenced from startup_stm32f40xx.o(RESET)
 <LI><a href="#[60]">__backspace</a> from fgetc_b.o(.text) referenced from scanf_char_file.o(.text)
 <LI><a href="#[5e]">__main</a> from entry.o(.ARM.Collect$$$$00000000) referenced from startup_stm32f40xx.o(.text)
 <LI><a href="#[61]">_scanf_char_input</a> from scanf_char.o(.text) referenced from scanf_char.o(.text)
 <LI><a href="#[64]">_sputc</a> from printf8.o(i._sputc) referenced from printf8.o(i.__0sprintf$8)
 <LI><a href="#[5f]">fgetc</a> from main.o(.text) referenced from scanf_char_file.o(.text)
 <LI><a href="#[63]">fputc</a> from main.o(.text) referenced from printf8.o(i.__0printf$8)
 <LI><a href="#[62]">isspace</a> from isspace_o.o(.text) referenced from scanf_char.o(.text)
 <LI><a href="#[5c]">main</a> from main.o(.text) referenced from entry8.o(.ARM.Collect$$$$00000009)
</UL>
<P>
<H3>
Global Symbols
</H3>
<P><STRONG><a name="[5e]"></a>__main</STRONG> (Thumb, 0 bytes, Stack size unknown bytes, entry.o(.ARM.Collect$$$$00000000))
<BR>[Address Reference Count : 1]<UL><LI> startup_stm32f40xx.o(.text)
</UL>
<P><STRONG><a name="[108]"></a>_main_stk</STRONG> (Thumb, 0 bytes, Stack size unknown bytes, entry2.o(.ARM.Collect$$$$00000001))

<P><STRONG><a name="[65]"></a>_main_scatterload</STRONG> (Thumb, 0 bytes, Stack size unknown bytes, entry5.o(.ARM.Collect$$$$00000004))
<BR><BR>[Calls]<UL><LI><a href="#[66]">&gt;&gt;</a>&nbsp;&nbsp;&nbsp;__scatterload
</UL>

<P><STRONG><a name="[100]"></a>__main_after_scatterload</STRONG> (Thumb, 0 bytes, Stack size unknown bytes, entry5.o(.ARM.Collect$$$$00000004))
<BR><BR>[Called By]<UL><LI><a href="#[66]">&gt;&gt;</a>&nbsp;&nbsp;&nbsp;__scatterload
</UL>

<P><STRONG><a name="[109]"></a>_main_clock</STRONG> (Thumb, 0 bytes, Stack size unknown bytes, entry7b.o(.ARM.Collect$$$$00000008))

<P><STRONG><a name="[10a]"></a>_main_init</STRONG> (Thumb, 0 bytes, Stack size unknown bytes, entry8.o(.ARM.Collect$$$$00000009))

<P><STRONG><a name="[67]"></a>ShowMenu</STRONG> (Thumb, 148 bytes, Stack size 8 bytes, main.o(.text))
<BR><BR>[Stack]<UL><LI>Max Depth = 32<LI>Call Chain = ShowMenu &rArr; __2printf
</UL>
<BR>[Calls]<UL><LI><a href="#[68]">&gt;&gt;</a>&nbsp;&nbsp;&nbsp;__2printf
</UL>
<BR>[Called By]<UL><LI><a href="#[5c]">&gt;&gt;</a>&nbsp;&nbsp;&nbsp;main
<LI><a href="#[75]">&gt;&gt;</a>&nbsp;&nbsp;&nbsp;ProcessUserInput
</UL>

<P><STRONG><a name="[69]"></a>sendHttpReqTest</STRONG> (Thumb, 130 bytes, Stack size 176 bytes, main.o(.text))
<BR><BR>[Stack]<UL><LI>Max Depth = 1352<LI>Call Chain = sendHttpReqTest &rArr; fillNSendHttpReq &rArr; serial_transmit &rArr; no_ESC_transmit &rArr; escape_payload_and_transmit_no_ESC &rArr; dummy_tx &rArr; SN8200_HAL_SendData
</UL>
<BR>[Calls]<UL><LI><a href="#[6d]">&gt;&gt;</a>&nbsp;&nbsp;&nbsp;fillNSendHttpReq
<LI><a href="#[68]">&gt;&gt;</a>&nbsp;&nbsp;&nbsp;__2printf
<LI><a href="#[6c]">&gt;&gt;</a>&nbsp;&nbsp;&nbsp;strcpy
<LI><a href="#[6b]">&gt;&gt;</a>&nbsp;&nbsp;&nbsp;strlen
<LI><a href="#[6a]">&gt;&gt;</a>&nbsp;&nbsp;&nbsp;__0scanf
</UL>
<BR>[Called By]<UL><LI><a href="#[75]">&gt;&gt;</a>&nbsp;&nbsp;&nbsp;ProcessUserInput
</UL>

<P><STRONG><a name="[6e]"></a>sendHttpChunkReqTest</STRONG> (Thumb, 162 bytes, Stack size 264 bytes, main.o(.text))
<BR><BR>[Stack]<UL><LI>Max Depth = 1440<LI>Call Chain = sendHttpChunkReqTest &rArr; fillNSendHttpReq &rArr; serial_transmit &rArr; no_ESC_transmit &rArr; escape_payload_and_transmit_no_ESC &rArr; dummy_tx &rArr; SN8200_HAL_SendData
</UL>
<BR>[Calls]<UL><LI><a href="#[70]">&gt;&gt;</a>&nbsp;&nbsp;&nbsp;mdelay
<LI><a href="#[6d]">&gt;&gt;</a>&nbsp;&nbsp;&nbsp;fillNSendHttpReq
<LI><a href="#[71]">&gt;&gt;</a>&nbsp;&nbsp;&nbsp;fillNSendHttpMoreReq
<LI><a href="#[6b]">&gt;&gt;</a>&nbsp;&nbsp;&nbsp;strlen
<LI><a href="#[6f]">&gt;&gt;</a>&nbsp;&nbsp;&nbsp;__aeabi_memcpy4
</UL>
<BR>[Called By]<UL><LI><a href="#[75]">&gt;&gt;</a>&nbsp;&nbsp;&nbsp;ProcessUserInput
</UL>

<P><STRONG><a name="[72]"></a>sendHttpJsonPostDemo</STRONG> (Thumb, 180 bytes, Stack size 280 bytes, main.o(.text))
<BR><BR>[Stack]<UL><LI>Max Depth = 1456<LI>Call Chain = sendHttpJsonPostDemo &rArr; fillNSendHttpReq &rArr; serial_transmit &rArr; no_ESC_transmit &rArr; escape_payload_and_transmit_no_ESC &rArr; dummy_tx &rArr; SN8200_HAL_SendData
</UL>
<BR>[Calls]<UL><LI><a href="#[6d]">&gt;&gt;</a>&nbsp;&nbsp;&nbsp;fillNSendHttpReq
<LI><a href="#[68]">&gt;&gt;</a>&nbsp;&nbsp;&nbsp;__2printf
<LI><a href="#[6c]">&gt;&gt;</a>&nbsp;&nbsp;&nbsp;strcpy
<LI><a href="#[6b]">&gt;&gt;</a>&nbsp;&nbsp;&nbsp;strlen
<LI><a href="#[6f]">&gt;&gt;</a>&nbsp;&nbsp;&nbsp;__aeabi_memcpy4
<LI><a href="#[6a]">&gt;&gt;</a>&nbsp;&nbsp;&nbsp;__0scanf
</UL>
<BR>[Called By]<UL><LI><a href="#[75]">&gt;&gt;</a>&nbsp;&nbsp;&nbsp;ProcessUserInput
</UL>

<P><STRONG><a name="[73]"></a>sendHttpPostDemo</STRONG> (Thumb, 1058 bytes, Stack size 448 bytes, main.o(.text))
<BR><BR>[Stack]<UL><LI>Max Depth = 1624<LI>Call Chain = sendHttpPostDemo &rArr; fillNSendHttpReq &rArr; serial_transmit &rArr; no_ESC_transmit &rArr; escape_payload_and_transmit_no_ESC &rArr; dummy_tx &rArr; SN8200_HAL_SendData
</UL>
<BR>[Calls]<UL><LI><a href="#[6d]">&gt;&gt;</a>&nbsp;&nbsp;&nbsp;fillNSendHttpReq
<LI><a href="#[68]">&gt;&gt;</a>&nbsp;&nbsp;&nbsp;__2printf
<LI><a href="#[6c]">&gt;&gt;</a>&nbsp;&nbsp;&nbsp;strcpy
<LI><a href="#[6b]">&gt;&gt;</a>&nbsp;&nbsp;&nbsp;strlen
<LI><a href="#[74]">&gt;&gt;</a>&nbsp;&nbsp;&nbsp;__aeabi_memclr4
<LI><a href="#[6f]">&gt;&gt;</a>&nbsp;&nbsp;&nbsp;__aeabi_memcpy4
<LI><a href="#[6a]">&gt;&gt;</a>&nbsp;&nbsp;&nbsp;__0scanf
</UL>
<BR>[Called By]<UL><LI><a href="#[75]">&gt;&gt;</a>&nbsp;&nbsp;&nbsp;ProcessUserInput
</UL>

<P><STRONG><a name="[75]"></a>ProcessUserInput</STRONG> (Thumb, 1826 bytes, Stack size 264 bytes, main.o(.text))
<BR><BR>[Stack]<UL><LI>Max Depth = 4720<LI>Call Chain = ProcessUserInput &rArr; SendSNIC &rArr; udpSendFromSock &rArr; ProcessSN8200Input &rArr; rx_thread_proc &rArr; process_rx_frame &rArr; sci_ser_cmd_proc &rArr; handleRxSNIC &rArr; sendFromSock &rArr;  ProcessSN8200Input (Cycle)
</UL>
<BR>[Calls]<UL><LI><a href="#[8b]">&gt;&gt;</a>&nbsp;&nbsp;&nbsp;udpStartRecv
<LI><a href="#[87]">&gt;&gt;</a>&nbsp;&nbsp;&nbsp;udpCreateSocket
<LI><a href="#[7d]">&gt;&gt;</a>&nbsp;&nbsp;&nbsp;tcpCreateSocket
<LI><a href="#[81]">&gt;&gt;</a>&nbsp;&nbsp;&nbsp;tcpCreateConnection
<LI><a href="#[7f]">&gt;&gt;</a>&nbsp;&nbsp;&nbsp;tcpConnectToServer
<LI><a href="#[80]">&gt;&gt;</a>&nbsp;&nbsp;&nbsp;setTCPinfo
<LI><a href="#[84]">&gt;&gt;</a>&nbsp;&nbsp;&nbsp;sendFromSock
<LI><a href="#[70]">&gt;&gt;</a>&nbsp;&nbsp;&nbsp;mdelay
<LI><a href="#[88]">&gt;&gt;</a>&nbsp;&nbsp;&nbsp;getUDPinfo
<LI><a href="#[7e]">&gt;&gt;</a>&nbsp;&nbsp;&nbsp;getTCPinfo
<LI><a href="#[8a]">&gt;&gt;</a>&nbsp;&nbsp;&nbsp;closeSocket
<LI><a href="#[77]">&gt;&gt;</a>&nbsp;&nbsp;&nbsp;WifiScan
<LI><a href="#[8d]">&gt;&gt;</a>&nbsp;&nbsp;&nbsp;WifiOn
<LI><a href="#[8c]">&gt;&gt;</a>&nbsp;&nbsp;&nbsp;WifiOff
<LI><a href="#[79]">&gt;&gt;</a>&nbsp;&nbsp;&nbsp;WifiJoin
<LI><a href="#[78]">&gt;&gt;</a>&nbsp;&nbsp;&nbsp;WifiDisconn
<LI><a href="#[7a]">&gt;&gt;</a>&nbsp;&nbsp;&nbsp;SnicInit
<LI><a href="#[7b]">&gt;&gt;</a>&nbsp;&nbsp;&nbsp;SnicIPConfig
<LI><a href="#[7c]">&gt;&gt;</a>&nbsp;&nbsp;&nbsp;SnicGetDhcp
<LI><a href="#[85]">&gt;&gt;</a>&nbsp;&nbsp;&nbsp;SnicCleanup
<LI><a href="#[89]">&gt;&gt;</a>&nbsp;&nbsp;&nbsp;SendSNIC
<LI><a href="#[76]">&gt;&gt;</a>&nbsp;&nbsp;&nbsp;GetStatus
<LI><a href="#[86]">&gt;&gt;</a>&nbsp;&nbsp;&nbsp;ApOnOff
<LI><a href="#[73]">&gt;&gt;</a>&nbsp;&nbsp;&nbsp;sendHttpPostDemo
<LI><a href="#[72]">&gt;&gt;</a>&nbsp;&nbsp;&nbsp;sendHttpJsonPostDemo
<LI><a href="#[6e]">&gt;&gt;</a>&nbsp;&nbsp;&nbsp;sendHttpChunkReqTest
<LI><a href="#[69]">&gt;&gt;</a>&nbsp;&nbsp;&nbsp;sendHttpReqTest
<LI><a href="#[67]">&gt;&gt;</a>&nbsp;&nbsp;&nbsp;ShowMenu
<LI><a href="#[68]">&gt;&gt;</a>&nbsp;&nbsp;&nbsp;__2printf
<LI><a href="#[6c]">&gt;&gt;</a>&nbsp;&nbsp;&nbsp;strcpy
<LI><a href="#[6b]">&gt;&gt;</a>&nbsp;&nbsp;&nbsp;strlen
<LI><a href="#[83]">&gt;&gt;</a>&nbsp;&nbsp;&nbsp;atoi
<LI><a href="#[82]">&gt;&gt;</a>&nbsp;&nbsp;&nbsp;strtol
<LI><a href="#[6a]">&gt;&gt;</a>&nbsp;&nbsp;&nbsp;__0scanf
</UL>
<BR>[Called By]<UL><LI><a href="#[5c]">&gt;&gt;</a>&nbsp;&nbsp;&nbsp;main
</UL>

<P><STRONG><a name="[8e]"></a>DBGU_Init</STRONG> (Thumb, 188 bytes, Stack size 32 bytes, main.o(.text))
<BR><BR>[Stack]<UL><LI>Max Depth = 100<LI>Call Chain = DBGU_Init &rArr; USART_Init &rArr; RCC_GetClocksFreq
</UL>
<BR>[Calls]<UL><LI><a href="#[95]">&gt;&gt;</a>&nbsp;&nbsp;&nbsp;USART_Init
<LI><a href="#[96]">&gt;&gt;</a>&nbsp;&nbsp;&nbsp;USART_ITConfig
<LI><a href="#[97]">&gt;&gt;</a>&nbsp;&nbsp;&nbsp;USART_Cmd
<LI><a href="#[90]">&gt;&gt;</a>&nbsp;&nbsp;&nbsp;RCC_APB1PeriphClockCmd
<LI><a href="#[8f]">&gt;&gt;</a>&nbsp;&nbsp;&nbsp;RCC_AHB1PeriphClockCmd
<LI><a href="#[93]">&gt;&gt;</a>&nbsp;&nbsp;&nbsp;NVIC_PriorityGroupConfig
<LI><a href="#[94]">&gt;&gt;</a>&nbsp;&nbsp;&nbsp;NVIC_Init
<LI><a href="#[91]">&gt;&gt;</a>&nbsp;&nbsp;&nbsp;GPIO_PinAFConfig
<LI><a href="#[92]">&gt;&gt;</a>&nbsp;&nbsp;&nbsp;GPIO_Init
</UL>
<BR>[Called By]<UL><LI><a href="#[5c]">&gt;&gt;</a>&nbsp;&nbsp;&nbsp;main
</UL>

<P><STRONG><a name="[5c]"></a>main</STRONG> (Thumb, 162 bytes, Stack size 8 bytes, main.o(.text))
<BR><BR>[Stack]<UL><LI>Max Depth = 4728<LI>Call Chain = main &rArr; ProcessUserInput &rArr; SendSNIC &rArr; udpSendFromSock &rArr; ProcessSN8200Input &rArr; rx_thread_proc &rArr; process_rx_frame &rArr; sci_ser_cmd_proc &rArr; handleRxSNIC &rArr; sendFromSock &rArr;  ProcessSN8200Input (Cycle)
</UL>
<BR>[Calls]<UL><LI><a href="#[8d]">&gt;&gt;</a>&nbsp;&nbsp;&nbsp;WifiOn
<LI><a href="#[9e]">&gt;&gt;</a>&nbsp;&nbsp;&nbsp;SysTick_Configuration
<LI><a href="#[98]">&gt;&gt;</a>&nbsp;&nbsp;&nbsp;STM32f4_Discovery_LCD_Init
<LI><a href="#[9f]">&gt;&gt;</a>&nbsp;&nbsp;&nbsp;SN8200_API_Init
<LI><a href="#[a0]">&gt;&gt;</a>&nbsp;&nbsp;&nbsp;SN8200_API_HasInput
<LI><a href="#[a1]">&gt;&gt;</a>&nbsp;&nbsp;&nbsp;ProcessSN8200Input
<LI><a href="#[9b]">&gt;&gt;</a>&nbsp;&nbsp;&nbsp;LCD_SetTextColor
<LI><a href="#[9a]">&gt;&gt;</a>&nbsp;&nbsp;&nbsp;LCD_SetBackColor
<LI><a href="#[9c]">&gt;&gt;</a>&nbsp;&nbsp;&nbsp;LCD_GetFont
<LI><a href="#[9d]">&gt;&gt;</a>&nbsp;&nbsp;&nbsp;LCD_DisplayStringLine
<LI><a href="#[99]">&gt;&gt;</a>&nbsp;&nbsp;&nbsp;LCD_Clear
<LI><a href="#[8e]">&gt;&gt;</a>&nbsp;&nbsp;&nbsp;DBGU_Init
<LI><a href="#[75]">&gt;&gt;</a>&nbsp;&nbsp;&nbsp;ProcessUserInput
<LI><a href="#[67]">&gt;&gt;</a>&nbsp;&nbsp;&nbsp;ShowMenu
<LI><a href="#[68]">&gt;&gt;</a>&nbsp;&nbsp;&nbsp;__2printf
<LI><a href="#[6c]">&gt;&gt;</a>&nbsp;&nbsp;&nbsp;strcpy
</UL>
<BR>[Address Reference Count : 1]<UL><LI> entry8.o(.ARM.Collect$$$$00000009)
</UL>
<P><STRONG><a name="[10b]"></a>DBGU_RxBufferEmpty</STRONG> (Thumb, 406 bytes, Stack size 0 bytes, main.o(.text), UNUSED)

<P><STRONG><a name="[31]"></a>USART3_IRQHandler</STRONG> (Thumb, 136 bytes, Stack size 8 bytes, main.o(.text))
<BR><BR>[Stack]<UL><LI>Max Depth = 24<LI>Call Chain = USART3_IRQHandler &rArr; USART_GetITStatus
</UL>
<BR>[Calls]<UL><LI><a href="#[a4]">&gt;&gt;</a>&nbsp;&nbsp;&nbsp;USART_SendData
<LI><a href="#[a3]">&gt;&gt;</a>&nbsp;&nbsp;&nbsp;USART_ReceiveData
<LI><a href="#[a2]">&gt;&gt;</a>&nbsp;&nbsp;&nbsp;USART_GetITStatus
</UL>
<BR>[Address Reference Count : 1]<UL><LI> startup_stm32f40xx.o(RESET)
</UL>
<P><STRONG><a name="[63]"></a>fputc</STRONG> (Thumb, 32 bytes, Stack size 16 bytes, main.o(.text))
<BR><BR>[Stack]<UL><LI>Max Depth = 16<LI>Call Chain = fputc
</UL>
<BR>[Calls]<UL><LI><a href="#[a4]">&gt;&gt;</a>&nbsp;&nbsp;&nbsp;USART_SendData
<LI><a href="#[a5]">&gt;&gt;</a>&nbsp;&nbsp;&nbsp;USART_GetFlagStatus
</UL>
<BR>[Address Reference Count : 1]<UL><LI> printf8.o(i.__0printf$8)
</UL>
<P><STRONG><a name="[10c]"></a>DBGU_GetChar</STRONG> (Thumb, 44 bytes, Stack size 0 bytes, main.o(.text), UNUSED)

<P><STRONG><a name="[5f]"></a>fgetc</STRONG> (Thumb, 84 bytes, Stack size 16 bytes, main.o(.text))
<BR><BR>[Stack]<UL><LI>Max Depth = 16<LI>Call Chain = fgetc
</UL>
<BR>[Calls]<UL><LI><a href="#[a5]">&gt;&gt;</a>&nbsp;&nbsp;&nbsp;USART_GetFlagStatus
</UL>
<BR>[Address Reference Count : 1]<UL><LI> scanf_char_file.o(.text)
</UL>
<P><STRONG><a name="[9e]"></a>SysTick_Configuration</STRONG> (Thumb, 90 bytes, Stack size 12 bytes, delay.o(.text))
<BR><BR>[Stack]<UL><LI>Max Depth = 12<LI>Call Chain = SysTick_Configuration
</UL>
<BR>[Called By]<UL><LI><a href="#[5c]">&gt;&gt;</a>&nbsp;&nbsp;&nbsp;main
</UL>

<P><STRONG><a name="[70]"></a>mdelay</STRONG> (Thumb, 16 bytes, Stack size 0 bytes, delay.o(.text))
<BR><BR>[Called By]<UL><LI><a href="#[b3]">&gt;&gt;</a>&nbsp;&nbsp;&nbsp;handleRxSNIC
<LI><a href="#[b0]">&gt;&gt;</a>&nbsp;&nbsp;&nbsp;udpSendFromSock
<LI><a href="#[87]">&gt;&gt;</a>&nbsp;&nbsp;&nbsp;udpCreateSocket
<LI><a href="#[7d]">&gt;&gt;</a>&nbsp;&nbsp;&nbsp;tcpCreateSocket
<LI><a href="#[7f]">&gt;&gt;</a>&nbsp;&nbsp;&nbsp;tcpConnectToServer
<LI><a href="#[84]">&gt;&gt;</a>&nbsp;&nbsp;&nbsp;sendFromSock
<LI><a href="#[79]">&gt;&gt;</a>&nbsp;&nbsp;&nbsp;WifiJoin
<LI><a href="#[7b]">&gt;&gt;</a>&nbsp;&nbsp;&nbsp;SnicIPConfig
<LI><a href="#[7c]">&gt;&gt;</a>&nbsp;&nbsp;&nbsp;SnicGetDhcp
<LI><a href="#[76]">&gt;&gt;</a>&nbsp;&nbsp;&nbsp;GetStatus
<LI><a href="#[86]">&gt;&gt;</a>&nbsp;&nbsp;&nbsp;ApOnOff
<LI><a href="#[75]">&gt;&gt;</a>&nbsp;&nbsp;&nbsp;ProcessUserInput
<LI><a href="#[6e]">&gt;&gt;</a>&nbsp;&nbsp;&nbsp;sendHttpChunkReqTest
</UL>

<P><STRONG><a name="[a6]"></a>TimingDelay_Decrement</STRONG> (Thumb, 18 bytes, Stack size 0 bytes, delay.o(.text))
<BR><BR>[Called By]<UL><LI><a href="#[9]">&gt;&gt;</a>&nbsp;&nbsp;&nbsp;SysTick_Handler
</UL>

<P><STRONG><a name="[9]"></a>SysTick_Handler</STRONG> (Thumb, 8 bytes, Stack size 4 bytes, delay.o(.text))
<BR><BR>[Stack]<UL><LI>Max Depth = 4<LI>Call Chain = SysTick_Handler
</UL>
<BR>[Calls]<UL><LI><a href="#[a6]">&gt;&gt;</a>&nbsp;&nbsp;&nbsp;TimingDelay_Decrement
</UL>
<BR>[Address Reference Count : 1]<UL><LI> startup_stm32f40xx.o(RESET)
</UL>
<P><STRONG><a name="[1]"></a>NMI_Handler</STRONG> (Thumb, 2 bytes, Stack size 0 bytes, stm32f4xx_it.o(.text))
<BR>[Address Reference Count : 1]<UL><LI> startup_stm32f40xx.o(RESET)
</UL>
<P><STRONG><a name="[2]"></a>HardFault_Handler</STRONG> (Thumb, 4 bytes, Stack size 0 bytes, stm32f4xx_it.o(.text))
<BR>[Address Reference Count : 1]<UL><LI> startup_stm32f40xx.o(RESET)
</UL>
<P><STRONG><a name="[3]"></a>MemManage_Handler</STRONG> (Thumb, 4 bytes, Stack size 0 bytes, stm32f4xx_it.o(.text))
<BR>[Address Reference Count : 1]<UL><LI> startup_stm32f40xx.o(RESET)
</UL>
<P><STRONG><a name="[4]"></a>BusFault_Handler</STRONG> (Thumb, 4 bytes, Stack size 0 bytes, stm32f4xx_it.o(.text))
<BR>[Address Reference Count : 1]<UL><LI> startup_stm32f40xx.o(RESET)
</UL>
<P><STRONG><a name="[5]"></a>UsageFault_Handler</STRONG> (Thumb, 4 bytes, Stack size 0 bytes, stm32f4xx_it.o(.text))
<BR>[Address Reference Count : 1]<UL><LI> startup_stm32f40xx.o(RESET)
</UL>
<P><STRONG><a name="[6]"></a>SVC_Handler</STRONG> (Thumb, 2 bytes, Stack size 0 bytes, stm32f4xx_it.o(.text))
<BR>[Address Reference Count : 1]<UL><LI> startup_stm32f40xx.o(RESET)
</UL>
<P><STRONG><a name="[7]"></a>DebugMon_Handler</STRONG> (Thumb, 2 bytes, Stack size 0 bytes, stm32f4xx_it.o(.text))
<BR>[Address Reference Count : 1]<UL><LI> startup_stm32f40xx.o(RESET)
</UL>
<P><STRONG><a name="[8]"></a>PendSV_Handler</STRONG> (Thumb, 2 bytes, Stack size 0 bytes, stm32f4xx_it.o(.text))
<BR>[Address Reference Count : 1]<UL><LI> startup_stm32f40xx.o(RESET)
</UL>
<P><STRONG><a name="[a7]"></a>inet_aton</STRONG> (Thumb, 338 bytes, Stack size 48 bytes, sn8200_api.o(.text))
<BR><BR>[Stack]<UL><LI>Max Depth = 48<LI>Call Chain = inet_aton
</UL>
<BR>[Calls]<UL><LI><a href="#[a8]">&gt;&gt;</a>&nbsp;&nbsp;&nbsp;__rt_ctype_table
</UL>
<BR>[Called By]<UL><LI><a href="#[a9]">&gt;&gt;</a>&nbsp;&nbsp;&nbsp;inet_addr
</UL>

<P><STRONG><a name="[a9]"></a>inet_addr</STRONG> (Thumb, 24 bytes, Stack size 16 bytes, sn8200_api.o(.text))
<BR><BR>[Stack]<UL><LI>Max Depth = 64<LI>Call Chain = inet_addr &rArr; inet_aton
</UL>
<BR>[Calls]<UL><LI><a href="#[a7]">&gt;&gt;</a>&nbsp;&nbsp;&nbsp;inet_aton
</UL>
<BR>[Called By]<UL><LI><a href="#[88]">&gt;&gt;</a>&nbsp;&nbsp;&nbsp;getUDPinfo
<LI><a href="#[7e]">&gt;&gt;</a>&nbsp;&nbsp;&nbsp;getTCPinfo
</UL>

<P><STRONG><a name="[7e]"></a>getTCPinfo</STRONG> (Thumb, 190 bytes, Stack size 48 bytes, sn8200_api.o(.text))
<BR><BR>[Stack]<UL><LI>Max Depth = 248<LI>Call Chain = getTCPinfo &rArr; __0scanf &rArr; __vfscanf_char_file &rArr; __vfscanf_char &rArr; __vfscanf &rArr; _scanf_string
</UL>
<BR>[Calls]<UL><LI><a href="#[a9]">&gt;&gt;</a>&nbsp;&nbsp;&nbsp;inet_addr
<LI><a href="#[68]">&gt;&gt;</a>&nbsp;&nbsp;&nbsp;__2printf
<LI><a href="#[6c]">&gt;&gt;</a>&nbsp;&nbsp;&nbsp;strcpy
<LI><a href="#[6b]">&gt;&gt;</a>&nbsp;&nbsp;&nbsp;strlen
<LI><a href="#[82]">&gt;&gt;</a>&nbsp;&nbsp;&nbsp;strtol
<LI><a href="#[6a]">&gt;&gt;</a>&nbsp;&nbsp;&nbsp;__0scanf
</UL>
<BR>[Called By]<UL><LI><a href="#[75]">&gt;&gt;</a>&nbsp;&nbsp;&nbsp;ProcessUserInput
</UL>

<P><STRONG><a name="[80]"></a>setTCPinfo</STRONG> (Thumb, 98 bytes, Stack size 16 bytes, sn8200_api.o(.text))
<BR><BR>[Stack]<UL><LI>Max Depth = 216<LI>Call Chain = setTCPinfo &rArr; __0scanf &rArr; __vfscanf_char_file &rArr; __vfscanf_char &rArr; __vfscanf &rArr; _scanf_string
</UL>
<BR>[Calls]<UL><LI><a href="#[68]">&gt;&gt;</a>&nbsp;&nbsp;&nbsp;__2printf
<LI><a href="#[82]">&gt;&gt;</a>&nbsp;&nbsp;&nbsp;strtol
<LI><a href="#[6a]">&gt;&gt;</a>&nbsp;&nbsp;&nbsp;__0scanf
</UL>
<BR>[Called By]<UL><LI><a href="#[75]">&gt;&gt;</a>&nbsp;&nbsp;&nbsp;ProcessUserInput
</UL>

<P><STRONG><a name="[88]"></a>getUDPinfo</STRONG> (Thumb, 118 bytes, Stack size 48 bytes, sn8200_api.o(.text))
<BR><BR>[Stack]<UL><LI>Max Depth = 248<LI>Call Chain = getUDPinfo &rArr; __0scanf &rArr; __vfscanf_char_file &rArr; __vfscanf_char &rArr; __vfscanf &rArr; _scanf_string
</UL>
<BR>[Calls]<UL><LI><a href="#[a9]">&gt;&gt;</a>&nbsp;&nbsp;&nbsp;inet_addr
<LI><a href="#[68]">&gt;&gt;</a>&nbsp;&nbsp;&nbsp;__2printf
<LI><a href="#[82]">&gt;&gt;</a>&nbsp;&nbsp;&nbsp;strtol
<LI><a href="#[6a]">&gt;&gt;</a>&nbsp;&nbsp;&nbsp;__0scanf
</UL>
<BR>[Called By]<UL><LI><a href="#[75]">&gt;&gt;</a>&nbsp;&nbsp;&nbsp;ProcessUserInput
</UL>

<P><STRONG><a name="[aa]"></a>setUDPinfo</STRONG> (Thumb, 98 bytes, Stack size 16 bytes, sn8200_api.o(.text), UNUSED)
<BR><BR>[Calls]<UL><LI><a href="#[68]">&gt;&gt;</a>&nbsp;&nbsp;&nbsp;__2printf
<LI><a href="#[82]">&gt;&gt;</a>&nbsp;&nbsp;&nbsp;strtol
<LI><a href="#[6a]">&gt;&gt;</a>&nbsp;&nbsp;&nbsp;__0scanf
</UL>

<P><STRONG><a name="[9f]"></a>SN8200_API_Init</STRONG> (Thumb, 12 bytes, Stack size 8 bytes, sn8200_api.o(.text))
<BR><BR>[Stack]<UL><LI>Max Depth = 124<LI>Call Chain = SN8200_API_Init &rArr; SN8200_Init &rArr; SN8200_HAL_Init &rArr; USART_Init &rArr; RCC_GetClocksFreq
</UL>
<BR>[Calls]<UL><LI><a href="#[ab]">&gt;&gt;</a>&nbsp;&nbsp;&nbsp;SN8200_Init
</UL>
<BR>[Called By]<UL><LI><a href="#[5c]">&gt;&gt;</a>&nbsp;&nbsp;&nbsp;main
</UL>

<P><STRONG><a name="[a0]"></a>SN8200_API_HasInput</STRONG> (Thumb, 8 bytes, Stack size 8 bytes, sn8200_api.o(.text))
<BR><BR>[Stack]<UL><LI>Max Depth = 16<LI>Call Chain = SN8200_API_HasInput &rArr; SN8200_HasInput
</UL>
<BR>[Calls]<UL><LI><a href="#[ac]">&gt;&gt;</a>&nbsp;&nbsp;&nbsp;SN8200_HasInput
</UL>
<BR>[Called By]<UL><LI><a href="#[b0]">&gt;&gt;</a>&nbsp;&nbsp;&nbsp;udpSendFromSock
<LI><a href="#[87]">&gt;&gt;</a>&nbsp;&nbsp;&nbsp;udpCreateSocket
<LI><a href="#[7d]">&gt;&gt;</a>&nbsp;&nbsp;&nbsp;tcpCreateSocket
<LI><a href="#[7f]">&gt;&gt;</a>&nbsp;&nbsp;&nbsp;tcpConnectToServer
<LI><a href="#[84]">&gt;&gt;</a>&nbsp;&nbsp;&nbsp;sendFromSock
<LI><a href="#[79]">&gt;&gt;</a>&nbsp;&nbsp;&nbsp;WifiJoin
<LI><a href="#[7b]">&gt;&gt;</a>&nbsp;&nbsp;&nbsp;SnicIPConfig
<LI><a href="#[7c]">&gt;&gt;</a>&nbsp;&nbsp;&nbsp;SnicGetDhcp
<LI><a href="#[76]">&gt;&gt;</a>&nbsp;&nbsp;&nbsp;GetStatus
<LI><a href="#[86]">&gt;&gt;</a>&nbsp;&nbsp;&nbsp;ApOnOff
<LI><a href="#[5c]">&gt;&gt;</a>&nbsp;&nbsp;&nbsp;main
</UL>

<P><STRONG><a name="[a1]"></a>ProcessSN8200Input</STRONG> (Thumb, 8 bytes, Stack size 8 bytes, sn8200_api.o(.text))
<BR><BR>[Stack]<UL><LI>Max Depth = 2312<LI>Call Chain = ProcessSN8200Input &rArr; rx_thread_proc &rArr; process_rx_frame &rArr; sci_ser_cmd_proc &rArr; handleRxSNIC &rArr; sendFromSock &rArr;  ProcessSN8200Input (Cycle)
</UL>
<BR>[Calls]<UL><LI><a href="#[ad]">&gt;&gt;</a>&nbsp;&nbsp;&nbsp;rx_thread_proc
</UL>
<BR>[Called By]<UL><LI><a href="#[b0]">&gt;&gt;</a>&nbsp;&nbsp;&nbsp;udpSendFromSock
<LI><a href="#[87]">&gt;&gt;</a>&nbsp;&nbsp;&nbsp;udpCreateSocket
<LI><a href="#[7d]">&gt;&gt;</a>&nbsp;&nbsp;&nbsp;tcpCreateSocket
<LI><a href="#[7f]">&gt;&gt;</a>&nbsp;&nbsp;&nbsp;tcpConnectToServer
<LI><a href="#[84]">&gt;&gt;</a>&nbsp;&nbsp;&nbsp;sendFromSock
<LI><a href="#[79]">&gt;&gt;</a>&nbsp;&nbsp;&nbsp;WifiJoin
<LI><a href="#[7b]">&gt;&gt;</a>&nbsp;&nbsp;&nbsp;SnicIPConfig
<LI><a href="#[7c]">&gt;&gt;</a>&nbsp;&nbsp;&nbsp;SnicGetDhcp
<LI><a href="#[76]">&gt;&gt;</a>&nbsp;&nbsp;&nbsp;GetStatus
<LI><a href="#[86]">&gt;&gt;</a>&nbsp;&nbsp;&nbsp;ApOnOff
<LI><a href="#[5c]">&gt;&gt;</a>&nbsp;&nbsp;&nbsp;main
</UL>

<P><STRONG><a name="[76]"></a>GetStatus</STRONG> (Thumb, 98 bytes, Stack size 16 bytes, sn8200_api.o(.text))
<BR><BR>[Stack]<UL><LI>Max Depth = 2328<LI>Call Chain = GetStatus &rArr; ProcessSN8200Input &rArr; rx_thread_proc &rArr; process_rx_frame &rArr; sci_ser_cmd_proc &rArr; handleRxSNIC &rArr; sendFromSock &rArr;  ProcessSN8200Input (Cycle)
</UL>
<BR>[Calls]<UL><LI><a href="#[ae]">&gt;&gt;</a>&nbsp;&nbsp;&nbsp;serial_transmit
<LI><a href="#[70]">&gt;&gt;</a>&nbsp;&nbsp;&nbsp;mdelay
<LI><a href="#[a0]">&gt;&gt;</a>&nbsp;&nbsp;&nbsp;SN8200_API_HasInput
<LI><a href="#[a1]">&gt;&gt;</a>&nbsp;&nbsp;&nbsp;ProcessSN8200Input
<LI><a href="#[68]">&gt;&gt;</a>&nbsp;&nbsp;&nbsp;__2printf
</UL>
<BR>[Called By]<UL><LI><a href="#[75]">&gt;&gt;</a>&nbsp;&nbsp;&nbsp;ProcessUserInput
</UL>

<P><STRONG><a name="[8d]"></a>WifiOn</STRONG> (Thumb, 46 bytes, Stack size 16 bytes, sn8200_api.o(.text))
<BR><BR>[Stack]<UL><LI>Max Depth = 128<LI>Call Chain = WifiOn &rArr; serial_transmit &rArr; no_ESC_transmit &rArr; escape_payload_and_transmit_no_ESC &rArr; dummy_tx &rArr; SN8200_HAL_SendData
</UL>
<BR>[Calls]<UL><LI><a href="#[ae]">&gt;&gt;</a>&nbsp;&nbsp;&nbsp;serial_transmit
<LI><a href="#[68]">&gt;&gt;</a>&nbsp;&nbsp;&nbsp;__2printf
</UL>
<BR>[Called By]<UL><LI><a href="#[5c]">&gt;&gt;</a>&nbsp;&nbsp;&nbsp;main
<LI><a href="#[75]">&gt;&gt;</a>&nbsp;&nbsp;&nbsp;ProcessUserInput
</UL>

<P><STRONG><a name="[8c]"></a>WifiOff</STRONG> (Thumb, 34 bytes, Stack size 16 bytes, sn8200_api.o(.text))
<BR><BR>[Stack]<UL><LI>Max Depth = 128<LI>Call Chain = WifiOff &rArr; serial_transmit &rArr; no_ESC_transmit &rArr; escape_payload_and_transmit_no_ESC &rArr; dummy_tx &rArr; SN8200_HAL_SendData
</UL>
<BR>[Calls]<UL><LI><a href="#[ae]">&gt;&gt;</a>&nbsp;&nbsp;&nbsp;serial_transmit
<LI><a href="#[68]">&gt;&gt;</a>&nbsp;&nbsp;&nbsp;__2printf
</UL>
<BR>[Called By]<UL><LI><a href="#[75]">&gt;&gt;</a>&nbsp;&nbsp;&nbsp;ProcessUserInput
</UL>

<P><STRONG><a name="[86]"></a>ApOnOff</STRONG> (Thumb, 118 bytes, Stack size 16 bytes, sn8200_api.o(.text))
<BR><BR>[Stack]<UL><LI>Max Depth = 2328<LI>Call Chain = ApOnOff &rArr; ProcessSN8200Input &rArr; rx_thread_proc &rArr; process_rx_frame &rArr; sci_ser_cmd_proc &rArr; handleRxSNIC &rArr; sendFromSock &rArr;  ProcessSN8200Input (Cycle)
</UL>
<BR>[Calls]<UL><LI><a href="#[ae]">&gt;&gt;</a>&nbsp;&nbsp;&nbsp;serial_transmit
<LI><a href="#[70]">&gt;&gt;</a>&nbsp;&nbsp;&nbsp;mdelay
<LI><a href="#[a0]">&gt;&gt;</a>&nbsp;&nbsp;&nbsp;SN8200_API_HasInput
<LI><a href="#[a1]">&gt;&gt;</a>&nbsp;&nbsp;&nbsp;ProcessSN8200Input
<LI><a href="#[68]">&gt;&gt;</a>&nbsp;&nbsp;&nbsp;__2printf
</UL>
<BR>[Called By]<UL><LI><a href="#[75]">&gt;&gt;</a>&nbsp;&nbsp;&nbsp;ProcessUserInput
</UL>

<P><STRONG><a name="[77]"></a>WifiScan</STRONG> (Thumb, 54 bytes, Stack size 24 bytes, sn8200_api.o(.text))
<BR><BR>[Stack]<UL><LI>Max Depth = 136<LI>Call Chain = WifiScan &rArr; serial_transmit &rArr; no_ESC_transmit &rArr; escape_payload_and_transmit_no_ESC &rArr; dummy_tx &rArr; SN8200_HAL_SendData
</UL>
<BR>[Calls]<UL><LI><a href="#[ae]">&gt;&gt;</a>&nbsp;&nbsp;&nbsp;serial_transmit
<LI><a href="#[68]">&gt;&gt;</a>&nbsp;&nbsp;&nbsp;__2printf
</UL>
<BR>[Called By]<UL><LI><a href="#[75]">&gt;&gt;</a>&nbsp;&nbsp;&nbsp;ProcessUserInput
</UL>

<P><STRONG><a name="[79]"></a>WifiJoin</STRONG> (Thumb, 716 bytes, Stack size 152 bytes, sn8200_api.o(.text))
<BR><BR>[Stack]<UL><LI>Max Depth = 2464<LI>Call Chain = WifiJoin &rArr; ProcessSN8200Input &rArr; rx_thread_proc &rArr; process_rx_frame &rArr; sci_ser_cmd_proc &rArr; handleRxSNIC &rArr; sendFromSock &rArr;  ProcessSN8200Input (Cycle)
</UL>
<BR>[Calls]<UL><LI><a href="#[ae]">&gt;&gt;</a>&nbsp;&nbsp;&nbsp;serial_transmit
<LI><a href="#[70]">&gt;&gt;</a>&nbsp;&nbsp;&nbsp;mdelay
<LI><a href="#[a0]">&gt;&gt;</a>&nbsp;&nbsp;&nbsp;SN8200_API_HasInput
<LI><a href="#[a1]">&gt;&gt;</a>&nbsp;&nbsp;&nbsp;ProcessSN8200Input
<LI><a href="#[68]">&gt;&gt;</a>&nbsp;&nbsp;&nbsp;__2printf
<LI><a href="#[6b]">&gt;&gt;</a>&nbsp;&nbsp;&nbsp;strlen
<LI><a href="#[af]">&gt;&gt;</a>&nbsp;&nbsp;&nbsp;__aeabi_memcpy
<LI><a href="#[83]">&gt;&gt;</a>&nbsp;&nbsp;&nbsp;atoi
<LI><a href="#[6a]">&gt;&gt;</a>&nbsp;&nbsp;&nbsp;__0scanf
</UL>
<BR>[Called By]<UL><LI><a href="#[75]">&gt;&gt;</a>&nbsp;&nbsp;&nbsp;ProcessUserInput
</UL>

<P><STRONG><a name="[78]"></a>WifiDisconn</STRONG> (Thumb, 34 bytes, Stack size 16 bytes, sn8200_api.o(.text))
<BR><BR>[Stack]<UL><LI>Max Depth = 128<LI>Call Chain = WifiDisconn &rArr; serial_transmit &rArr; no_ESC_transmit &rArr; escape_payload_and_transmit_no_ESC &rArr; dummy_tx &rArr; SN8200_HAL_SendData
</UL>
<BR>[Calls]<UL><LI><a href="#[ae]">&gt;&gt;</a>&nbsp;&nbsp;&nbsp;serial_transmit
<LI><a href="#[68]">&gt;&gt;</a>&nbsp;&nbsp;&nbsp;__2printf
</UL>
<BR>[Called By]<UL><LI><a href="#[75]">&gt;&gt;</a>&nbsp;&nbsp;&nbsp;ProcessUserInput
</UL>

<P><STRONG><a name="[7a]"></a>SnicInit</STRONG> (Thumb, 44 bytes, Stack size 16 bytes, sn8200_api.o(.text))
<BR><BR>[Stack]<UL><LI>Max Depth = 128<LI>Call Chain = SnicInit &rArr; serial_transmit &rArr; no_ESC_transmit &rArr; escape_payload_and_transmit_no_ESC &rArr; dummy_tx &rArr; SN8200_HAL_SendData
</UL>
<BR>[Calls]<UL><LI><a href="#[ae]">&gt;&gt;</a>&nbsp;&nbsp;&nbsp;serial_transmit
<LI><a href="#[68]">&gt;&gt;</a>&nbsp;&nbsp;&nbsp;__2printf
</UL>
<BR>[Called By]<UL><LI><a href="#[75]">&gt;&gt;</a>&nbsp;&nbsp;&nbsp;ProcessUserInput
</UL>

<P><STRONG><a name="[85]"></a>SnicCleanup</STRONG> (Thumb, 34 bytes, Stack size 16 bytes, sn8200_api.o(.text))
<BR><BR>[Stack]<UL><LI>Max Depth = 128<LI>Call Chain = SnicCleanup &rArr; serial_transmit &rArr; no_ESC_transmit &rArr; escape_payload_and_transmit_no_ESC &rArr; dummy_tx &rArr; SN8200_HAL_SendData
</UL>
<BR>[Calls]<UL><LI><a href="#[ae]">&gt;&gt;</a>&nbsp;&nbsp;&nbsp;serial_transmit
<LI><a href="#[68]">&gt;&gt;</a>&nbsp;&nbsp;&nbsp;__2printf
</UL>
<BR>[Called By]<UL><LI><a href="#[75]">&gt;&gt;</a>&nbsp;&nbsp;&nbsp;ProcessUserInput
</UL>

<P><STRONG><a name="[7b]"></a>SnicIPConfig</STRONG> (Thumb, 104 bytes, Stack size 24 bytes, sn8200_api.o(.text))
<BR><BR>[Stack]<UL><LI>Max Depth = 2336<LI>Call Chain = SnicIPConfig &rArr; ProcessSN8200Input &rArr; rx_thread_proc &rArr; process_rx_frame &rArr; sci_ser_cmd_proc &rArr; handleRxSNIC &rArr; sendFromSock &rArr;  ProcessSN8200Input (Cycle)
</UL>
<BR>[Calls]<UL><LI><a href="#[ae]">&gt;&gt;</a>&nbsp;&nbsp;&nbsp;serial_transmit
<LI><a href="#[70]">&gt;&gt;</a>&nbsp;&nbsp;&nbsp;mdelay
<LI><a href="#[a0]">&gt;&gt;</a>&nbsp;&nbsp;&nbsp;SN8200_API_HasInput
<LI><a href="#[a1]">&gt;&gt;</a>&nbsp;&nbsp;&nbsp;ProcessSN8200Input
<LI><a href="#[68]">&gt;&gt;</a>&nbsp;&nbsp;&nbsp;__2printf
</UL>
<BR>[Called By]<UL><LI><a href="#[75]">&gt;&gt;</a>&nbsp;&nbsp;&nbsp;ProcessUserInput
</UL>

<P><STRONG><a name="[7c]"></a>SnicGetDhcp</STRONG> (Thumb, 130 bytes, Stack size 16 bytes, sn8200_api.o(.text))
<BR><BR>[Stack]<UL><LI>Max Depth = 2328<LI>Call Chain = SnicGetDhcp &rArr; ProcessSN8200Input &rArr; rx_thread_proc &rArr; process_rx_frame &rArr; sci_ser_cmd_proc &rArr; handleRxSNIC &rArr; sendFromSock &rArr;  ProcessSN8200Input (Cycle)
</UL>
<BR>[Calls]<UL><LI><a href="#[ae]">&gt;&gt;</a>&nbsp;&nbsp;&nbsp;serial_transmit
<LI><a href="#[70]">&gt;&gt;</a>&nbsp;&nbsp;&nbsp;mdelay
<LI><a href="#[a0]">&gt;&gt;</a>&nbsp;&nbsp;&nbsp;SN8200_API_HasInput
<LI><a href="#[a1]">&gt;&gt;</a>&nbsp;&nbsp;&nbsp;ProcessSN8200Input
<LI><a href="#[68]">&gt;&gt;</a>&nbsp;&nbsp;&nbsp;__2printf
<LI><a href="#[83]">&gt;&gt;</a>&nbsp;&nbsp;&nbsp;atoi
<LI><a href="#[6a]">&gt;&gt;</a>&nbsp;&nbsp;&nbsp;__0scanf
</UL>
<BR>[Called By]<UL><LI><a href="#[75]">&gt;&gt;</a>&nbsp;&nbsp;&nbsp;ProcessUserInput
</UL>

<P><STRONG><a name="[7d]"></a>tcpCreateSocket</STRONG> (Thumb, 134 bytes, Stack size 48 bytes, sn8200_api.o(.text))
<BR><BR>[Stack]<UL><LI>Max Depth = 2360<LI>Call Chain = tcpCreateSocket &rArr; ProcessSN8200Input &rArr; rx_thread_proc &rArr; process_rx_frame &rArr; sci_ser_cmd_proc &rArr; handleRxSNIC &rArr; sendFromSock &rArr;  ProcessSN8200Input (Cycle)
</UL>
<BR>[Calls]<UL><LI><a href="#[ae]">&gt;&gt;</a>&nbsp;&nbsp;&nbsp;serial_transmit
<LI><a href="#[70]">&gt;&gt;</a>&nbsp;&nbsp;&nbsp;mdelay
<LI><a href="#[a0]">&gt;&gt;</a>&nbsp;&nbsp;&nbsp;SN8200_API_HasInput
<LI><a href="#[a1]">&gt;&gt;</a>&nbsp;&nbsp;&nbsp;ProcessSN8200Input
<LI><a href="#[68]">&gt;&gt;</a>&nbsp;&nbsp;&nbsp;__2printf
</UL>
<BR>[Called By]<UL><LI><a href="#[75]">&gt;&gt;</a>&nbsp;&nbsp;&nbsp;ProcessUserInput
</UL>

<P><STRONG><a name="[8a]"></a>closeSocket</STRONG> (Thumb, 50 bytes, Stack size 16 bytes, sn8200_api.o(.text))
<BR><BR>[Stack]<UL><LI>Max Depth = 128<LI>Call Chain = closeSocket &rArr; serial_transmit &rArr; no_ESC_transmit &rArr; escape_payload_and_transmit_no_ESC &rArr; dummy_tx &rArr; SN8200_HAL_SendData
</UL>
<BR>[Calls]<UL><LI><a href="#[ae]">&gt;&gt;</a>&nbsp;&nbsp;&nbsp;serial_transmit
<LI><a href="#[68]">&gt;&gt;</a>&nbsp;&nbsp;&nbsp;__2printf
</UL>
<BR>[Called By]<UL><LI><a href="#[b3]">&gt;&gt;</a>&nbsp;&nbsp;&nbsp;handleRxSNIC
<LI><a href="#[75]">&gt;&gt;</a>&nbsp;&nbsp;&nbsp;ProcessUserInput
</UL>

<P><STRONG><a name="[7f]"></a>tcpConnectToServer</STRONG> (Thumb, 150 bytes, Stack size 48 bytes, sn8200_api.o(.text))
<BR><BR>[Stack]<UL><LI>Max Depth = 2360<LI>Call Chain = tcpConnectToServer &rArr; ProcessSN8200Input &rArr; rx_thread_proc &rArr; process_rx_frame &rArr; sci_ser_cmd_proc &rArr; handleRxSNIC &rArr; sendFromSock &rArr;  ProcessSN8200Input (Cycle)
</UL>
<BR>[Calls]<UL><LI><a href="#[ae]">&gt;&gt;</a>&nbsp;&nbsp;&nbsp;serial_transmit
<LI><a href="#[70]">&gt;&gt;</a>&nbsp;&nbsp;&nbsp;mdelay
<LI><a href="#[a0]">&gt;&gt;</a>&nbsp;&nbsp;&nbsp;SN8200_API_HasInput
<LI><a href="#[a1]">&gt;&gt;</a>&nbsp;&nbsp;&nbsp;ProcessSN8200Input
<LI><a href="#[68]">&gt;&gt;</a>&nbsp;&nbsp;&nbsp;__2printf
</UL>
<BR>[Called By]<UL><LI><a href="#[75]">&gt;&gt;</a>&nbsp;&nbsp;&nbsp;ProcessUserInput
</UL>

<P><STRONG><a name="[81]"></a>tcpCreateConnection</STRONG> (Thumb, 100 bytes, Stack size 40 bytes, sn8200_api.o(.text))
<BR><BR>[Stack]<UL><LI>Max Depth = 152<LI>Call Chain = tcpCreateConnection &rArr; serial_transmit &rArr; no_ESC_transmit &rArr; escape_payload_and_transmit_no_ESC &rArr; dummy_tx &rArr; SN8200_HAL_SendData
</UL>
<BR>[Calls]<UL><LI><a href="#[ae]">&gt;&gt;</a>&nbsp;&nbsp;&nbsp;serial_transmit
<LI><a href="#[68]">&gt;&gt;</a>&nbsp;&nbsp;&nbsp;__2printf
</UL>
<BR>[Called By]<UL><LI><a href="#[75]">&gt;&gt;</a>&nbsp;&nbsp;&nbsp;ProcessUserInput
</UL>

<P><STRONG><a name="[84]"></a>sendFromSock</STRONG> (Thumb, 458 bytes, Stack size 2088 bytes, sn8200_api.o(.text))
<BR><BR>[Stack]<UL><LI>Max Depth = 2200 + In Cycle
<LI>Call Chain = sendFromSock &rArr;  ProcessSN8200Input (Cycle)
</UL>
<BR>[Calls]<UL><LI><a href="#[ae]">&gt;&gt;</a>&nbsp;&nbsp;&nbsp;serial_transmit
<LI><a href="#[70]">&gt;&gt;</a>&nbsp;&nbsp;&nbsp;mdelay
<LI><a href="#[a0]">&gt;&gt;</a>&nbsp;&nbsp;&nbsp;SN8200_API_HasInput
<LI><a href="#[a1]">&gt;&gt;</a>&nbsp;&nbsp;&nbsp;ProcessSN8200Input
<LI><a href="#[68]">&gt;&gt;</a>&nbsp;&nbsp;&nbsp;__2printf
<LI><a href="#[af]">&gt;&gt;</a>&nbsp;&nbsp;&nbsp;__aeabi_memcpy
</UL>
<BR>[Called By]<UL><LI><a href="#[b3]">&gt;&gt;</a>&nbsp;&nbsp;&nbsp;handleRxSNIC
<LI><a href="#[75]">&gt;&gt;</a>&nbsp;&nbsp;&nbsp;ProcessUserInput
</UL>

<P><STRONG><a name="[87]"></a>udpCreateSocket</STRONG> (Thumb, 126 bytes, Stack size 40 bytes, sn8200_api.o(.text))
<BR><BR>[Stack]<UL><LI>Max Depth = 2352<LI>Call Chain = udpCreateSocket &rArr; ProcessSN8200Input &rArr; rx_thread_proc &rArr; process_rx_frame &rArr; sci_ser_cmd_proc &rArr; handleRxSNIC &rArr; sendFromSock &rArr;  ProcessSN8200Input (Cycle)
</UL>
<BR>[Calls]<UL><LI><a href="#[ae]">&gt;&gt;</a>&nbsp;&nbsp;&nbsp;serial_transmit
<LI><a href="#[70]">&gt;&gt;</a>&nbsp;&nbsp;&nbsp;mdelay
<LI><a href="#[a0]">&gt;&gt;</a>&nbsp;&nbsp;&nbsp;SN8200_API_HasInput
<LI><a href="#[a1]">&gt;&gt;</a>&nbsp;&nbsp;&nbsp;ProcessSN8200Input
<LI><a href="#[68]">&gt;&gt;</a>&nbsp;&nbsp;&nbsp;__2printf
</UL>
<BR>[Called By]<UL><LI><a href="#[75]">&gt;&gt;</a>&nbsp;&nbsp;&nbsp;ProcessUserInput
</UL>

<P><STRONG><a name="[b0]"></a>udpSendFromSock</STRONG> (Thumb, 180 bytes, Stack size 2112 bytes, sn8200_api.o(.text))
<BR><BR>[Stack]<UL><LI>Max Depth = 4424<LI>Call Chain = udpSendFromSock &rArr; ProcessSN8200Input &rArr; rx_thread_proc &rArr; process_rx_frame &rArr; sci_ser_cmd_proc &rArr; handleRxSNIC &rArr; sendFromSock &rArr;  ProcessSN8200Input (Cycle)
</UL>
<BR>[Calls]<UL><LI><a href="#[ae]">&gt;&gt;</a>&nbsp;&nbsp;&nbsp;serial_transmit
<LI><a href="#[70]">&gt;&gt;</a>&nbsp;&nbsp;&nbsp;mdelay
<LI><a href="#[a0]">&gt;&gt;</a>&nbsp;&nbsp;&nbsp;SN8200_API_HasInput
<LI><a href="#[a1]">&gt;&gt;</a>&nbsp;&nbsp;&nbsp;ProcessSN8200Input
<LI><a href="#[68]">&gt;&gt;</a>&nbsp;&nbsp;&nbsp;__2printf
<LI><a href="#[af]">&gt;&gt;</a>&nbsp;&nbsp;&nbsp;__aeabi_memcpy
</UL>
<BR>[Called By]<UL><LI><a href="#[89]">&gt;&gt;</a>&nbsp;&nbsp;&nbsp;SendSNIC
</UL>

<P><STRONG><a name="[8b]"></a>udpStartRecv</STRONG> (Thumb, 72 bytes, Stack size 32 bytes, sn8200_api.o(.text))
<BR><BR>[Stack]<UL><LI>Max Depth = 144<LI>Call Chain = udpStartRecv &rArr; serial_transmit &rArr; no_ESC_transmit &rArr; escape_payload_and_transmit_no_ESC &rArr; dummy_tx &rArr; SN8200_HAL_SendData
</UL>
<BR>[Calls]<UL><LI><a href="#[ae]">&gt;&gt;</a>&nbsp;&nbsp;&nbsp;serial_transmit
<LI><a href="#[68]">&gt;&gt;</a>&nbsp;&nbsp;&nbsp;__2printf
</UL>
<BR>[Called By]<UL><LI><a href="#[75]">&gt;&gt;</a>&nbsp;&nbsp;&nbsp;ProcessUserInput
</UL>

<P><STRONG><a name="[b1]"></a>handleRxWiFi</STRONG> (Thumb, 524 bytes, Stack size 64 bytes, sn8200_api.o(.text))
<BR><BR>[Stack]<UL><LI>Max Depth = 88<LI>Call Chain = handleRxWiFi &rArr; __2sprintf
</UL>
<BR>[Calls]<UL><LI><a href="#[b2]">&gt;&gt;</a>&nbsp;&nbsp;&nbsp;__2sprintf
<LI><a href="#[68]">&gt;&gt;</a>&nbsp;&nbsp;&nbsp;__2printf
<LI><a href="#[6c]">&gt;&gt;</a>&nbsp;&nbsp;&nbsp;strcpy
<LI><a href="#[6b]">&gt;&gt;</a>&nbsp;&nbsp;&nbsp;strlen
<LI><a href="#[74]">&gt;&gt;</a>&nbsp;&nbsp;&nbsp;__aeabi_memclr4
</UL>
<BR>[Called By]<UL><LI><a href="#[bb]">&gt;&gt;</a>&nbsp;&nbsp;&nbsp;sci_ser_cmd_proc
</UL>

<P><STRONG><a name="[b3]"></a>handleRxSNIC</STRONG> (Thumb, 1326 bytes, Stack size 64 bytes, sn8200_api.o(.text))
<BR><BR>[Stack]<UL><LI>Max Depth = 2264<LI>Call Chain = handleRxSNIC &rArr; sendFromSock &rArr;  ProcessSN8200Input (Cycle)
</UL>
<BR>[Calls]<UL><LI><a href="#[84]">&gt;&gt;</a>&nbsp;&nbsp;&nbsp;sendFromSock
<LI><a href="#[70]">&gt;&gt;</a>&nbsp;&nbsp;&nbsp;mdelay
<LI><a href="#[8a]">&gt;&gt;</a>&nbsp;&nbsp;&nbsp;closeSocket
<LI><a href="#[b2]">&gt;&gt;</a>&nbsp;&nbsp;&nbsp;__2sprintf
<LI><a href="#[68]">&gt;&gt;</a>&nbsp;&nbsp;&nbsp;__2printf
<LI><a href="#[b4]">&gt;&gt;</a>&nbsp;&nbsp;&nbsp;strncmp
<LI><a href="#[6c]">&gt;&gt;</a>&nbsp;&nbsp;&nbsp;strcpy
<LI><a href="#[6b]">&gt;&gt;</a>&nbsp;&nbsp;&nbsp;strlen
<LI><a href="#[b5]">&gt;&gt;</a>&nbsp;&nbsp;&nbsp;strstr
</UL>
<BR>[Called By]<UL><LI><a href="#[bb]">&gt;&gt;</a>&nbsp;&nbsp;&nbsp;sci_ser_cmd_proc
</UL>

<P><STRONG><a name="[89]"></a>SendSNIC</STRONG> (Thumb, 710 bytes, Stack size 32 bytes, sn8200_api.o(.text))
<BR><BR>[Stack]<UL><LI>Max Depth = 4456<LI>Call Chain = SendSNIC &rArr; udpSendFromSock &rArr; ProcessSN8200Input &rArr; rx_thread_proc &rArr; process_rx_frame &rArr; sci_ser_cmd_proc &rArr; handleRxSNIC &rArr; sendFromSock &rArr;  ProcessSN8200Input (Cycle)
</UL>
<BR>[Calls]<UL><LI><a href="#[b0]">&gt;&gt;</a>&nbsp;&nbsp;&nbsp;udpSendFromSock
</UL>
<BR>[Called By]<UL><LI><a href="#[75]">&gt;&gt;</a>&nbsp;&nbsp;&nbsp;ProcessUserInput
</UL>

<P><STRONG><a name="[6d]"></a>fillNSendHttpReq</STRONG> (Thumb, 214 bytes, Stack size 1064 bytes, sn8200_api.o(.text))
<BR><BR>[Stack]<UL><LI>Max Depth = 1176<LI>Call Chain = fillNSendHttpReq &rArr; serial_transmit &rArr; no_ESC_transmit &rArr; escape_payload_and_transmit_no_ESC &rArr; dummy_tx &rArr; SN8200_HAL_SendData
</UL>
<BR>[Calls]<UL><LI><a href="#[ae]">&gt;&gt;</a>&nbsp;&nbsp;&nbsp;serial_transmit
<LI><a href="#[b2]">&gt;&gt;</a>&nbsp;&nbsp;&nbsp;__2sprintf
<LI><a href="#[74]">&gt;&gt;</a>&nbsp;&nbsp;&nbsp;__aeabi_memclr4
<LI><a href="#[af]">&gt;&gt;</a>&nbsp;&nbsp;&nbsp;__aeabi_memcpy
</UL>
<BR>[Called By]<UL><LI><a href="#[73]">&gt;&gt;</a>&nbsp;&nbsp;&nbsp;sendHttpPostDemo
<LI><a href="#[72]">&gt;&gt;</a>&nbsp;&nbsp;&nbsp;sendHttpJsonPostDemo
<LI><a href="#[6e]">&gt;&gt;</a>&nbsp;&nbsp;&nbsp;sendHttpChunkReqTest
<LI><a href="#[69]">&gt;&gt;</a>&nbsp;&nbsp;&nbsp;sendHttpReqTest
</UL>

<P><STRONG><a name="[71]"></a>fillNSendHttpMoreReq</STRONG> (Thumb, 96 bytes, Stack size 1048 bytes, sn8200_api.o(.text))
<BR><BR>[Stack]<UL><LI>Max Depth = 1160<LI>Call Chain = fillNSendHttpMoreReq &rArr; serial_transmit &rArr; no_ESC_transmit &rArr; escape_payload_and_transmit_no_ESC &rArr; dummy_tx &rArr; SN8200_HAL_SendData
</UL>
<BR>[Calls]<UL><LI><a href="#[ae]">&gt;&gt;</a>&nbsp;&nbsp;&nbsp;serial_transmit
<LI><a href="#[af]">&gt;&gt;</a>&nbsp;&nbsp;&nbsp;__aeabi_memcpy
</UL>
<BR>[Called By]<UL><LI><a href="#[6e]">&gt;&gt;</a>&nbsp;&nbsp;&nbsp;sendHttpChunkReqTest
</UL>

<P><STRONG><a name="[b6]"></a>dummy_tx</STRONG> (Thumb, 64 bytes, Stack size 8 bytes, sn8200_core.o(.text))
<BR><BR>[Stack]<UL><LI>Max Depth = 24<LI>Call Chain = dummy_tx &rArr; SN8200_HAL_SendData
</UL>
<BR>[Calls]<UL><LI><a href="#[b7]">&gt;&gt;</a>&nbsp;&nbsp;&nbsp;SN8200_HAL_SendData
<LI><a href="#[b8]">&gt;&gt;</a>&nbsp;&nbsp;&nbsp;__aeabi_memclr
</UL>
<BR>[Called By]<UL><LI><a href="#[ba]">&gt;&gt;</a>&nbsp;&nbsp;&nbsp;no_ESC_transmit
<LI><a href="#[b9]">&gt;&gt;</a>&nbsp;&nbsp;&nbsp;escape_payload_and_transmit_no_ESC
</UL>

<P><STRONG><a name="[c1]"></a>rx_process_char_no_ESC</STRONG> (Thumb, 652 bytes, Stack size 16 bytes, sn8200_core.o(.text))
<BR><BR>[Stack]<UL><LI>Max Depth = 16<LI>Call Chain = rx_process_char_no_ESC
</UL>
<BR>[Called By]<UL><LI><a href="#[ad]">&gt;&gt;</a>&nbsp;&nbsp;&nbsp;rx_thread_proc
</UL>

<P><STRONG><a name="[bb]"></a>sci_ser_cmd_proc</STRONG> (Thumb, 80 bytes, Stack size 16 bytes, sn8200_core.o(.text))
<BR><BR>[Stack]<UL><LI>Max Depth = 2280<LI>Call Chain = sci_ser_cmd_proc &rArr; handleRxSNIC &rArr; sendFromSock &rArr;  ProcessSN8200Input (Cycle)
</UL>
<BR>[Calls]<UL><LI><a href="#[b3]">&gt;&gt;</a>&nbsp;&nbsp;&nbsp;handleRxSNIC
<LI><a href="#[b1]">&gt;&gt;</a>&nbsp;&nbsp;&nbsp;handleRxWiFi
</UL>
<BR>[Called By]<UL><LI><a href="#[bc]">&gt;&gt;</a>&nbsp;&nbsp;&nbsp;process_rx_frame
</UL>

<P><STRONG><a name="[c2]"></a>SN8200_RxFrameEmpty</STRONG> (Thumb, 20 bytes, Stack size 0 bytes, sn8200_core.o(.text))
<BR><BR>[Called By]<UL><LI><a href="#[ad]">&gt;&gt;</a>&nbsp;&nbsp;&nbsp;rx_thread_proc
</UL>

<P><STRONG><a name="[bc]"></a>process_rx_frame</STRONG> (Thumb, 100 bytes, Stack size 16 bytes, sn8200_core.o(.text))
<BR><BR>[Stack]<UL><LI>Max Depth = 2296<LI>Call Chain = process_rx_frame &rArr; sci_ser_cmd_proc &rArr; handleRxSNIC &rArr; sendFromSock &rArr;  ProcessSN8200Input (Cycle)
</UL>
<BR>[Calls]<UL><LI><a href="#[bb]">&gt;&gt;</a>&nbsp;&nbsp;&nbsp;sci_ser_cmd_proc
</UL>
<BR>[Called By]<UL><LI><a href="#[ad]">&gt;&gt;</a>&nbsp;&nbsp;&nbsp;rx_thread_proc
</UL>

<P><STRONG><a name="[ab]"></a>SN8200_Init</STRONG> (Thumb, 12 bytes, Stack size 8 bytes, sn8200_core.o(.text))
<BR><BR>[Stack]<UL><LI>Max Depth = 116<LI>Call Chain = SN8200_Init &rArr; SN8200_HAL_Init &rArr; USART_Init &rArr; RCC_GetClocksFreq
</UL>
<BR>[Calls]<UL><LI><a href="#[bd]">&gt;&gt;</a>&nbsp;&nbsp;&nbsp;SN8200_HAL_Init
</UL>
<BR>[Called By]<UL><LI><a href="#[9f]">&gt;&gt;</a>&nbsp;&nbsp;&nbsp;SN8200_API_Init
</UL>

<P><STRONG><a name="[ac]"></a>SN8200_HasInput</STRONG> (Thumb, 12 bytes, Stack size 8 bytes, sn8200_core.o(.text))
<BR><BR>[Stack]<UL><LI>Max Depth = 8<LI>Call Chain = SN8200_HasInput
</UL>
<BR>[Calls]<UL><LI><a href="#[be]">&gt;&gt;</a>&nbsp;&nbsp;&nbsp;SN8200_HAL_RxBufferEmpty
</UL>
<BR>[Called By]<UL><LI><a href="#[a0]">&gt;&gt;</a>&nbsp;&nbsp;&nbsp;SN8200_API_HasInput
</UL>

<P><STRONG><a name="[ae]"></a>serial_transmit</STRONG> (Thumb, 50 bytes, Stack size 32 bytes, sn8200_core.o(.text))
<BR><BR>[Stack]<UL><LI>Max Depth = 112<LI>Call Chain = serial_transmit &rArr; no_ESC_transmit &rArr; escape_payload_and_transmit_no_ESC &rArr; dummy_tx &rArr; SN8200_HAL_SendData
</UL>
<BR>[Calls]<UL><LI><a href="#[ba]">&gt;&gt;</a>&nbsp;&nbsp;&nbsp;no_ESC_transmit
<LI><a href="#[bf]">&gt;&gt;</a>&nbsp;&nbsp;&nbsp;calc_escaped_payload_len_no_ESC
</UL>
<BR>[Called By]<UL><LI><a href="#[b0]">&gt;&gt;</a>&nbsp;&nbsp;&nbsp;udpSendFromSock
<LI><a href="#[8b]">&gt;&gt;</a>&nbsp;&nbsp;&nbsp;udpStartRecv
<LI><a href="#[87]">&gt;&gt;</a>&nbsp;&nbsp;&nbsp;udpCreateSocket
<LI><a href="#[7d]">&gt;&gt;</a>&nbsp;&nbsp;&nbsp;tcpCreateSocket
<LI><a href="#[81]">&gt;&gt;</a>&nbsp;&nbsp;&nbsp;tcpCreateConnection
<LI><a href="#[7f]">&gt;&gt;</a>&nbsp;&nbsp;&nbsp;tcpConnectToServer
<LI><a href="#[84]">&gt;&gt;</a>&nbsp;&nbsp;&nbsp;sendFromSock
<LI><a href="#[6d]">&gt;&gt;</a>&nbsp;&nbsp;&nbsp;fillNSendHttpReq
<LI><a href="#[71]">&gt;&gt;</a>&nbsp;&nbsp;&nbsp;fillNSendHttpMoreReq
<LI><a href="#[8a]">&gt;&gt;</a>&nbsp;&nbsp;&nbsp;closeSocket
<LI><a href="#[77]">&gt;&gt;</a>&nbsp;&nbsp;&nbsp;WifiScan
<LI><a href="#[8d]">&gt;&gt;</a>&nbsp;&nbsp;&nbsp;WifiOn
<LI><a href="#[8c]">&gt;&gt;</a>&nbsp;&nbsp;&nbsp;WifiOff
<LI><a href="#[79]">&gt;&gt;</a>&nbsp;&nbsp;&nbsp;WifiJoin
<LI><a href="#[78]">&gt;&gt;</a>&nbsp;&nbsp;&nbsp;WifiDisconn
<LI><a href="#[7a]">&gt;&gt;</a>&nbsp;&nbsp;&nbsp;SnicInit
<LI><a href="#[7b]">&gt;&gt;</a>&nbsp;&nbsp;&nbsp;SnicIPConfig
<LI><a href="#[7c]">&gt;&gt;</a>&nbsp;&nbsp;&nbsp;SnicGetDhcp
<LI><a href="#[85]">&gt;&gt;</a>&nbsp;&nbsp;&nbsp;SnicCleanup
<LI><a href="#[76]">&gt;&gt;</a>&nbsp;&nbsp;&nbsp;GetStatus
<LI><a href="#[86]">&gt;&gt;</a>&nbsp;&nbsp;&nbsp;ApOnOff
</UL>

<P><STRONG><a name="[ad]"></a>rx_thread_proc</STRONG> (Thumb, 100 bytes, Stack size 8 bytes, sn8200_core.o(.text))
<BR><BR>[Stack]<UL><LI>Max Depth = 2304<LI>Call Chain = rx_thread_proc &rArr; process_rx_frame &rArr; sci_ser_cmd_proc &rArr; handleRxSNIC &rArr; sendFromSock &rArr;  ProcessSN8200Input (Cycle)
</UL>
<BR>[Calls]<UL><LI><a href="#[be]">&gt;&gt;</a>&nbsp;&nbsp;&nbsp;SN8200_HAL_RxBufferEmpty
<LI><a href="#[c0]">&gt;&gt;</a>&nbsp;&nbsp;&nbsp;SN8200_HAL_ReadByte
<LI><a href="#[bc]">&gt;&gt;</a>&nbsp;&nbsp;&nbsp;process_rx_frame
<LI><a href="#[c2]">&gt;&gt;</a>&nbsp;&nbsp;&nbsp;SN8200_RxFrameEmpty
<LI><a href="#[c1]">&gt;&gt;</a>&nbsp;&nbsp;&nbsp;rx_process_char_no_ESC
</UL>
<BR>[Called By]<UL><LI><a href="#[a1]">&gt;&gt;</a>&nbsp;&nbsp;&nbsp;ProcessSN8200Input
</UL>

<P><STRONG><a name="[bd]"></a>SN8200_HAL_Init</STRONG> (Thumb, 186 bytes, Stack size 40 bytes, sn8200_hal.o(.text))
<BR><BR>[Stack]<UL><LI>Max Depth = 108<LI>Call Chain = SN8200_HAL_Init &rArr; USART_Init &rArr; RCC_GetClocksFreq
</UL>
<BR>[Calls]<UL><LI><a href="#[c3]">&gt;&gt;</a>&nbsp;&nbsp;&nbsp;RCC_APB2PeriphClockCmd
<LI><a href="#[95]">&gt;&gt;</a>&nbsp;&nbsp;&nbsp;USART_Init
<LI><a href="#[96]">&gt;&gt;</a>&nbsp;&nbsp;&nbsp;USART_ITConfig
<LI><a href="#[97]">&gt;&gt;</a>&nbsp;&nbsp;&nbsp;USART_Cmd
<LI><a href="#[8f]">&gt;&gt;</a>&nbsp;&nbsp;&nbsp;RCC_AHB1PeriphClockCmd
<LI><a href="#[93]">&gt;&gt;</a>&nbsp;&nbsp;&nbsp;NVIC_PriorityGroupConfig
<LI><a href="#[94]">&gt;&gt;</a>&nbsp;&nbsp;&nbsp;NVIC_Init
<LI><a href="#[91]">&gt;&gt;</a>&nbsp;&nbsp;&nbsp;GPIO_PinAFConfig
<LI><a href="#[92]">&gt;&gt;</a>&nbsp;&nbsp;&nbsp;GPIO_Init
</UL>
<BR>[Called By]<UL><LI><a href="#[ab]">&gt;&gt;</a>&nbsp;&nbsp;&nbsp;SN8200_Init
</UL>

<P><STRONG><a name="[b7]"></a>SN8200_HAL_SendData</STRONG> (Thumb, 40 bytes, Stack size 16 bytes, sn8200_hal.o(.text))
<BR><BR>[Stack]<UL><LI>Max Depth = 16<LI>Call Chain = SN8200_HAL_SendData
</UL>
<BR>[Calls]<UL><LI><a href="#[a4]">&gt;&gt;</a>&nbsp;&nbsp;&nbsp;USART_SendData
<LI><a href="#[a5]">&gt;&gt;</a>&nbsp;&nbsp;&nbsp;USART_GetFlagStatus
</UL>
<BR>[Called By]<UL><LI><a href="#[b6]">&gt;&gt;</a>&nbsp;&nbsp;&nbsp;dummy_tx
</UL>

<P><STRONG><a name="[be]"></a>SN8200_HAL_RxBufferEmpty</STRONG> (Thumb, 20 bytes, Stack size 0 bytes, sn8200_hal.o(.text))
<BR><BR>[Called By]<UL><LI><a href="#[ad]">&gt;&gt;</a>&nbsp;&nbsp;&nbsp;rx_thread_proc
<LI><a href="#[ac]">&gt;&gt;</a>&nbsp;&nbsp;&nbsp;SN8200_HasInput
</UL>

<P><STRONG><a name="[c0]"></a>SN8200_HAL_ReadByte</STRONG> (Thumb, 38 bytes, Stack size 0 bytes, sn8200_hal.o(.text))
<BR><BR>[Called By]<UL><LI><a href="#[ad]">&gt;&gt;</a>&nbsp;&nbsp;&nbsp;rx_thread_proc
</UL>

<P><STRONG><a name="[2f]"></a>USART1_IRQHandler</STRONG> (Thumb, 44 bytes, Stack size 8 bytes, sn8200_hal.o(.text))
<BR><BR>[Stack]<UL><LI>Max Depth = 24<LI>Call Chain = USART1_IRQHandler &rArr; USART_GetITStatus
</UL>
<BR>[Calls]<UL><LI><a href="#[a3]">&gt;&gt;</a>&nbsp;&nbsp;&nbsp;USART_ReceiveData
<LI><a href="#[a2]">&gt;&gt;</a>&nbsp;&nbsp;&nbsp;USART_GetITStatus
</UL>
<BR>[Address Reference Count : 1]<UL><LI> startup_stm32f40xx.o(RESET)
</UL>
<P><STRONG><a name="[c5]"></a>LCD_DisplayOff</STRONG> (Thumb, 2 bytes, Stack size 0 bytes, stm32f4_discovery_lcd.o(.text), UNUSED)
<BR><BR>[Called By]<UL><LI><a href="#[c4]">&gt;&gt;</a>&nbsp;&nbsp;&nbsp;LCD_DeInit
</UL>

<P><STRONG><a name="[c4]"></a>LCD_DeInit</STRONG> (Thumb, 538 bytes, Stack size 16 bytes, stm32f4_discovery_lcd.o(.text), UNUSED)
<BR><BR>[Calls]<UL><LI><a href="#[c7]">&gt;&gt;</a>&nbsp;&nbsp;&nbsp;FSMC_NORSRAMDeInit
<LI><a href="#[c6]">&gt;&gt;</a>&nbsp;&nbsp;&nbsp;FSMC_NORSRAMCmd
<LI><a href="#[c5]">&gt;&gt;</a>&nbsp;&nbsp;&nbsp;LCD_DisplayOff
<LI><a href="#[91]">&gt;&gt;</a>&nbsp;&nbsp;&nbsp;GPIO_PinAFConfig
<LI><a href="#[92]">&gt;&gt;</a>&nbsp;&nbsp;&nbsp;GPIO_Init
</UL>

<P><STRONG><a name="[c8]"></a>LCD_CtrlLinesConfig</STRONG> (Thumb, 360 bytes, Stack size 16 bytes, stm32f4_discovery_lcd.o(.text))
<BR><BR>[Stack]<UL><LI>Max Depth = 36<LI>Call Chain = LCD_CtrlLinesConfig &rArr; GPIO_PinAFConfig
</UL>
<BR>[Calls]<UL><LI><a href="#[c9]">&gt;&gt;</a>&nbsp;&nbsp;&nbsp;GPIO_SetBits
<LI><a href="#[8f]">&gt;&gt;</a>&nbsp;&nbsp;&nbsp;RCC_AHB1PeriphClockCmd
<LI><a href="#[91]">&gt;&gt;</a>&nbsp;&nbsp;&nbsp;GPIO_PinAFConfig
<LI><a href="#[92]">&gt;&gt;</a>&nbsp;&nbsp;&nbsp;GPIO_Init
</UL>
<BR>[Called By]<UL><LI><a href="#[98]">&gt;&gt;</a>&nbsp;&nbsp;&nbsp;STM32f4_Discovery_LCD_Init
</UL>

<P><STRONG><a name="[ca]"></a>LCD_FSMCConfig</STRONG> (Thumb, 94 bytes, Stack size 96 bytes, stm32f4_discovery_lcd.o(.text))
<BR><BR>[Stack]<UL><LI>Max Depth = 96<LI>Call Chain = LCD_FSMCConfig
</UL>
<BR>[Calls]<UL><LI><a href="#[cb]">&gt;&gt;</a>&nbsp;&nbsp;&nbsp;RCC_AHB3PeriphClockCmd
<LI><a href="#[cc]">&gt;&gt;</a>&nbsp;&nbsp;&nbsp;FSMC_NORSRAMInit
<LI><a href="#[c6]">&gt;&gt;</a>&nbsp;&nbsp;&nbsp;FSMC_NORSRAMCmd
</UL>
<BR>[Called By]<UL><LI><a href="#[98]">&gt;&gt;</a>&nbsp;&nbsp;&nbsp;STM32f4_Discovery_LCD_Init
</UL>

<P><STRONG><a name="[d1]"></a>LCD_SetFont</STRONG> (Thumb, 6 bytes, Stack size 0 bytes, stm32f4_discovery_lcd.o(.text))
<BR><BR>[Called By]<UL><LI><a href="#[98]">&gt;&gt;</a>&nbsp;&nbsp;&nbsp;STM32f4_Discovery_LCD_Init
</UL>

<P><STRONG><a name="[d0]"></a>LCD_WriteRAM</STRONG> (Thumb, 6 bytes, Stack size 0 bytes, stm32f4_discovery_lcd.o(.text))
<BR><BR>[Called By]<UL><LI><a href="#[dd]">&gt;&gt;</a>&nbsp;&nbsp;&nbsp;LCD_DrawMonoPict
<LI><a href="#[dc]">&gt;&gt;</a>&nbsp;&nbsp;&nbsp;LCD_DrawCircle
<LI><a href="#[d8]">&gt;&gt;</a>&nbsp;&nbsp;&nbsp;LCD_DrawLine
<LI><a href="#[d5]">&gt;&gt;</a>&nbsp;&nbsp;&nbsp;LCD_DrawChar
<LI><a href="#[98]">&gt;&gt;</a>&nbsp;&nbsp;&nbsp;STM32f4_Discovery_LCD_Init
</UL>

<P><STRONG><a name="[cf]"></a>LCD_WriteReg</STRONG> (Thumb, 12 bytes, Stack size 0 bytes, stm32f4_discovery_lcd.o(.text))
<BR><BR>[Called By]<UL><LI><a href="#[da]">&gt;&gt;</a>&nbsp;&nbsp;&nbsp;LCD_SetDisplayWindow
<LI><a href="#[d2]">&gt;&gt;</a>&nbsp;&nbsp;&nbsp;LCD_SetCursor
<LI><a href="#[98]">&gt;&gt;</a>&nbsp;&nbsp;&nbsp;STM32f4_Discovery_LCD_Init
</UL>

<P><STRONG><a name="[98]"></a>STM32f4_Discovery_LCD_Init</STRONG> (Thumb, 344 bytes, Stack size 8 bytes, stm32f4_discovery_lcd.o(.text))
<BR><BR>[Stack]<UL><LI>Max Depth = 104<LI>Call Chain = STM32f4_Discovery_LCD_Init &rArr; LCD_FSMCConfig
</UL>
<BR>[Calls]<UL><LI><a href="#[c9]">&gt;&gt;</a>&nbsp;&nbsp;&nbsp;GPIO_SetBits
<LI><a href="#[ce]">&gt;&gt;</a>&nbsp;&nbsp;&nbsp;GPIO_ResetBits
<LI><a href="#[cf]">&gt;&gt;</a>&nbsp;&nbsp;&nbsp;LCD_WriteReg
<LI><a href="#[d0]">&gt;&gt;</a>&nbsp;&nbsp;&nbsp;LCD_WriteRAM
<LI><a href="#[d1]">&gt;&gt;</a>&nbsp;&nbsp;&nbsp;LCD_SetFont
<LI><a href="#[ca]">&gt;&gt;</a>&nbsp;&nbsp;&nbsp;LCD_FSMCConfig
<LI><a href="#[c8]">&gt;&gt;</a>&nbsp;&nbsp;&nbsp;LCD_CtrlLinesConfig
<LI><a href="#[cd]">&gt;&gt;</a>&nbsp;&nbsp;&nbsp;delay
</UL>
<BR>[Called By]<UL><LI><a href="#[5c]">&gt;&gt;</a>&nbsp;&nbsp;&nbsp;main
</UL>

<P><STRONG><a name="[d2]"></a>LCD_SetCursor</STRONG> (Thumb, 24 bytes, Stack size 8 bytes, stm32f4_discovery_lcd.o(.text))
<BR><BR>[Stack]<UL><LI>Max Depth = 8<LI>Call Chain = LCD_SetCursor
</UL>
<BR>[Calls]<UL><LI><a href="#[cf]">&gt;&gt;</a>&nbsp;&nbsp;&nbsp;LCD_WriteReg
</UL>
<BR>[Called By]<UL><LI><a href="#[dd]">&gt;&gt;</a>&nbsp;&nbsp;&nbsp;LCD_DrawMonoPict
<LI><a href="#[dc]">&gt;&gt;</a>&nbsp;&nbsp;&nbsp;LCD_DrawCircle
<LI><a href="#[da]">&gt;&gt;</a>&nbsp;&nbsp;&nbsp;LCD_SetDisplayWindow
<LI><a href="#[d8]">&gt;&gt;</a>&nbsp;&nbsp;&nbsp;LCD_DrawLine
<LI><a href="#[d5]">&gt;&gt;</a>&nbsp;&nbsp;&nbsp;LCD_DrawChar
<LI><a href="#[d3]">&gt;&gt;</a>&nbsp;&nbsp;&nbsp;LCD_RGB_Test
<LI><a href="#[99]">&gt;&gt;</a>&nbsp;&nbsp;&nbsp;LCD_Clear
</UL>

<P><STRONG><a name="[10d]"></a>LCD_ReadReg</STRONG> (Thumb, 14 bytes, Stack size 0 bytes, stm32f4_discovery_lcd.o(.text), UNUSED)

<P><STRONG><a name="[d4]"></a>LCD_WriteRAM_Prepare</STRONG> (Thumb, 10 bytes, Stack size 0 bytes, stm32f4_discovery_lcd.o(.text))
<BR><BR>[Called By]<UL><LI><a href="#[dd]">&gt;&gt;</a>&nbsp;&nbsp;&nbsp;LCD_DrawMonoPict
<LI><a href="#[dc]">&gt;&gt;</a>&nbsp;&nbsp;&nbsp;LCD_DrawCircle
<LI><a href="#[d8]">&gt;&gt;</a>&nbsp;&nbsp;&nbsp;LCD_DrawLine
<LI><a href="#[d5]">&gt;&gt;</a>&nbsp;&nbsp;&nbsp;LCD_DrawChar
<LI><a href="#[d3]">&gt;&gt;</a>&nbsp;&nbsp;&nbsp;LCD_RGB_Test
<LI><a href="#[99]">&gt;&gt;</a>&nbsp;&nbsp;&nbsp;LCD_Clear
</UL>

<P><STRONG><a name="[10e]"></a>LCD_ReadRAM</STRONG> (Thumb, 6 bytes, Stack size 0 bytes, stm32f4_discovery_lcd.o(.text), UNUSED)

<P><STRONG><a name="[d3]"></a>LCD_RGB_Test</STRONG> (Thumb, 70 bytes, Stack size 8 bytes, stm32f4_discovery_lcd.o(.text), UNUSED)
<BR><BR>[Calls]<UL><LI><a href="#[d4]">&gt;&gt;</a>&nbsp;&nbsp;&nbsp;LCD_WriteRAM_Prepare
<LI><a href="#[d2]">&gt;&gt;</a>&nbsp;&nbsp;&nbsp;LCD_SetCursor
</UL>

<P><STRONG><a name="[10f]"></a>LCD_SetColors</STRONG> (Thumb, 10 bytes, Stack size 0 bytes, stm32f4_discovery_lcd.o(.text), UNUSED)

<P><STRONG><a name="[110]"></a>LCD_GetColors</STRONG> (Thumb, 14 bytes, Stack size 0 bytes, stm32f4_discovery_lcd.o(.text), UNUSED)

<P><STRONG><a name="[9b]"></a>LCD_SetTextColor</STRONG> (Thumb, 6 bytes, Stack size 0 bytes, stm32f4_discovery_lcd.o(.text))
<BR><BR>[Called By]<UL><LI><a href="#[e6]">&gt;&gt;</a>&nbsp;&nbsp;&nbsp;LCD_FillPolyLine
<LI><a href="#[df]">&gt;&gt;</a>&nbsp;&nbsp;&nbsp;LCD_DrawFullCircle
<LI><a href="#[de]">&gt;&gt;</a>&nbsp;&nbsp;&nbsp;LCD_DrawFullRect
<LI><a href="#[5c]">&gt;&gt;</a>&nbsp;&nbsp;&nbsp;main
</UL>

<P><STRONG><a name="[9a]"></a>LCD_SetBackColor</STRONG> (Thumb, 6 bytes, Stack size 0 bytes, stm32f4_discovery_lcd.o(.text))
<BR><BR>[Called By]<UL><LI><a href="#[5c]">&gt;&gt;</a>&nbsp;&nbsp;&nbsp;main
</UL>

<P><STRONG><a name="[111]"></a>LCD_DisplayOn</STRONG> (Thumb, 2 bytes, Stack size 0 bytes, stm32f4_discovery_lcd.o(.text), UNUSED)

<P><STRONG><a name="[9c]"></a>LCD_GetFont</STRONG> (Thumb, 6 bytes, Stack size 0 bytes, stm32f4_discovery_lcd.o(.text))
<BR><BR>[Called By]<UL><LI><a href="#[5c]">&gt;&gt;</a>&nbsp;&nbsp;&nbsp;main
</UL>

<P><STRONG><a name="[d5]"></a>LCD_DrawChar</STRONG> (Thumb, 160 bytes, Stack size 28 bytes, stm32f4_discovery_lcd.o(.text))
<BR><BR>[Stack]<UL><LI>Max Depth = 36<LI>Call Chain = LCD_DrawChar &rArr; LCD_SetCursor
</UL>
<BR>[Calls]<UL><LI><a href="#[d4]">&gt;&gt;</a>&nbsp;&nbsp;&nbsp;LCD_WriteRAM_Prepare
<LI><a href="#[d2]">&gt;&gt;</a>&nbsp;&nbsp;&nbsp;LCD_SetCursor
<LI><a href="#[d0]">&gt;&gt;</a>&nbsp;&nbsp;&nbsp;LCD_WriteRAM
</UL>
<BR>[Called By]<UL><LI><a href="#[d6]">&gt;&gt;</a>&nbsp;&nbsp;&nbsp;LCD_DisplayChar
</UL>

<P><STRONG><a name="[d6]"></a>LCD_DisplayChar</STRONG> (Thumb, 42 bytes, Stack size 16 bytes, stm32f4_discovery_lcd.o(.text))
<BR><BR>[Stack]<UL><LI>Max Depth = 52<LI>Call Chain = LCD_DisplayChar &rArr; LCD_DrawChar &rArr; LCD_SetCursor
</UL>
<BR>[Calls]<UL><LI><a href="#[d5]">&gt;&gt;</a>&nbsp;&nbsp;&nbsp;LCD_DrawChar
</UL>
<BR>[Called By]<UL><LI><a href="#[d7]">&gt;&gt;</a>&nbsp;&nbsp;&nbsp;LCD_ClearLine
<LI><a href="#[9d]">&gt;&gt;</a>&nbsp;&nbsp;&nbsp;LCD_DisplayStringLine
</UL>

<P><STRONG><a name="[d7]"></a>LCD_ClearLine</STRONG> (Thumb, 36 bytes, Stack size 12 bytes, stm32f4_discovery_lcd.o(.text), UNUSED)
<BR><BR>[Calls]<UL><LI><a href="#[d6]">&gt;&gt;</a>&nbsp;&nbsp;&nbsp;LCD_DisplayChar
</UL>

<P><STRONG><a name="[99]"></a>LCD_Clear</STRONG> (Thumb, 36 bytes, Stack size 12 bytes, stm32f4_discovery_lcd.o(.text))
<BR><BR>[Stack]<UL><LI>Max Depth = 20<LI>Call Chain = LCD_Clear &rArr; LCD_SetCursor
</UL>
<BR>[Calls]<UL><LI><a href="#[d4]">&gt;&gt;</a>&nbsp;&nbsp;&nbsp;LCD_WriteRAM_Prepare
<LI><a href="#[d2]">&gt;&gt;</a>&nbsp;&nbsp;&nbsp;LCD_SetCursor
</UL>
<BR>[Called By]<UL><LI><a href="#[5c]">&gt;&gt;</a>&nbsp;&nbsp;&nbsp;main
</UL>

<P><STRONG><a name="[d8]"></a>LCD_DrawLine</STRONG> (Thumb, 86 bytes, Stack size 24 bytes, stm32f4_discovery_lcd.o(.text), UNUSED)
<BR><BR>[Calls]<UL><LI><a href="#[d4]">&gt;&gt;</a>&nbsp;&nbsp;&nbsp;LCD_WriteRAM_Prepare
<LI><a href="#[d2]">&gt;&gt;</a>&nbsp;&nbsp;&nbsp;LCD_SetCursor
<LI><a href="#[d0]">&gt;&gt;</a>&nbsp;&nbsp;&nbsp;LCD_WriteRAM
</UL>
<BR>[Called By]<UL><LI><a href="#[e6]">&gt;&gt;</a>&nbsp;&nbsp;&nbsp;LCD_FillPolyLine
<LI><a href="#[df]">&gt;&gt;</a>&nbsp;&nbsp;&nbsp;LCD_DrawFullCircle
<LI><a href="#[de]">&gt;&gt;</a>&nbsp;&nbsp;&nbsp;LCD_DrawFullRect
<LI><a href="#[db]">&gt;&gt;</a>&nbsp;&nbsp;&nbsp;LCD_DrawRect
<LI><a href="#[d9]">&gt;&gt;</a>&nbsp;&nbsp;&nbsp;PutPixel
</UL>

<P><STRONG><a name="[9d]"></a>LCD_DisplayStringLine</STRONG> (Thumb, 50 bytes, Stack size 16 bytes, stm32f4_discovery_lcd.o(.text))
<BR><BR>[Stack]<UL><LI>Max Depth = 68<LI>Call Chain = LCD_DisplayStringLine &rArr; LCD_DisplayChar &rArr; LCD_DrawChar &rArr; LCD_SetCursor
</UL>
<BR>[Calls]<UL><LI><a href="#[d6]">&gt;&gt;</a>&nbsp;&nbsp;&nbsp;LCD_DisplayChar
</UL>
<BR>[Called By]<UL><LI><a href="#[5c]">&gt;&gt;</a>&nbsp;&nbsp;&nbsp;main
</UL>

<P><STRONG><a name="[da]"></a>LCD_SetDisplayWindow</STRONG> (Thumb, 122 bytes, Stack size 24 bytes, stm32f4_discovery_lcd.o(.text), UNUSED)
<BR><BR>[Calls]<UL><LI><a href="#[d2]">&gt;&gt;</a>&nbsp;&nbsp;&nbsp;LCD_SetCursor
<LI><a href="#[cf]">&gt;&gt;</a>&nbsp;&nbsp;&nbsp;LCD_WriteReg
</UL>

<P><STRONG><a name="[112]"></a>LCD_WindowModeDisable</STRONG> (Thumb, 2 bytes, Stack size 0 bytes, stm32f4_discovery_lcd.o(.text), UNUSED)

<P><STRONG><a name="[db]"></a>LCD_DrawRect</STRONG> (Thumb, 66 bytes, Stack size 20 bytes, stm32f4_discovery_lcd.o(.text), UNUSED)
<BR><BR>[Calls]<UL><LI><a href="#[d8]">&gt;&gt;</a>&nbsp;&nbsp;&nbsp;LCD_DrawLine
</UL>

<P><STRONG><a name="[dc]"></a>LCD_DrawCircle</STRONG> (Thumb, 252 bytes, Stack size 28 bytes, stm32f4_discovery_lcd.o(.text), UNUSED)
<BR><BR>[Calls]<UL><LI><a href="#[d4]">&gt;&gt;</a>&nbsp;&nbsp;&nbsp;LCD_WriteRAM_Prepare
<LI><a href="#[d2]">&gt;&gt;</a>&nbsp;&nbsp;&nbsp;LCD_SetCursor
<LI><a href="#[d0]">&gt;&gt;</a>&nbsp;&nbsp;&nbsp;LCD_WriteRAM
</UL>
<BR>[Called By]<UL><LI><a href="#[df]">&gt;&gt;</a>&nbsp;&nbsp;&nbsp;LCD_DrawFullCircle
</UL>

<P><STRONG><a name="[dd]"></a>LCD_DrawMonoPict</STRONG> (Thumb, 76 bytes, Stack size 16 bytes, stm32f4_discovery_lcd.o(.text), UNUSED)
<BR><BR>[Calls]<UL><LI><a href="#[d4]">&gt;&gt;</a>&nbsp;&nbsp;&nbsp;LCD_WriteRAM_Prepare
<LI><a href="#[d2]">&gt;&gt;</a>&nbsp;&nbsp;&nbsp;LCD_SetCursor
<LI><a href="#[d0]">&gt;&gt;</a>&nbsp;&nbsp;&nbsp;LCD_WriteRAM
</UL>

<P><STRONG><a name="[113]"></a>LCD_WriteBMP</STRONG> (Thumb, 2 bytes, Stack size 0 bytes, stm32f4_discovery_lcd.o(.text), UNUSED)

<P><STRONG><a name="[de]"></a>LCD_DrawFullRect</STRONG> (Thumb, 126 bytes, Stack size 20 bytes, stm32f4_discovery_lcd.o(.text), UNUSED)
<BR><BR>[Calls]<UL><LI><a href="#[d8]">&gt;&gt;</a>&nbsp;&nbsp;&nbsp;LCD_DrawLine
<LI><a href="#[9b]">&gt;&gt;</a>&nbsp;&nbsp;&nbsp;LCD_SetTextColor
</UL>

<P><STRONG><a name="[df]"></a>LCD_DrawFullCircle</STRONG> (Thumb, 162 bytes, Stack size 28 bytes, stm32f4_discovery_lcd.o(.text), UNUSED)
<BR><BR>[Calls]<UL><LI><a href="#[dc]">&gt;&gt;</a>&nbsp;&nbsp;&nbsp;LCD_DrawCircle
<LI><a href="#[d8]">&gt;&gt;</a>&nbsp;&nbsp;&nbsp;LCD_DrawLine
<LI><a href="#[9b]">&gt;&gt;</a>&nbsp;&nbsp;&nbsp;LCD_SetTextColor
</UL>

<P><STRONG><a name="[e0]"></a>LCD_DrawUniLine</STRONG> (Thumb, 282 bytes, Stack size 72 bytes, stm32f4_discovery_lcd.o(.text), UNUSED)
<BR><BR>[Calls]<UL><LI><a href="#[d9]">&gt;&gt;</a>&nbsp;&nbsp;&nbsp;PutPixel
</UL>
<BR>[Called By]<UL><LI><a href="#[e3]">&gt;&gt;</a>&nbsp;&nbsp;&nbsp;LCD_ClosedPolyLine
<LI><a href="#[e1]">&gt;&gt;</a>&nbsp;&nbsp;&nbsp;LCD_PolyLine
<LI><a href="#[e2]">&gt;&gt;</a>&nbsp;&nbsp;&nbsp;LCD_PolyLineRelativeClosed
</UL>

<P><STRONG><a name="[e1]"></a>LCD_PolyLine</STRONG> (Thumb, 68 bytes, Stack size 24 bytes, stm32f4_discovery_lcd.o(.text), UNUSED)
<BR><BR>[Calls]<UL><LI><a href="#[e0]">&gt;&gt;</a>&nbsp;&nbsp;&nbsp;LCD_DrawUniLine
</UL>
<BR>[Called By]<UL><LI><a href="#[e3]">&gt;&gt;</a>&nbsp;&nbsp;&nbsp;LCD_ClosedPolyLine
</UL>

<P><STRONG><a name="[e3]"></a>LCD_ClosedPolyLine</STRONG> (Thumb, 48 bytes, Stack size 16 bytes, stm32f4_discovery_lcd.o(.text), UNUSED)
<BR><BR>[Calls]<UL><LI><a href="#[e1]">&gt;&gt;</a>&nbsp;&nbsp;&nbsp;LCD_PolyLine
<LI><a href="#[e0]">&gt;&gt;</a>&nbsp;&nbsp;&nbsp;LCD_DrawUniLine
</UL>

<P><STRONG><a name="[e4]"></a>LCD_PolyLineRelative</STRONG> (Thumb, 18 bytes, Stack size 16 bytes, stm32f4_discovery_lcd.o(.text), UNUSED)
<BR><BR>[Calls]<UL><LI><a href="#[e2]">&gt;&gt;</a>&nbsp;&nbsp;&nbsp;LCD_PolyLineRelativeClosed
</UL>

<P><STRONG><a name="[e5]"></a>LCD_ClosedPolyLineRelative</STRONG> (Thumb, 18 bytes, Stack size 16 bytes, stm32f4_discovery_lcd.o(.text), UNUSED)
<BR><BR>[Calls]<UL><LI><a href="#[e2]">&gt;&gt;</a>&nbsp;&nbsp;&nbsp;LCD_PolyLineRelativeClosed
</UL>

<P><STRONG><a name="[e6]"></a>LCD_FillPolyLine</STRONG> (Thumb, 670 bytes, Stack size 472 bytes, stm32f4_discovery_lcd.o(.text), UNUSED)
<BR><BR>[Calls]<UL><LI><a href="#[e7]">&gt;&gt;</a>&nbsp;&nbsp;&nbsp;__aeabi_ui2d
<LI><a href="#[e8]">&gt;&gt;</a>&nbsp;&nbsp;&nbsp;__aeabi_i2d
<LI><a href="#[ea]">&gt;&gt;</a>&nbsp;&nbsp;&nbsp;__aeabi_cdrcmple
<LI><a href="#[e9]">&gt;&gt;</a>&nbsp;&nbsp;&nbsp;__aeabi_cdcmple
<LI><a href="#[d8]">&gt;&gt;</a>&nbsp;&nbsp;&nbsp;LCD_DrawLine
<LI><a href="#[d9]">&gt;&gt;</a>&nbsp;&nbsp;&nbsp;PutPixel
<LI><a href="#[9b]">&gt;&gt;</a>&nbsp;&nbsp;&nbsp;LCD_SetTextColor
</UL>

<P><STRONG><a name="[93]"></a>NVIC_PriorityGroupConfig</STRONG> (Thumb, 10 bytes, Stack size 0 bytes, misc.o(.text))
<BR><BR>[Called By]<UL><LI><a href="#[bd]">&gt;&gt;</a>&nbsp;&nbsp;&nbsp;SN8200_HAL_Init
<LI><a href="#[8e]">&gt;&gt;</a>&nbsp;&nbsp;&nbsp;DBGU_Init
</UL>

<P><STRONG><a name="[94]"></a>NVIC_Init</STRONG> (Thumb, 108 bytes, Stack size 16 bytes, misc.o(.text))
<BR><BR>[Stack]<UL><LI>Max Depth = 16<LI>Call Chain = NVIC_Init
</UL>
<BR>[Called By]<UL><LI><a href="#[bd]">&gt;&gt;</a>&nbsp;&nbsp;&nbsp;SN8200_HAL_Init
<LI><a href="#[8e]">&gt;&gt;</a>&nbsp;&nbsp;&nbsp;DBGU_Init
</UL>

<P><STRONG><a name="[114]"></a>NVIC_SetVectorTable</STRONG> (Thumb, 14 bytes, Stack size 0 bytes, misc.o(.text), UNUSED)

<P><STRONG><a name="[115]"></a>NVIC_SystemLPConfig</STRONG> (Thumb, 34 bytes, Stack size 0 bytes, misc.o(.text), UNUSED)

<P><STRONG><a name="[116]"></a>SysTick_CLKSourceConfig</STRONG> (Thumb, 40 bytes, Stack size 0 bytes, misc.o(.text), UNUSED)

<P><STRONG><a name="[c7]"></a>FSMC_NORSRAMDeInit</STRONG> (Thumb, 56 bytes, Stack size 0 bytes, stm32f4xx_fsmc.o(.text), UNUSED)
<BR><BR>[Called By]<UL><LI><a href="#[c4]">&gt;&gt;</a>&nbsp;&nbsp;&nbsp;LCD_DeInit
</UL>

<P><STRONG><a name="[cc]"></a>FSMC_NORSRAMInit</STRONG> (Thumb, 224 bytes, Stack size 0 bytes, stm32f4xx_fsmc.o(.text))
<BR><BR>[Called By]<UL><LI><a href="#[ca]">&gt;&gt;</a>&nbsp;&nbsp;&nbsp;LCD_FSMCConfig
</UL>

<P><STRONG><a name="[117]"></a>FSMC_NORSRAMStructInit</STRONG> (Thumb, 114 bytes, Stack size 0 bytes, stm32f4xx_fsmc.o(.text), UNUSED)

<P><STRONG><a name="[c6]"></a>FSMC_NORSRAMCmd</STRONG> (Thumb, 46 bytes, Stack size 0 bytes, stm32f4xx_fsmc.o(.text))
<BR><BR>[Called By]<UL><LI><a href="#[ca]">&gt;&gt;</a>&nbsp;&nbsp;&nbsp;LCD_FSMCConfig
<LI><a href="#[c4]">&gt;&gt;</a>&nbsp;&nbsp;&nbsp;LCD_DeInit
</UL>

<P><STRONG><a name="[118]"></a>FSMC_NANDDeInit</STRONG> (Thumb, 62 bytes, Stack size 0 bytes, stm32f4xx_fsmc.o(.text), UNUSED)

<P><STRONG><a name="[119]"></a>FSMC_NANDInit</STRONG> (Thumb, 130 bytes, Stack size 12 bytes, stm32f4xx_fsmc.o(.text), UNUSED)

<P><STRONG><a name="[11a]"></a>FSMC_NANDStructInit</STRONG> (Thumb, 54 bytes, Stack size 0 bytes, stm32f4xx_fsmc.o(.text), UNUSED)

<P><STRONG><a name="[11b]"></a>FSMC_NANDCmd</STRONG> (Thumb, 86 bytes, Stack size 0 bytes, stm32f4xx_fsmc.o(.text), UNUSED)

<P><STRONG><a name="[11c]"></a>FSMC_NANDECCCmd</STRONG> (Thumb, 86 bytes, Stack size 0 bytes, stm32f4xx_fsmc.o(.text), UNUSED)

<P><STRONG><a name="[11d]"></a>FSMC_GetECC</STRONG> (Thumb, 22 bytes, Stack size 0 bytes, stm32f4xx_fsmc.o(.text), UNUSED)

<P><STRONG><a name="[11e]"></a>FSMC_PCCARDDeInit</STRONG> (Thumb, 40 bytes, Stack size 0 bytes, stm32f4xx_fsmc.o(.text), UNUSED)

<P><STRONG><a name="[11f]"></a>FSMC_PCCARDInit</STRONG> (Thumb, 124 bytes, Stack size 0 bytes, stm32f4xx_fsmc.o(.text), UNUSED)

<P><STRONG><a name="[120]"></a>FSMC_PCCARDStructInit</STRONG> (Thumb, 60 bytes, Stack size 0 bytes, stm32f4xx_fsmc.o(.text), UNUSED)

<P><STRONG><a name="[121]"></a>FSMC_PCCARDCmd</STRONG> (Thumb, 40 bytes, Stack size 0 bytes, stm32f4xx_fsmc.o(.text), UNUSED)

<P><STRONG><a name="[122]"></a>FSMC_ITConfig</STRONG> (Thumb, 128 bytes, Stack size 8 bytes, stm32f4xx_fsmc.o(.text), UNUSED)

<P><STRONG><a name="[123]"></a>FSMC_GetFlagStatus</STRONG> (Thumb, 48 bytes, Stack size 8 bytes, stm32f4xx_fsmc.o(.text), UNUSED)

<P><STRONG><a name="[124]"></a>FSMC_ClearFlag</STRONG> (Thumb, 62 bytes, Stack size 0 bytes, stm32f4xx_fsmc.o(.text), UNUSED)

<P><STRONG><a name="[125]"></a>FSMC_GetITStatus</STRONG> (Thumb, 110 bytes, Stack size 16 bytes, stm32f4xx_fsmc.o(.text), UNUSED)

<P><STRONG><a name="[126]"></a>FSMC_ClearITPendingBit</STRONG> (Thumb, 64 bytes, Stack size 0 bytes, stm32f4xx_fsmc.o(.text), UNUSED)

<P><STRONG><a name="[eb]"></a>GPIO_DeInit</STRONG> (Thumb, 220 bytes, Stack size 8 bytes, stm32f4xx_gpio.o(.text), UNUSED)
<BR><BR>[Calls]<UL><LI><a href="#[ec]">&gt;&gt;</a>&nbsp;&nbsp;&nbsp;RCC_AHB1PeriphResetCmd
</UL>

<P><STRONG><a name="[92]"></a>GPIO_Init</STRONG> (Thumb, 144 bytes, Stack size 20 bytes, stm32f4xx_gpio.o(.text))
<BR><BR>[Stack]<UL><LI>Max Depth = 20<LI>Call Chain = GPIO_Init
</UL>
<BR>[Called By]<UL><LI><a href="#[c8]">&gt;&gt;</a>&nbsp;&nbsp;&nbsp;LCD_CtrlLinesConfig
<LI><a href="#[c4]">&gt;&gt;</a>&nbsp;&nbsp;&nbsp;LCD_DeInit
<LI><a href="#[bd]">&gt;&gt;</a>&nbsp;&nbsp;&nbsp;SN8200_HAL_Init
<LI><a href="#[8e]">&gt;&gt;</a>&nbsp;&nbsp;&nbsp;DBGU_Init
</UL>

<P><STRONG><a name="[127]"></a>GPIO_StructInit</STRONG> (Thumb, 18 bytes, Stack size 0 bytes, stm32f4xx_gpio.o(.text), UNUSED)

<P><STRONG><a name="[128]"></a>GPIO_PinLockConfig</STRONG> (Thumb, 18 bytes, Stack size 0 bytes, stm32f4xx_gpio.o(.text), UNUSED)

<P><STRONG><a name="[129]"></a>GPIO_ReadInputDataBit</STRONG> (Thumb, 18 bytes, Stack size 0 bytes, stm32f4xx_gpio.o(.text), UNUSED)

<P><STRONG><a name="[12a]"></a>GPIO_ReadInputData</STRONG> (Thumb, 8 bytes, Stack size 0 bytes, stm32f4xx_gpio.o(.text), UNUSED)

<P><STRONG><a name="[12b]"></a>GPIO_ReadOutputDataBit</STRONG> (Thumb, 18 bytes, Stack size 0 bytes, stm32f4xx_gpio.o(.text), UNUSED)

<P><STRONG><a name="[12c]"></a>GPIO_ReadOutputData</STRONG> (Thumb, 8 bytes, Stack size 0 bytes, stm32f4xx_gpio.o(.text), UNUSED)

<P><STRONG><a name="[c9]"></a>GPIO_SetBits</STRONG> (Thumb, 4 bytes, Stack size 0 bytes, stm32f4xx_gpio.o(.text))
<BR><BR>[Called By]<UL><LI><a href="#[c8]">&gt;&gt;</a>&nbsp;&nbsp;&nbsp;LCD_CtrlLinesConfig
<LI><a href="#[98]">&gt;&gt;</a>&nbsp;&nbsp;&nbsp;STM32f4_Discovery_LCD_Init
</UL>

<P><STRONG><a name="[ce]"></a>GPIO_ResetBits</STRONG> (Thumb, 4 bytes, Stack size 0 bytes, stm32f4xx_gpio.o(.text))
<BR><BR>[Called By]<UL><LI><a href="#[98]">&gt;&gt;</a>&nbsp;&nbsp;&nbsp;STM32f4_Discovery_LCD_Init
</UL>

<P><STRONG><a name="[12d]"></a>GPIO_WriteBit</STRONG> (Thumb, 10 bytes, Stack size 0 bytes, stm32f4xx_gpio.o(.text), UNUSED)

<P><STRONG><a name="[12e]"></a>GPIO_Write</STRONG> (Thumb, 4 bytes, Stack size 0 bytes, stm32f4xx_gpio.o(.text), UNUSED)

<P><STRONG><a name="[12f]"></a>GPIO_ToggleBits</STRONG> (Thumb, 8 bytes, Stack size 0 bytes, stm32f4xx_gpio.o(.text), UNUSED)

<P><STRONG><a name="[91]"></a>GPIO_PinAFConfig</STRONG> (Thumb, 70 bytes, Stack size 20 bytes, stm32f4xx_gpio.o(.text))
<BR><BR>[Stack]<UL><LI>Max Depth = 20<LI>Call Chain = GPIO_PinAFConfig
</UL>
<BR>[Called By]<UL><LI><a href="#[c8]">&gt;&gt;</a>&nbsp;&nbsp;&nbsp;LCD_CtrlLinesConfig
<LI><a href="#[c4]">&gt;&gt;</a>&nbsp;&nbsp;&nbsp;LCD_DeInit
<LI><a href="#[bd]">&gt;&gt;</a>&nbsp;&nbsp;&nbsp;SN8200_HAL_Init
[...]

<P><STRONG><a name="[b8]"></a>__aeabi_memclr</STRONG> (Thumb, 4 bytes, Stack size 0 bytes, memseta.o(.text))
<BR><BR>[Calls]<UL><LI><a href="#[f4]">&gt;&gt;</a>&nbsp;&nbsp;&nbsp;__aeabi_memset
</UL>
<BR>[Called By]<UL><LI><a href="#[b6]">&gt;&gt;</a>&nbsp;&nbsp;&nbsp;dummy_tx
</UL>

<P><STRONG><a name="[74]"></a>__aeabi_memclr4</STRONG> (Thumb, 0 bytes, Stack size 0 bytes, memseta.o(.text))
<BR><BR>[Called By]<UL><LI><a href="#[b1]">&gt;&gt;</a>&nbsp;&nbsp;&nbsp;handleRxWiFi
<LI><a href="#[6d]">&gt;&gt;</a>&nbsp;&nbsp;&nbsp;fillNSendHttpReq
<LI><a href="#[73]">&gt;&gt;</a>&nbsp;&nbsp;&nbsp;sendHttpPostDemo
</UL>

<P><STRONG><a name="[16c]"></a>__aeabi_memclr8</STRONG> (Thumb, 0 bytes, Stack size 0 bytes, memseta.o(.text), UNUSED)

<P><STRONG><a name="[f5]"></a>_memset$wrapper</STRONG> (Thumb, 18 bytes, Stack size 8 bytes, memseta.o(.text), UNUSED)
<BR><BR>[Calls]<UL><LI><a href="#[f4]">&gt;&gt;</a>&nbsp;&nbsp;&nbsp;__aeabi_memset
</UL>

<P><STRONG><a name="[b5]"></a>strstr</STRONG> (Thumb, 44 bytes, Stack size 12 bytes, strstr.o(.text))
<BR><BR>[Stack]<UL><LI>Max Depth = 12<LI>Call Chain = strstr
</UL>
<BR>[Called By]<UL><LI><a href="#[b3]">&gt;&gt;</a>&nbsp;&nbsp;&nbsp;handleRxSNIC
</UL>

<P><STRONG><a name="[6b]"></a>strlen</STRONG> (Thumb, 16 bytes, Stack size 0 bytes, strlen.o(.text))
<BR><BR>[Called By]<UL><LI><a href="#[b3]">&gt;&gt;</a>&nbsp;&nbsp;&nbsp;handleRxSNIC
<LI><a href="#[b1]">&gt;&gt;</a>&nbsp;&nbsp;&nbsp;handleRxWiFi
<LI><a href="#[7e]">&gt;&gt;</a>&nbsp;&nbsp;&nbsp;getTCPinfo
<LI><a href="#[79]">&gt;&gt;</a>&nbsp;&nbsp;&nbsp;WifiJoin
<LI><a href="#[75]">&gt;&gt;</a>&nbsp;&nbsp;&nbsp;ProcessUserInput
<LI><a href="#[73]">&gt;&gt;</a>&nbsp;&nbsp;&nbsp;sendHttpPostDemo
<LI><a href="#[72]">&gt;&gt;</a>&nbsp;&nbsp;&nbsp;sendHttpJsonPostDemo
<LI><a href="#[6e]">&gt;&gt;</a>&nbsp;&nbsp;&nbsp;sendHttpChunkReqTest
<LI><a href="#[69]">&gt;&gt;</a>&nbsp;&nbsp;&nbsp;sendHttpReqTest
</UL>

<P><STRONG><a name="[6c]"></a>strcpy</STRONG> (Thumb, 18 bytes, Stack size 0 bytes, strcpy.o(.text))
<BR><BR>[Called By]<UL><LI><a href="#[b3]">&gt;&gt;</a>&nbsp;&nbsp;&nbsp;handleRxSNIC
<LI><a href="#[b1]">&gt;&gt;</a>&nbsp;&nbsp;&nbsp;handleRxWiFi
<LI><a href="#[7e]">&gt;&gt;</a>&nbsp;&nbsp;&nbsp;getTCPinfo
<LI><a href="#[5c]">&gt;&gt;</a>&nbsp;&nbsp;&nbsp;main
<LI><a href="#[75]">&gt;&gt;</a>&nbsp;&nbsp;&nbsp;ProcessUserInput
<LI><a href="#[73]">&gt;&gt;</a>&nbsp;&nbsp;&nbsp;sendHttpPostDemo
<LI><a href="#[72]">&gt;&gt;</a>&nbsp;&nbsp;&nbsp;sendHttpJsonPostDemo
<LI><a href="#[69]">&gt;&gt;</a>&nbsp;&nbsp;&nbsp;sendHttpReqTest
</UL>

<P><STRONG><a name="[b4]"></a>strncmp</STRONG> (Thumb, 30 bytes, Stack size 12 bytes, strncmp.o(.text))
<BR><BR>[Stack]<UL><LI>Max Depth = 12<LI>Call Chain = strncmp
</UL>
<BR>[Called By]<UL><LI><a href="#[b3]">&gt;&gt;</a>&nbsp;&nbsp;&nbsp;handleRxSNIC
</UL>

<P><STRONG><a name="[6a]"></a>__0scanf</STRONG> (Thumb, 26 bytes, Stack size 56 bytes, __0scanf.o(.text))
<BR><BR>[Stack]<UL><LI>Max Depth = 200<LI>Call Chain = __0scanf &rArr; __vfscanf_char_file &rArr; __vfscanf_char &rArr; __vfscanf &rArr; _scanf_string
</UL>
<BR>[Calls]<UL><LI><a href="#[f6]">&gt;&gt;</a>&nbsp;&nbsp;&nbsp;__vfscanf_char_file
</UL>
<BR>[Called By]<UL><LI><a href="#[aa]">&gt;&gt;</a>&nbsp;&nbsp;&nbsp;setUDPinfo
<LI><a href="#[80]">&gt;&gt;</a>&nbsp;&nbsp;&nbsp;setTCPinfo
<LI><a href="#[88]">&gt;&gt;</a>&nbsp;&nbsp;&nbsp;getUDPinfo
<LI><a href="#[7e]">&gt;&gt;</a>&nbsp;&nbsp;&nbsp;getTCPinfo
<LI><a href="#[79]">&gt;&gt;</a>&nbsp;&nbsp;&nbsp;WifiJoin
<LI><a href="#[7c]">&gt;&gt;</a>&nbsp;&nbsp;&nbsp;SnicGetDhcp
<LI><a href="#[75]">&gt;&gt;</a>&nbsp;&nbsp;&nbsp;ProcessUserInput
<LI><a href="#[73]">&gt;&gt;</a>&nbsp;&nbsp;&nbsp;sendHttpPostDemo
<LI><a href="#[72]">&gt;&gt;</a>&nbsp;&nbsp;&nbsp;sendHttpJsonPostDemo
<LI><a href="#[69]">&gt;&gt;</a>&nbsp;&nbsp;&nbsp;sendHttpReqTest
</UL>

<P><STRONG><a name="[102]"></a>_scanf_string</STRONG> (Thumb, 218 bytes, Stack size 56 bytes, _scanf_str.o(.text))
<BR><BR>[Stack]<UL><LI>Max Depth = 56<LI>Call Chain = _scanf_string
</UL>
<BR>[Called By]<UL><LI><a href="#[101]">&gt;&gt;</a>&nbsp;&nbsp;&nbsp;__vfscanf
</UL>

<P><STRONG><a name="[82]"></a>strtol</STRONG> (Thumb, 112 bytes, Stack size 32 bytes, strtol.o(.text))
<BR><BR>[Stack]<UL><LI>Max Depth = 72<LI>Call Chain = strtol &rArr; _strtoul
</UL>
<BR>[Calls]<UL><LI><a href="#[a8]">&gt;&gt;</a>&nbsp;&nbsp;&nbsp;__rt_ctype_table
<LI><a href="#[f7]">&gt;&gt;</a>&nbsp;&nbsp;&nbsp;_strtoul
<LI><a href="#[f8]">&gt;&gt;</a>&nbsp;&nbsp;&nbsp;__aeabi_errno_addr
</UL>
<BR>[Called By]<UL><LI><a href="#[aa]">&gt;&gt;</a>&nbsp;&nbsp;&nbsp;setUDPinfo
<LI><a href="#[80]">&gt;&gt;</a>&nbsp;&nbsp;&nbsp;setTCPinfo
<LI><a href="#[88]">&gt;&gt;</a>&nbsp;&nbsp;&nbsp;getUDPinfo
<LI><a href="#[7e]">&gt;&gt;</a>&nbsp;&nbsp;&nbsp;getTCPinfo
<LI><a href="#[75]">&gt;&gt;</a>&nbsp;&nbsp;&nbsp;ProcessUserInput
<LI><a href="#[83]">&gt;&gt;</a>&nbsp;&nbsp;&nbsp;atoi
</UL>

<P><STRONG><a name="[83]"></a>atoi</STRONG> (Thumb, 26 bytes, Stack size 16 bytes, atoi.o(.text))
<BR><BR>[Stack]<UL><LI>Max Depth = 88<LI>Call Chain = atoi &rArr; strtol &rArr; _strtoul
</UL>
<BR>[Calls]<UL><LI><a href="#[f8]">&gt;&gt;</a>&nbsp;&nbsp;&nbsp;__aeabi_errno_addr
<LI><a href="#[82]">&gt;&gt;</a>&nbsp;&nbsp;&nbsp;strtol
</UL>
<BR>[Called By]<UL><LI><a href="#[79]">&gt;&gt;</a>&nbsp;&nbsp;&nbsp;WifiJoin
<LI><a href="#[7c]">&gt;&gt;</a>&nbsp;&nbsp;&nbsp;SnicGetDhcp
<LI><a href="#[75]">&gt;&gt;</a>&nbsp;&nbsp;&nbsp;ProcessUserInput
</UL>

<P><STRONG><a name="[e8]"></a>__aeabi_i2d</STRONG> (Thumb, 34 bytes, Stack size 16 bytes, dflti.o(.text), UNUSED)
<BR><BR>[Calls]<UL><LI><a href="#[f9]">&gt;&gt;</a>&nbsp;&nbsp;&nbsp;_double_epilogue
</UL>
<BR>[Called By]<UL><LI><a href="#[e6]">&gt;&gt;</a>&nbsp;&nbsp;&nbsp;LCD_FillPolyLine
</UL>

<P><STRONG><a name="[e7]"></a>__aeabi_ui2d</STRONG> (Thumb, 26 bytes, Stack size 16 bytes, dfltui.o(.text), UNUSED)
<BR><BR>[Calls]<UL><LI><a href="#[f9]">&gt;&gt;</a>&nbsp;&nbsp;&nbsp;_double_epilogue
</UL>
<BR>[Called By]<UL><LI><a href="#[e6]">&gt;&gt;</a>&nbsp;&nbsp;&nbsp;LCD_FillPolyLine
</UL>

<P><STRONG><a name="[16d]"></a>__aeabi_cdcmpeq</STRONG> (Thumb, 0 bytes, Stack size 0 bytes, cdcmple.o(.text), UNUSED)

<P><STRONG><a name="[e9]"></a>__aeabi_cdcmple</STRONG> (Thumb, 38 bytes, Stack size 0 bytes, cdcmple.o(.text), UNUSED)
<BR><BR>[Called By]<UL><LI><a href="#[e6]">&gt;&gt;</a>&nbsp;&nbsp;&nbsp;LCD_FillPolyLine
</UL>

<P><STRONG><a name="[ea]"></a>__aeabi_cdrcmple</STRONG> (Thumb, 38 bytes, Stack size 0 bytes, cdrcmple.o(.text), UNUSED)
<BR><BR>[Called By]<UL><LI><a href="#[e6]">&gt;&gt;</a>&nbsp;&nbsp;&nbsp;LCD_FillPolyLine
</UL>

<P><STRONG><a name="[fa]"></a>__aeabi_uldivmod</STRONG> (Thumb, 98 bytes, Stack size 40 bytes, uldiv.o(.text), UNUSED)
<BR><BR>[Calls]<UL><LI><a href="#[fb]">&gt;&gt;</a>&nbsp;&nbsp;&nbsp;__aeabi_llsr
<LI><a href="#[fc]">&gt;&gt;</a>&nbsp;&nbsp;&nbsp;__aeabi_llsl
</UL>
<BR>[Called By]<UL><LI><a href="#[104]">&gt;&gt;</a>&nbsp;&nbsp;&nbsp;_printf_core
</UL>

<P><STRONG><a name="[f7]"></a>_strtoul</STRONG> (Thumb, 158 bytes, Stack size 40 bytes, _strtoul.o(.text))
<BR><BR>[Stack]<UL><LI>Max Depth = 40<LI>Call Chain = _strtoul
</UL>
<BR>[Calls]<UL><LI><a href="#[fd]">&gt;&gt;</a>&nbsp;&nbsp;&nbsp;_chval
<LI><a href="#[f8]">&gt;&gt;</a>&nbsp;&nbsp;&nbsp;__aeabi_errno_addr
</UL>
<BR>[Called By]<UL><LI><a href="#[82]">&gt;&gt;</a>&nbsp;&nbsp;&nbsp;strtol
</UL>

<P><STRONG><a name="[f6]"></a>__vfscanf_char_file</STRONG> (Thumb, 12 bytes, Stack size 0 bytes, scanf_char_file.o(.text))
<BR><BR>[Stack]<UL><LI>Max Depth = 144<LI>Call Chain = __vfscanf_char_file &rArr; __vfscanf_char &rArr; __vfscanf &rArr; _scanf_string
</UL>
<BR>[Calls]<UL><LI><a href="#[fe]">&gt;&gt;</a>&nbsp;&nbsp;&nbsp;__vfscanf_char
</UL>
<BR>[Called By]<UL><LI><a href="#[6a]">&gt;&gt;</a>&nbsp;&nbsp;&nbsp;__0scanf
</UL>

<P><STRONG><a name="[16e]"></a>__I$use$fp</STRONG> (Thumb, 0 bytes, Stack size 8 bytes, iusefp.o(.text), UNUSED)

<P><STRONG><a name="[ff]"></a>_double_round</STRONG> (Thumb, 26 bytes, Stack size 8 bytes, depilogue.o(.text), UNUSED)
<BR><BR>[Called By]<UL><LI><a href="#[f9]">&gt;&gt;</a>&nbsp;&nbsp;&nbsp;_double_epilogue
</UL>

<P><STRONG><a name="[f9]"></a>_double_epilogue</STRONG> (Thumb, 164 bytes, Stack size 32 bytes, depilogue.o(.text), UNUSED)
<BR><BR>[Calls]<UL><LI><a href="#[fb]">&gt;&gt;</a>&nbsp;&nbsp;&nbsp;__aeabi_llsr
<LI><a href="#[fc]">&gt;&gt;</a>&nbsp;&nbsp;&nbsp;__aeabi_llsl
<LI><a href="#[ff]">&gt;&gt;</a>&nbsp;&nbsp;&nbsp;_double_round
</UL>
<BR>[Called By]<UL><LI><a href="#[e7]">&gt;&gt;</a>&nbsp;&nbsp;&nbsp;__aeabi_ui2d
<LI><a href="#[e8]">&gt;&gt;</a>&nbsp;&nbsp;&nbsp;__aeabi_i2d
</UL>

<P><STRONG><a name="[66]"></a>__scatterload</STRONG> (Thumb, 28 bytes, Stack size 0 bytes, init.o(.text))
<BR><BR>[Calls]<UL><LI><a href="#[100]">&gt;&gt;</a>&nbsp;&nbsp;&nbsp;__main_after_scatterload
</UL>
<BR>[Called By]<UL><LI><a href="#[65]">&gt;&gt;</a>&nbsp;&nbsp;&nbsp;_main_scatterload
</UL>

<P><STRONG><a name="[16f]"></a>__scatterload_rt2</STRONG> (Thumb, 0 bytes, Stack size 0 bytes, init.o(.text), UNUSED)

<P><STRONG><a name="[170]"></a>_fgetc$bs</STRONG> (Thumb, 28 bytes, Stack size 8 bytes, fgetc_b.o(.text), UNUSED)

<P><STRONG><a name="[60]"></a>__backspace</STRONG> (Thumb, 10 bytes, Stack size 0 bytes, fgetc_b.o(.text))
<BR>[Address Reference Count : 1]<UL><LI> scanf_char_file.o(.text)
</UL>
<P><STRONG><a name="[fc]"></a>__aeabi_llsl</STRONG> (Thumb, 30 bytes, Stack size 0 bytes, llshl.o(.text), UNUSED)
<BR><BR>[Called By]<UL><LI><a href="#[fa]">&gt;&gt;</a>&nbsp;&nbsp;&nbsp;__aeabi_uldivmod
<LI><a href="#[f9]">&gt;&gt;</a>&nbsp;&nbsp;&nbsp;_double_epilogue
</UL>

<P><STRONG><a name="[171]"></a>_ll_shift_l</STRONG> (Thumb, 0 bytes, Stack size 0 bytes, llshl.o(.text), UNUSED)

<P><STRONG><a name="[fb]"></a>__aeabi_llsr</STRONG> (Thumb, 32 bytes, Stack size 0 bytes, llushr.o(.text), UNUSED)
<BR><BR>[Called By]<UL><LI><a href="#[fa]">&gt;&gt;</a>&nbsp;&nbsp;&nbsp;__aeabi_uldivmod
<LI><a href="#[f9]">&gt;&gt;</a>&nbsp;&nbsp;&nbsp;_double_epilogue
</UL>

<P><STRONG><a name="[172]"></a>_ll_ushift_r</STRONG> (Thumb, 0 bytes, Stack size 0 bytes, llushr.o(.text), UNUSED)

<P><STRONG><a name="[fd]"></a>_chval</STRONG> (Thumb, 28 bytes, Stack size 0 bytes, _chval.o(.text))
<BR><BR>[Called By]<UL><LI><a href="#[f7]">&gt;&gt;</a>&nbsp;&nbsp;&nbsp;_strtoul
</UL>

<P><STRONG><a name="[fe]"></a>__vfscanf_char</STRONG> (Thumb, 20 bytes, Stack size 0 bytes, scanf_char.o(.text))
<BR><BR>[Stack]<UL><LI>Max Depth = 144<LI>Call Chain = __vfscanf_char &rArr; __vfscanf &rArr; _scanf_string
</UL>
<BR>[Calls]<UL><LI><a href="#[101]">&gt;&gt;</a>&nbsp;&nbsp;&nbsp;__vfscanf
</UL>
<BR>[Called By]<UL><LI><a href="#[f6]">&gt;&gt;</a>&nbsp;&nbsp;&nbsp;__vfscanf_char_file
</UL>

<P><STRONG><a name="[173]"></a>__semihosting_library_function</STRONG> (Thumb, 0 bytes, Stack size 88 bytes, semi.o(.text), UNUSED)

<P><STRONG><a name="[101]"></a>__vfscanf</STRONG> (Thumb, 806 bytes, Stack size 88 bytes, _scanf.o(.text))
<BR><BR>[Stack]<UL><LI>Max Depth = 144<LI>Call Chain = __vfscanf &rArr; _scanf_string
</UL>
<BR>[Calls]<UL><LI><a href="#[102]">&gt;&gt;</a>&nbsp;&nbsp;&nbsp;_scanf_string
</UL>
<BR>[Called By]<UL><LI><a href="#[fe]">&gt;&gt;</a>&nbsp;&nbsp;&nbsp;__vfscanf_char
</UL>

<P><STRONG><a name="[103]"></a>__0printf$8</STRONG> (Thumb, 22 bytes, Stack size 24 bytes, printf8.o(i.__0printf$8), UNUSED)
<BR><BR>[Calls]<UL><LI><a href="#[104]">&gt;&gt;</a>&nbsp;&nbsp;&nbsp;_printf_core
</UL>

<P><STRONG><a name="[174]"></a>__1printf$8</STRONG> (Thumb, 0 bytes, Stack size 24 bytes, printf8.o(i.__0printf$8), UNUSED)

<P><STRONG><a name="[68]"></a>__2printf</STRONG> (Thumb, 0 bytes, Stack size 24 bytes, printf8.o(i.__0printf$8))
<BR><BR>[Stack]<UL><LI>Max Depth = 24<LI>Call Chain = __2printf
</UL>
<BR>[Called By]<UL><LI><a href="#[b3]">&gt;&gt;</a>&nbsp;&nbsp;&nbsp;handleRxSNIC
<LI><a href="#[b1]">&gt;&gt;</a>&nbsp;&nbsp;&nbsp;handleRxWiFi
<LI><a href="#[b0]">&gt;&gt;</a>&nbsp;&nbsp;&nbsp;udpSendFromSock
<LI><a href="#[aa]">&gt;&gt;</a>&nbsp;&nbsp;&nbsp;setUDPinfo
<LI><a href="#[8b]">&gt;&gt;</a>&nbsp;&nbsp;&nbsp;udpStartRecv
<LI><a href="#[87]">&gt;&gt;</a>&nbsp;&nbsp;&nbsp;udpCreateSocket
<LI><a href="#[7d]">&gt;&gt;</a>&nbsp;&nbsp;&nbsp;tcpCreateSocket
<LI><a href="#[81]">&gt;&gt;</a>&nbsp;&nbsp;&nbsp;tcpCreateConnection
<LI><a href="#[7f]">&gt;&gt;</a>&nbsp;&nbsp;&nbsp;tcpConnectToServer
<LI><a href="#[80]">&gt;&gt;</a>&nbsp;&nbsp;&nbsp;setTCPinfo
<LI><a href="#[84]">&gt;&gt;</a>&nbsp;&nbsp;&nbsp;sendFromSock
<LI><a href="#[88]">&gt;&gt;</a>&nbsp;&nbsp;&nbsp;getUDPinfo
<LI><a href="#[7e]">&gt;&gt;</a>&nbsp;&nbsp;&nbsp;getTCPinfo
<LI><a href="#[8a]">&gt;&gt;</a>&nbsp;&nbsp;&nbsp;closeSocket
<LI><a href="#[77]">&gt;&gt;</a>&nbsp;&nbsp;&nbsp;WifiScan
<LI><a href="#[8d]">&gt;&gt;</a>&nbsp;&nbsp;&nbsp;WifiOn
<LI><a href="#[8c]">&gt;&gt;</a>&nbsp;&nbsp;&nbsp;WifiOff
<LI><a href="#[79]">&gt;&gt;</a>&nbsp;&nbsp;&nbsp;WifiJoin
<LI><a href="#[78]">&gt;&gt;</a>&nbsp;&nbsp;&nbsp;WifiDisconn
<LI><a href="#[7a]">&gt;&gt;</a>&nbsp;&nbsp;&nbsp;SnicInit
<LI><a href="#[7b]">&gt;&gt;</a>&nbsp;&nbsp;&nbsp;SnicIPConfig
<LI><a href="#[7c]">&gt;&gt;</a>&nbsp;&nbsp;&nbsp;SnicGetDhcp
<LI><a href="#[85]">&gt;&gt;</a>&nbsp;&nbsp;&nbsp;SnicCleanup
<LI><a href="#[76]">&gt;&gt;</a>&nbsp;&nbsp;&nbsp;GetStatus
<LI><a href="#[86]">&gt;&gt;</a>&nbsp;&nbsp;&nbsp;ApOnOff
<LI><a href="#[5c]">&gt;&gt;</a>&nbsp;&nbsp;&nbsp;main
<LI><a href="#[75]">&gt;&gt;</a>&nbsp;&nbsp;&nbsp;ProcessUserInput
<LI><a href="#[73]">&gt;&gt;</a>&nbsp;&nbsp;&nbsp;sendHttpPostDemo
<LI><a href="#[72]">&gt;&gt;</a>&nbsp;&nbsp;&nbsp;sendHttpJsonPostDemo
<LI><a href="#[69]">&gt;&gt;</a>&nbsp;&nbsp;&nbsp;sendHttpReqTest
<LI><a href="#[67]">&gt;&gt;</a>&nbsp;&nbsp;&nbsp;ShowMenu
</UL>

<P><STRONG><a name="[175]"></a>__I$use$semihosting$fgetc</STRONG> (Thumb, 0 bytes, Stack size 24 bytes, iusesemig.o(.text), UNUSED)

<P><STRONG><a name="[105]"></a>__0sprintf$8</STRONG> (Thumb, 34 bytes, Stack size 24 bytes, printf8.o(i.__0sprintf$8), UNUSED)
<BR><BR>[Calls]<UL><LI><a href="#[64]">&gt;&gt;</a>&nbsp;&nbsp;&nbsp;_sputc
<LI><a href="#[104]">&gt;&gt;</a>&nbsp;&nbsp;&nbsp;_printf_core
</UL>

<P><STRONG><a name="[176]"></a>__1sprintf$8</STRONG> (Thumb, 0 bytes, Stack size 24 bytes, printf8.o(i.__0sprintf$8), UNUSED)

<P><STRONG><a name="[b2]"></a>__2sprintf</STRONG> (Thumb, 0 bytes, Stack size 24 bytes, printf8.o(i.__0sprintf$8))
<BR><BR>[Stack]<UL><LI>Max Depth = 24<LI>Call Chain = __2sprintf
</UL>
<BR>[Called By]<UL><LI><a href="#[b3]">&gt;&gt;</a>&nbsp;&nbsp;&nbsp;handleRxSNIC
<LI><a href="#[b1]">&gt;&gt;</a>&nbsp;&nbsp;&nbsp;handleRxWiFi
<LI><a href="#[6d]">&gt;&gt;</a>&nbsp;&nbsp;&nbsp;fillNSendHttpReq
</UL>

<P><STRONG><a name="[f8]"></a>__aeabi_errno_addr</STRONG> (Thumb, 4 bytes, Stack size 0 bytes, errno.o(i.__aeabi_errno_addr))
<BR><BR>[Called By]<UL><LI><a href="#[f7]">&gt;&gt;</a>&nbsp;&nbsp;&nbsp;_strtoul
<LI><a href="#[83]">&gt;&gt;</a>&nbsp;&nbsp;&nbsp;atoi
<LI><a href="#[82]">&gt;&gt;</a>&nbsp;&nbsp;&nbsp;strtol
</UL>

<P><STRONG><a name="[177]"></a>__rt_errno_addr</STRONG> (Thumb, 0 bytes, Stack size 0 bytes, errno.o(i.__aeabi_errno_addr), UNUSED)

<P><STRONG><a name="[178]"></a>__scatterload_copy</STRONG> (Thumb, 14 bytes, Stack size unknown bytes, handlers.o(i.__scatterload_copy), UNUSED)

<P><STRONG><a name="[179]"></a>__scatterload_null</STRONG> (Thumb, 2 bytes, Stack size unknown bytes, handlers.o(i.__scatterload_null), UNUSED)

<P><STRONG><a name="[17a]"></a>__scatterload_zeroinit</STRONG> (Thumb, 14 bytes, Stack size unknown bytes, handlers.o(i.__scatterload_zeroinit), UNUSED)
<P>
<H3>
Local Symbols
</H3>
<P><STRONG><a name="[b9]"></a>escape_payload_and_transmit_no_ESC</STRONG> (Thumb, 84 bytes, Stack size 24 bytes, sn8200_core.o(.text))
<BR><BR>[Stack]<UL><LI>Max Depth = 48<LI>Call Chain = escape_payload_and_transmit_no_ESC &rArr; dummy_tx &rArr; SN8200_HAL_SendData
</UL>
<BR>[Calls]<UL><LI><a href="#[b6]">&gt;&gt;</a>&nbsp;&nbsp;&nbsp;dummy_tx
</UL>
<BR>[Called By]<UL><LI><a href="#[ba]">&gt;&gt;</a>&nbsp;&nbsp;&nbsp;no_ESC_transmit
</UL>

<P><STRONG><a name="[bf]"></a>calc_escaped_payload_len_no_ESC</STRONG> (Thumb, 42 bytes, Stack size 12 bytes, sn8200_core.o(.text))
<BR><BR>[Stack]<UL><LI>Max Depth = 12<LI>Call Chain = calc_escaped_payload_len_no_ESC
</UL>
<BR>[Called By]<UL><LI><a href="#[ae]">&gt;&gt;</a>&nbsp;&nbsp;&nbsp;serial_transmit
</UL>

<P><STRONG><a name="[ba]"></a>no_ESC_transmit</STRONG> (Thumb, 124 bytes, Stack size 32 bytes, sn8200_core.o(.text))
<BR><BR>[Stack]<UL><LI>Max Depth = 80<LI>Call Chain = no_ESC_transmit &rArr; escape_payload_and_transmit_no_ESC &rArr; dummy_tx &rArr; SN8200_HAL_SendData
</UL>
<BR>[Calls]<UL><LI><a href="#[b6]">&gt;&gt;</a>&nbsp;&nbsp;&nbsp;dummy_tx
<LI><a href="#[b9]">&gt;&gt;</a>&nbsp;&nbsp;&nbsp;escape_payload_and_transmit_no_ESC
</UL>
<BR>[Called By]<UL><LI><a href="#[ae]">&gt;&gt;</a>&nbsp;&nbsp;&nbsp;serial_transmit
</UL>

<P><STRONG><a name="[cd]"></a>delay</STRONG> (Thumb, 46 bytes, Stack size 0 bytes, stm32f4_discovery_lcd.o(.text))
<BR><BR>[Called By]<UL><LI><a href="#[98]">&gt;&gt;</a>&nbsp;&nbsp;&nbsp;STM32f4_Discovery_LCD_Init
</UL>

<P><STRONG><a name="[d9]"></a>PutPixel</STRONG> (Thumb, 42 bytes, Stack size 12 bytes, stm32f4_discovery_lcd.o(.text), UNUSED)
<BR><BR>[Calls]<UL><LI><a href="#[d8]">&gt;&gt;</a>&nbsp;&nbsp;&nbsp;LCD_DrawLine
</UL>
<BR>[Called By]<UL><LI><a href="#[e6]">&gt;&gt;</a>&nbsp;&nbsp;&nbsp;LCD_FillPolyLine
<LI><a href="#[e0]">&gt;&gt;</a>&nbsp;&nbsp;&nbsp;LCD_DrawUniLine
</UL>

<P><STRONG><a name="[e2]"></a>LCD_PolyLineRelativeClosed</STRONG> (Thumb, 128 bytes, Stack size 32 bytes, stm32f4_discovery_lcd.o(.text), UNUSED)
<BR><BR>[Calls]<UL><LI><a href="#[e0]">&gt;&gt;</a>&nbsp;&nbsp;&nbsp;LCD_DrawUniLine
</UL>
<BR>[Called By]<UL><LI><a href="#[e5]">&gt;&gt;</a>&nbsp;&nbsp;&nbsp;LCD_ClosedPolyLineRelative
<LI><a href="#[e4]">&gt;&gt;</a>&nbsp;&nbsp;&nbsp;LCD_PolyLineRelative
</UL>

<P><STRONG><a name="[f3]"></a>SetSysClock</STRONG> (Thumb, 198 bytes, Stack size 0 bytes, system_stm32f4xx.o(.text))
<BR><BR>[Called By]<UL><LI><a href="#[5d]">&gt;&gt;</a>&nbsp;&nbsp;&nbsp;SystemInit
</UL>

<P><STRONG><a name="[104]"></a>_printf_core</STRONG> (Thumb, 996 bytes, Stack size 104 bytes, printf8.o(i._printf_core), UNUSED)
<BR><BR>[Calls]<UL><LI><a href="#[106]">&gt;&gt;</a>&nbsp;&nbsp;&nbsp;_printf_pre_padding
<LI><a href="#[107]">&gt;&gt;</a>&nbsp;&nbsp;&nbsp;_printf_post_padding
<LI><a href="#[fa]">&gt;&gt;</a>&nbsp;&nbsp;&nbsp;__aeabi_uldivmod
</UL>
<BR>[Called By]<UL><LI><a href="#[105]">&gt;&gt;</a>&nbsp;&nbsp;&nbsp;__0sprintf$8
<LI><a href="#[103]">&gt;&gt;</a>&nbsp;&nbsp;&nbsp;__0printf$8
</UL>

<P><STRONG><a name="[107]"></a>_printf_post_padding</STRONG> (Thumb, 38 bytes, Stack size 24 bytes, printf8.o(i._printf_post_padding), UNUSED)
<BR><BR>[Called By]<UL><LI><a href="#[104]">&gt;&gt;</a>&nbsp;&nbsp;&nbsp;_printf_core
</UL>

<P><STRONG><a name="[106]"></a>_printf_pre_padding</STRONG> (Thumb, 48 bytes, Stack size 24 bytes, printf8.o(i._printf_pre_padding), UNUSED)
<BR><BR>[Called By]<UL><LI><a href="#[104]">&gt;&gt;</a>&nbsp;&nbsp;&nbsp;_printf_core
</UL>

<P><STRONG><a name="[64]"></a>_sputc</STRONG> (Thumb, 10 bytes, Stack size 0 bytes, printf8.o(i._sputc))
<BR><BR>[Called By]<UL><LI><a href="#[105]">&gt;&gt;</a>&nbsp;&nbsp;&nbsp;__0sprintf$8
</UL>
<BR>[Address Reference Count : 1]<UL><LI> printf8.o(i.__0sprintf$8)
</UL>
<P><STRONG><a name="[61]"></a>_scanf_char_input</STRONG> (Thumb, 12 bytes, Stack size 0 bytes, scanf_char.o(.text))
<BR>[Address Reference Count : 1]<UL><LI> scanf_char.o(.text)
</UL><P>
<H3>
Undefined Global Symbols
</H3><HR></body></html>
