ARM Linker, 5.02 [Build 28] [MDK-ARM Professional]

==============================================================================

Section Cross References

    main.o(.text) refers to _scanf_str.o(.text) for _scanf_string
    main.o(.text) refers to printf8.o(i.__0printf$8) for __2printf
    main.o(.text) refers to __0scanf.o(.text) for __0scanf
    main.o(.text) refers to strlen.o(.text) for strlen
    main.o(.text) refers to strcpy.o(.text) for strcpy
    main.o(.text) refers to sn8200_api.o(.text) for fillNSendHttpReq
    main.o(.text) refers to memcpya.o(.text) for __aeabi_memcpy4
    main.o(.text) refers to delay.o(.text) for mdelay
    main.o(.text) refers to memseta.o(.text) for __aeabi_memclr4
    main.o(.text) refers to main.o(.bss) for uri
    main.o(.text) refers to main.o(.data) for seqNo
    main.o(.text) refers to strtol.o(.text) for strtol
    main.o(.text) refers to atoi.o(.text) for atoi
    main.o(.text) refers to sn8200_api.o(.data) for destPort
    main.o(.text) refers to sn8200_api.o(.bss) for domain
    main.o(.text) refers to stm32f4xx_rcc.o(.text) for RCC_AHB1PeriphClockCmd
    main.o(.text) refers to stm32f4xx_gpio.o(.text) for GPIO_PinAFConfig
    main.o(.text) refers to misc.o(.text) for NVIC_PriorityGroupConfig
    main.o(.text) refers to stm32f4xx_usart.o(.text) for USART_Init
    main.o(.text) refers to stm32f4_discovery_lcd.o(.text) for STM32f4_Discovery_LCD_Init
    main.o(.text) refers to main.o(.constdata) for .constdata
    delay.o(.text) refers to system_stm32f4xx.o(.data) for SystemCoreClock
    delay.o(.text) refers to delay.o(.data) for TimingDelay
    sn8200_api.o(.text) refers to _scanf_str.o(.text) for _scanf_string
    sn8200_api.o(.text) refers to ctype_o.o(.text) for __rt_ctype_table
    sn8200_api.o(.text) refers to strlen.o(.text) for strlen
    sn8200_api.o(.text) refers to strcpy.o(.text) for strcpy
    sn8200_api.o(.text) refers to printf8.o(i.__0printf$8) for __2printf
    sn8200_api.o(.text) refers to __0scanf.o(.text) for __0scanf
    sn8200_api.o(.text) refers to strtol.o(.text) for strtol
    sn8200_api.o(.text) refers to sn8200_core.o(.text) for SN8200_Init
    sn8200_api.o(.text) refers to delay.o(.text) for mdelay
    sn8200_api.o(.text) refers to memcpya.o(.text) for __aeabi_memcpy
    sn8200_api.o(.text) refers to sn8200_api.o(.bss) for IPstr
    sn8200_api.o(.text) refers to sn8200_api.o(.data) for Portstr
    sn8200_api.o(.text) refers to sn8200_api.o(.constdata) for .constdata
    sn8200_api.o(.text) refers to atoi.o(.text) for atoi
    sn8200_api.o(.text) refers to memseta.o(.text) for __aeabi_memclr4
    sn8200_api.o(.text) refers to printf8.o(i.__0sprintf$8) for __2sprintf
    sn8200_api.o(.text) refers to strncmp.o(.text) for strncmp
    sn8200_api.o(.text) refers to strstr.o(.text) for strstr
    sn8200_api.o(.text) refers to main.o(.data) for mysock
    sn8200_core.o(.text) refers to sn8200_hal.o(.text) for SN8200_HAL_SendData
    sn8200_core.o(.text) refers to memseta.o(.text) for __aeabi_memclr
    sn8200_core.o(.text) refers to sn8200_api.o(.text) for handleRxWiFi
    sn8200_core.o(.text) refers to sn8200_core.o(.data) for tempReTXLen
    sn8200_core.o(.text) refers to sn8200_core.o(.bss) for tempReTXBuf
    sn8200_hal.o(.text) refers to stm32f4xx_rcc.o(.text) for RCC_AHB1PeriphClockCmd
    sn8200_hal.o(.text) refers to stm32f4xx_gpio.o(.text) for GPIO_PinAFConfig
    sn8200_hal.o(.text) refers to misc.o(.text) for NVIC_PriorityGroupConfig
    sn8200_hal.o(.text) refers to stm32f4xx_usart.o(.text) for USART_Init
    sn8200_hal.o(.text) refers to sn8200_hal.o(.data) for RxBufferHead
    sn8200_hal.o(.text) refers to sn8200_hal.o(.bss) for RxBuffer
    stm32f4_discovery.o(.text) refers to stm32f4xx_rcc.o(.text) for RCC_AHB1PeriphClockCmd
    stm32f4_discovery.o(.text) refers to stm32f4xx_gpio.o(.text) for GPIO_Init
    stm32f4_discovery.o(.text) refers to stm32f4xx_syscfg.o(.text) for SYSCFG_EXTILineConfig
    stm32f4_discovery.o(.text) refers to stm32f4xx_exti.o(.text) for EXTI_Init
    stm32f4_discovery.o(.text) refers to misc.o(.text) for NVIC_Init
    stm32f4_discovery.o(.text) refers to stm32f4xx_usart.o(.text) for USART_Init
    stm32f4_discovery.o(.text) refers to stm32f4xx_sdio.o(.text) for SDIO_ClockCmd
    stm32f4_discovery.o(.text) refers to stm32f4xx_dma.o(.text) for DMA_ClearFlag
    stm32f4_discovery.o(.text) refers to stm32f4_discovery.o(.constdata) for GPIO_CLK
    stm32f4_discovery.o(.text) refers to stm32f4_discovery.o(.data) for GPIO_PORT
    stm32f4_discovery_lcd.o(.text) refers to stm32f4xx_fsmc.o(.text) for FSMC_NORSRAMCmd
    stm32f4_discovery_lcd.o(.text) refers to stm32f4xx_gpio.o(.text) for GPIO_Init
    stm32f4_discovery_lcd.o(.text) refers to stm32f4xx_rcc.o(.text) for RCC_AHB1PeriphClockCmd
    stm32f4_discovery_lcd.o(.text) refers to stm32f4_discovery_lcd.o(.data) for LCD_Currentfonts
[...]
    printfa.o(i._printf_core) refers to uldiv.o(.text) for __aeabi_uldivmod
    printfa.o(i._printf_core) refers to printfa.o(i._printf_post_padding) for _printf_post_padding
    printfa.o(i._printf_core) refers to printfa.o(i._fp_digits) for _fp_digits
    printfa.o(i._printf_core) refers to uidiv.o(.text) for __aeabi_uidivmod
    printfa.o(i._printf_post_padding) refers (Special) to iusefp.o(.text) for __I$use$fp
    printfa.o(i._printf_pre_padding) refers (Special) to iusefp.o(.text) for __I$use$fp
    printfa.o(i._snputc) refers (Special) to iusefp.o(.text) for __I$use$fp
    printfa.o(i._sputc) refers (Special) to iusefp.o(.text) for __I$use$fp
    __0scanf.o(.text) refers to scanf_char_file.o(.text) for __vfscanf_char_file
    __0scanf.o(.text) refers to stdin.o(.data) for __stdin
    strtol.o(.text) refers to ctype_o.o(.text) for __rt_ctype_table
    strtol.o(.text) refers to _strtoul.o(.text) for _strtoul
    strtol.o(.text) refers to errno.o(i.__aeabi_errno_addr) for __aeabi_errno_addr
    atoi.o(.text) refers to errno.o(i.__aeabi_errno_addr) for __aeabi_errno_addr
    atoi.o(.text) refers to strtol.o(.text) for strtol
    dflti.o(.text) refers (Special) to iusefp.o(.text) for __I$use$fp
    dflti.o(.text) refers to depilogue.o(.text) for _double_epilogue
    dfltui.o(.text) refers (Special) to iusefp.o(.text) for __I$use$fp
    dfltui.o(.text) refers to depilogue.o(.text) for _double_epilogue
    cdcmple.o(.text) refers (Special) to iusefp.o(.text) for __I$use$fp
    cdrcmple.o(.text) refers (Special) to iusefp.o(.text) for __I$use$fp
    entry2.o(.ARM.Collect$$$$00000001) refers to entry2.o(.ARM.Collect$$$$00002712) for __lit__00000000
    entry2.o(.ARM.Collect$$$$00002712) refers to startup_stm32f40xx.o(STACK) for __initial_sp
    entry2.o(__vectab_stack_and_reset_area) refers to startup_stm32f40xx.o(STACK) for __initial_sp
    entry2.o(__vectab_stack_and_reset_area) refers to entry.o(.ARM.Collect$$$$00000000) for __main
    entry5.o(.ARM.Collect$$$$00000004) refers to init.o(.text) for __scatterload
    entry8.o(.ARM.Collect$$$$00000009) refers to main.o(.text) for main
    uldiv.o(.text) refers to llushr.o(.text) for __aeabi_llsr
    uldiv.o(.text) refers to llshl.o(.text) for __aeabi_llsl
    errno.o(i.__aeabi_errno_addr) refers to errno.o(.data) for .data
    errno.o(i.__read_errno) refers to errno.o(.data) for .data
    errno.o(i.__set_errno) refers to errno.o(.data) for .data
    _strtoul.o(.text) refers to _chval.o(.text) for _chval
    _strtoul.o(.text) refers to errno.o(i.__aeabi_errno_addr) for __aeabi_errno_addr
    scanf_char_file.o(.text) refers to scanf_char.o(.text) for __vfscanf_char
    scanf_char_file.o(.text) refers to main.o(.text) for fgetc
    scanf_char_file.o(.text) refers to fgetc_b.o(.text) for __backspace
    depilogue.o(.text) refers to llshl.o(.text) for __aeabi_llsl
    depilogue.o(.text) refers to llushr.o(.text) for __aeabi_llsr
    dadd.o(.text) refers to llshl.o(.text) for __aeabi_llsl
    dadd.o(.text) refers to llsshr.o(.text) for __aeabi_lasr
    dadd.o(.text) refers to depilogue.o(.text) for _double_epilogue
    dmul.o(.text) refers to depilogue.o(.text) for _double_epilogue
    ddiv.o(.text) refers to depilogue.o(.text) for _double_round
    dfixul.o(.text) refers to llushr.o(.text) for __aeabi_llsr
    dfixul.o(.text) refers to llshl.o(.text) for __aeabi_llsl
    init.o(.text) refers to entry5.o(.ARM.Collect$$$$00000004) for __main_after_scatterload
    fgetc_b.o(.text) refers (Special) to iusesemig.o(.text) for __I$use$semihosting$fgetc
    fgetc_b.o(.text) refers (Special) to semi.o(.text) for __semihosting_library_function
    fgetc_b.o(.text) refers to fgetc_b.o(.data) for .data
    fgetc_b.o(.data) refers (Special) to iusesemig.o(.text) for __I$use$semihosting$fgetc
    fgetc_b.o(.data) refers (Special) to semi.o(.text) for __semihosting_library_function
    scanf_char.o(.text) refers to _scanf.o(.text) for __vfscanf
    scanf_char.o(.text) refers to isspace_o.o(.text) for isspace
    isspace_c.o(.text) refers to ctype_c.o(.text) for __ctype_lookup
    _scanf.o(.text) refers (Weak) to _scanf_str.o(.text) for _scanf_string
    ctype_c.o(.text) refers to ctype_c.o(.constdata) for .constdata


==============================================================================

Removing Unused input sections from the image.

    Removing main.o(.rev16_text), (4 bytes).
    Removing main.o(.revsh_text), (4 bytes).
    Removing delay.o(.rev16_text), (4 bytes).
    Removing delay.o(.revsh_text), (4 bytes).
    Removing stm32f4xx_it.o(.rev16_text), (4 bytes).
    Removing stm32f4xx_it.o(.revsh_text), (4 bytes).
    Removing sn8200_api.o(.rev16_text), (4 bytes).
    Removing sn8200_api.o(.revsh_text), (4 bytes).
    Removing sn8200_core.o(.rev16_text), (4 bytes).
    Removing sn8200_core.o(.revsh_text), (4 bytes).
    Removing sn8200_hal.o(.rev16_text), (4 bytes).
    Removing sn8200_hal.o(.revsh_text), (4 bytes).
    Removing stm32f4_discovery.o(.rev16_text), (4 bytes).
    Removing stm32f4_discovery.o(.revsh_text), (4 bytes).
    Removing stm32f4_discovery.o(.text), (1168 bytes).
    Removing stm32f4_discovery.o(.constdata), (88 bytes).
    Removing stm32f4_discovery.o(.data), (48 bytes).
    Removing stm32f4_discovery_lcd.o(.rev16_text), (4 bytes).
    Removing stm32f4_discovery_lcd.o(.revsh_text), (4 bytes).
    Removing misc.o(.rev16_text), (4 bytes).
    Removing misc.o(.revsh_text), (4 bytes).
    Removing stm32f4xx_dma.o(.rev16_text), (4 bytes).
    Removing stm32f4xx_dma.o(.revsh_text), (4 bytes).
    Removing stm32f4xx_dma.o(.text), (932 bytes).
    Removing stm32f4xx_exti.o(.rev16_text), (4 bytes).
    Removing stm32f4xx_exti.o(.revsh_text), (4 bytes).
    Removing stm32f4xx_exti.o(.text), (284 bytes).
    Removing stm32f4xx_fsmc.o(.rev16_text), (4 bytes).
    Removing stm32f4xx_fsmc.o(.revsh_text), (4 bytes).
    Removing stm32f4xx_gpio.o(.rev16_text), (4 bytes).
    Removing stm32f4xx_gpio.o(.revsh_text), (4 bytes).
    Removing stm32f4xx_i2c.o(.rev16_text), (4 bytes).
    Removing stm32f4xx_i2c.o(.revsh_text), (4 bytes).
    Removing stm32f4xx_i2c.o(.text), (1082 bytes).
    Removing stm32f4xx_rcc.o(.rev16_text), (4 bytes).
    Removing stm32f4xx_rcc.o(.revsh_text), (4 bytes).
    Removing stm32f4xx_sdio.o(.rev16_text), (4 bytes).
    Removing stm32f4xx_sdio.o(.revsh_text), (4 bytes).
    Removing stm32f4xx_sdio.o(.text), (476 bytes).
    Removing stm32f4xx_syscfg.o(.rev16_text), (4 bytes).
    Removing stm32f4xx_syscfg.o(.revsh_text), (4 bytes).
    Removing stm32f4xx_syscfg.o(.text), (140 bytes).
    Removing stm32f4xx_usart.o(.rev16_text), (4 bytes).
    Removing stm32f4xx_usart.o(.revsh_text), (4 bytes).
    Removing system_stm32f4xx.o(.rev16_text), (4 bytes).
    Removing system_stm32f4xx.o(.revsh_text), (4 bytes).
    Removing startup_stm32f40xx.o(HEAP), (512 bytes).
    Removing dadd.o(.text), (334 bytes).
    Removing dmul.o(.text), (228 bytes).
    Removing ddiv.o(.text), (222 bytes).
    Removing dfixul.o(.text), (48 bytes).

51 unused section(s) (total 5714 bytes) removed from the image.

==============================================================================

Image Symbol Table

    Local Symbols

    Symbol Name                              Value     Ov Type        Size  Object(Section)

    ../clib/microlib/ctype/ctype.c           0x00000000   Number         0  isspace_c.o ABSOLUTE
    ../clib/microlib/ctype/ctype.c           0x00000000   Number         0  islower_o.o ABSOLUTE
    ../clib/microlib/ctype/ctype.c           0x00000000   Number         0  isblank_o.o ABSOLUTE
    ../clib/microlib/ctype/ctype.c           0x00000000   Number         0  isupper_o.o ABSOLUTE
    ../clib/microlib/ctype/ctype.c           0x00000000   Number         0  isxdigit_o.o ABSOLUTE
    ../clib/microlib/ctype/ctype.c           0x00000000   Number         0  isgraph_o.o ABSOLUTE
    ../clib/microlib/ctype/ctype.c           0x00000000   Number         0  ispunct_o.o ABSOLUTE
    ../clib/microlib/ctype/ctype.c           0x00000000   Number         0  isdigit_o.o ABSOLUTE
    ../clib/microlib/ctype/ctype.c           0x00000000   Number         0  ctype_c.o ABSOLUTE
    ../clib/microlib/ctype/ctype.c           0x00000000   Number         0  isalpha_o.o ABSOLUTE
    ../clib/microlib/ctype/ctype.c           0x00000000   Number         0  isalnum_o.o ABSOLUTE
    ../clib/microlib/ctype/ctype.c           0x00000000   Number         0  ctype_o.o ABSOLUTE
    ../clib/microlib/ctype/ctype.c           0x00000000   Number         0  isspace_o.o ABSOLUTE
    ../clib/microlib/ctype/ctype.c           0x00000000   Number         0  iscntrl_o.o ABSOLUTE
    ../clib/microlib/ctype/ctype.c           0x00000000   Number         0  isprint_o.o ABSOLUTE
    ../clib/microlib/division.c              0x00000000   Number         0  uidiv.o ABSOLUTE
    ../clib/microlib/division.c              0x00000000   Number         0  uldiv.o ABSOLUTE
    ../clib/microlib/errno.c                 0x00000000   Number         0  errno.o ABSOLUTE
    ../clib/microlib/init/entry.s            0x00000000   Number         0  entry5.o ABSOLUTE
    ../clib/microlib/init/entry.s            0x00000000   Number         0  entry8.o ABSOLUTE
    ../clib/microlib/init/entry.s            0x00000000   Number         0  entry2.o ABSOLUTE
    ../clib/microlib/init/entry.s            0x00000000   Number         0  entry7b.o ABSOLUTE
    ../clib/microlib/init/entry.s            0x00000000   Number         0  entry7a.o ABSOLUTE
    ../clib/microlib/init/entry.s            0x00000000   Number         0  entry.o ABSOLUTE
    ../clib/microlib/longlong.c              0x00000000   Number         0  llsshr.o ABSOLUTE
    ../clib/microlib/longlong.c              0x00000000   Number         0  llushr.o ABSOLUTE
    ../clib/microlib/longlong.c              0x00000000   Number         0  llshl.o ABSOLUTE
    ../clib/microlib/printf/printf.c         0x00000000   Number         0  printf6.o ABSOLUTE
    ../clib/microlib/printf/printf.c         0x00000000   Number         0  printf7.o ABSOLUTE
    ../clib/microlib/printf/printf.c         0x00000000   Number         0  printf8.o ABSOLUTE
    ../clib/microlib/printf/printf.c         0x00000000   Number         0  printf5.o ABSOLUTE
    ../clib/microlib/printf/printf.c         0x00000000   Number         0  printfa.o ABSOLUTE
    ../clib/microlib/printf/printf.c         0x00000000   Number         0  printf1.o ABSOLUTE
    ../clib/microlib/printf/printf.c         0x00000000   Number         0  printf2.o ABSOLUTE
    ../clib/microlib/printf/printf.c         0x00000000   Number         0  printfb.o ABSOLUTE
    ../clib/microlib/printf/printf.c         0x00000000   Number         0  printf0.o ABSOLUTE
    ../clib/microlib/printf/printf.c         0x00000000   Number         0  printf3.o ABSOLUTE
    ../clib/microlib/printf/printf.c         0x00000000   Number         0  printf4.o ABSOLUTE
    ../clib/microlib/printf/stubs.s          0x00000000   Number         0  stubs.o ABSOLUTE
    ../clib/microlib/stdio/fgetc.c           0x00000000   Number         0  fgetc_b.o ABSOLUTE
    ../clib/microlib/stdio/semi.s            0x00000000   Number         0  semi.o ABSOLUTE
    ../clib/microlib/stdio/streams.c         0x00000000   Number         0  stdout.o ABSOLUTE
    ../clib/microlib/stdio/streams.c         0x00000000   Number         0  stdin.o ABSOLUTE
    ../clib/microlib/string/memcpy.c         0x00000000   Number         0  memcpya.o ABSOLUTE
    ../clib/microlib/string/memcpy.c         0x00000000   Number         0  memcpyb.o ABSOLUTE
    ../clib/microlib/string/memset.c         0x00000000   Number         0  memseta.o ABSOLUTE
    ../clib/microlib/string/strcpy.c         0x00000000   Number         0  strcpy.o ABSOLUTE
    ../clib/microlib/string/strlen.c         0x00000000   Number         0  strlen.o ABSOLUTE
    ../clib/microlib/string/strncmp.c        0x00000000   Number         0  strncmp.o ABSOLUTE
    ../clib/microlib/string/strstr.c         0x00000000   Number         0  strstr.o ABSOLUTE
    ../clib/microlib/stubs.s                 0x00000000   Number         0  iusefp.o ABSOLUTE
    ../clib/microlib/stubs.s                 0x00000000   Number         0  iusesemig.o ABSOLUTE
    ../clib/scanf.c                          0x00000000   Number         0  _scanf_str.o ABSOLUTE
    ../clib/scanf.c                          0x00000000   Number         0  _scanf.o ABSOLUTE
    ../clib/scanf.c                          0x00000000   Number         0  scanf_char_file.o ABSOLUTE
    ../clib/scanf.c                          0x00000000   Number         0  strtol.o ABSOLUTE
    ../clib/scanf.c                          0x00000000   Number         0  scanf_char.o ABSOLUTE
    ../clib/scanf.c                          0x00000000   Number         0  __0scanf.o ABSOLUTE
    ../clib/scanf.c                          0x00000000   Number         0  _chval.o ABSOLUTE
    ../clib/scanf.c                          0x00000000   Number         0  _strtoul.o ABSOLUTE
    ../clib/scanf.c                          0x00000000   Number         0  atoi.o ABSOLUTE
    ../fplib/microlib/fpadd.c                0x00000000   Number         0  dadd.o ABSOLUTE
    ../fplib/microlib/fpdiv.c                0x00000000   Number         0  ddiv.o ABSOLUTE
    ../fplib/microlib/fpepilogue.c           0x00000000   Number         0  depilogue.o ABSOLUTE
    ../fplib/microlib/fpfix.c                0x00000000   Number         0  dfixul.o ABSOLUTE
    ../fplib/microlib/fpflt.c                0x00000000   Number         0  dfltui.o ABSOLUTE
    ../fplib/microlib/fpflt.c                0x00000000   Number         0  dflti.o ABSOLUTE
    ../fplib/microlib/fpmul.c                0x00000000   Number         0  dmul.o ABSOLUTE
    ..\..\..\Libraries\CMSIS\Device\ST\STM32F4xx\Source\Templates\arm\startup_stm32f40xx.s 0x00000000   Number         0  startup_stm32f40xx.o ABSOLUTE
    ..\..\..\Libraries\CMSIS\Device\ST\STM32F4xx\Source\Templates\system_stm32f4xx.c 0x00000000   Number         0  system_stm32f4xx.o ABSOLUTE
    ..\..\..\Libraries\STM32F4xx_StdPeriph_Driver\src\misc.c 0x00000000   Number         0  misc.o ABSOLUTE
    ..\..\..\Libraries\STM32F4xx_StdPeriph_Driver\src\stm32f4xx_dma.c 0x00000000   Number         0  stm32f4xx_dma.o ABSOLUTE
    ..\..\..\Libraries\STM32F4xx_StdPeriph_Driver\src\stm32f4xx_exti.c 0x00000000   Number         0  stm32f4xx_exti.o ABSOLUTE
    ..\..\..\Libraries\STM32F4xx_StdPeriph_Driver\src\stm32f4xx_fsmc.c 0x00000000   Number         0  stm32f4xx_fsmc.o ABSOLUTE
    ..\..\..\Libraries\STM32F4xx_StdPeriph_Driver\src\stm32f4xx_gpio.c 0x00000000   Number         0  stm32f4xx_gpio.o ABSOLUTE
    ..\..\..\Libraries\STM32F4xx_StdPeriph_Driver\src\stm32f4xx_i2c.c 0x00000000   Number         0  stm32f4xx_i2c.o ABSOLUTE
    ..\..\..\Libraries\STM32F4xx_StdPeriph_Driver\src\stm32f4xx_rcc.c 0x00000000   Number         0  stm32f4xx_rcc.o ABSOLUTE
    ..\..\..\Libraries\STM32F4xx_StdPeriph_Driver\src\stm32f4xx_sdio.c 0x00000000   Number         0  stm32f4xx_sdio.o ABSOLUTE
    ..\..\..\Libraries\STM32F4xx_StdPeriph_Driver\src\stm32f4xx_syscfg.c 0x00000000   Number         0  stm32f4xx_syscfg.o ABSOLUTE
    ..\..\..\Libraries\STM32F4xx_StdPeriph_Driver\src\stm32f4xx_usart.c 0x00000000   Number         0  stm32f4xx_usart.o ABSOLUTE
    ..\..\..\Utilities\SN8200\sn8200_api.c   0x00000000   Number         0  sn8200_api.o ABSOLUTE
    ..\..\..\Utilities\SN8200\sn8200_core.c  0x00000000   Number         0  sn8200_core.o ABSOLUTE
    ..\..\..\Utilities\SN8200\sn8200_hal.c   0x00000000   Number         0  sn8200_hal.o ABSOLUTE
    ..\..\..\Utilities\STM32F4-Discovery\stm32f4_discovery.c 0x00000000   Number         0  stm32f4_discovery.o ABSOLUTE
    ..\..\..\Utilities\STM32F4-Discovery\stm32f4_discovery_lcd.c 0x00000000   Number         0  stm32f4_discovery_lcd.o ABSOLUTE
    ..\\..\\..\\Libraries\\CMSIS\\Device\\ST\\STM32F4xx\\Source\\Templates\\system_stm32f4xx.c 0x00000000   Number         0  system_stm32f4xx.o ABSOLUTE
    ..\\..\\..\\Libraries\\STM32F4xx_StdPeriph_Driver\\src\\misc.c 0x00000000   Number         0  misc.o ABSOLUTE
    ..\\..\\..\\Libraries\\STM32F4xx_StdPeriph_Driver\\src\\stm32f4xx_dma.c 0x00000000   Number         0  stm32f4xx_dma.o ABSOLUTE
    ..\\..\\..\\Libraries\\STM32F4xx_StdPeriph_Driver\\src\\stm32f4xx_exti.c 0x00000000   Number         0  stm32f4xx_exti.o ABSOLUTE
    ..\\..\\..\\Libraries\\STM32F4xx_StdPeriph_Driver\\src\\stm32f4xx_fsmc.c 0x00000000   Number         0  stm32f4xx_fsmc.o ABSOLUTE
    ..\\..\\..\\Libraries\\STM32F4xx_StdPeriph_Driver\\src\\stm32f4xx_gpio.c 0x00000000   Number         0  stm32f4xx_gpio.o ABSOLUTE
    ..\\..\\..\\Libraries\\STM32F4xx_StdPeriph_Driver\\src\\stm32f4xx_i2c.c 0x00000000   Number         0  stm32f4xx_i2c.o ABSOLUTE
    ..\\..\\..\\Libraries\\STM32F4xx_StdPeriph_Driver\\src\\stm32f4xx_rcc.c 0x00000000   Number         0  stm32f4xx_rcc.o ABSOLUTE
    ..\\..\\..\\Libraries\\STM32F4xx_StdPeriph_Driver\\src\\stm32f4xx_sdio.c 0x00000000   Number         0  stm32f4xx_sdio.o ABSOLUTE
    ..\\..\\..\\Libraries\\STM32F4xx_StdPeriph_Driver\\src\\stm32f4xx_syscfg.c 0x00000000   Number         0  stm32f4xx_syscfg.o ABSOLUTE
    ..\\..\\..\\Libraries\\STM32F4xx_StdPeriph_Driver\\src\\stm32f4xx_usart.c 0x00000000   Number         0  stm32f4xx_usart.o ABSOLUTE
    ..\\..\\..\\Utilities\\SN8200\\sn8200_api.c 0x00000000   Number         0  sn8200_api.o ABSOLUTE
    ..\\..\\..\\Utilities\\SN8200\\sn8200_core.c 0x00000000   Number         0  sn8200_core.o ABSOLUTE
    ..\\..\\..\\Utilities\\SN8200\\sn8200_hal.c 0x00000000   Number         0  sn8200_hal.o ABSOLUTE
    ..\\..\\..\\Utilities\\STM32F4-Discovery\\stm32f4_discovery.c 0x00000000   Number         0  stm32f4_discovery.o ABSOLUTE
    ..\\..\\..\\Utilities\\STM32F4-Discovery\\stm32f4_discovery_lcd.c 0x00000000   Number         0  stm32f4_discovery_lcd.o ABSOLUTE
    ..\\src\\delay.c                         0x00000000   Number         0  delay.o ABSOLUTE
    ..\\src\\main.c                          0x00000000   Number         0  main.o ABSOLUTE
    ..\\src\\stm32f4xx_it.c                  0x00000000   Number         0  stm32f4xx_it.o ABSOLUTE
    ..\src\delay.c                           0x00000000   Number         0  delay.o ABSOLUTE
    ..\src\main.c                            0x00000000   Number         0  main.o ABSOLUTE
    ..\src\stm32f4xx_it.c                    0x00000000   Number         0  stm32f4xx_it.o ABSOLUTE
    cdcmple.s                                0x00000000   Number         0  cdcmple.o ABSOLUTE
    cdrcmple.s                               0x00000000   Number         0  cdrcmple.o ABSOLUTE
    dc.s                                     0x00000000   Number         0  dc.o ABSOLUTE
    handlers.s                               0x00000000   Number         0  handlers.o ABSOLUTE
    init.s                                   0x00000000   Number         0  init.o ABSOLUTE
    RESET                                    0x08000000   Section      392  startup_stm32f40xx.o(RESET)
    .ARM.Collect$$$$00000000                 0x08000188   Section        0  entry.o(.ARM.Collect$$$$00000000)
    .ARM.Collect$$$$00000001                 0x08000188   Section        4  entry2.o(.ARM.Collect$$$$00000001)
    .ARM.Collect$$$$00000004                 0x0800018c   Section        4  entry5.o(.ARM.Collect$$$$00000004)
    .ARM.Collect$$$$00000008                 0x08000190   Section        0  entry7b.o(.ARM.Collect$$$$00000008)
    .ARM.Collect$$$$00000009                 0x08000190   Section        8  entry8.o(.ARM.Collect$$$$00000009)
    .ARM.Collect$$$$00002712                 0x08000198   Section        4  entry2.o(.ARM.Collect$$$$00002712)
    __lit__00000000                          0x08000198   Data           4  entry2.o(.ARM.Collect$$$$00002712)
    .text                                    0x0800019c   Section        0  main.o(.text)
    .text                                    0x0800137c   Section        0  delay.o(.text)
    .text                                    0x08001410   Section        0  stm32f4xx_it.o(.text)
    .text                                    0x08001428   Section        0  sn8200_api.o(.text)
    .text                                    0x08002d5c   Section        0  sn8200_core.o(.text)
    escape_payload_and_transmit_no_ESC       0x08002d9d   Thumb Code    84  sn8200_core.o(.text)
    calc_escaped_payload_len_no_ESC          0x08002df1   Thumb Code    42  sn8200_core.o(.text)
    no_ESC_transmit                          0x08002e1b   Thumb Code   124  sn8200_core.o(.text)
    .text                                    0x080032a4   Section        0  sn8200_hal.o(.text)
    .text                                    0x08003400   Section        0  stm32f4_discovery_lcd.o(.text)
    delay                                    0x080037fb   Thumb Code    46  stm32f4_discovery_lcd.o(.text)
    PutPixel                                 0x08003b91   Thumb Code    42  stm32f4_discovery_lcd.o(.text)
    LCD_PolyLineRelativeClosed               0x08004073   Thumb Code   128  stm32f4_discovery_lcd.o(.text)
    .text                                    0x080043ec   Section        0  misc.o(.text)
    .text                                    0x080044d0   Section        0  stm32f4xx_fsmc.o(.text)
    .text                                    0x08004aec   Section        0  stm32f4xx_gpio.o(.text)
    .text                                    0x08004d38   Section        0  stm32f4xx_rcc.o(.text)
    .text                                    0x080052c8   Section        0  stm32f4xx_usart.o(.text)
    .text                                    0x0800571c   Section        0  system_stm32f4xx.o(.text)
    SetSysClock                              0x0800571d   Thumb Code   198  system_stm32f4xx.o(.text)
    .text                                    0x08005914   Section       36  startup_stm32f40xx.o(.text)
    $v0                                      0x08005914   Number         0  startup_stm32f40xx.o(.text)
    .text                                    0x08005938   Section        0  ctype_o.o(.text)
    .text                                    0x08005940   Section        0  isspace_o.o(.text)
    .text                                    0x08005952   Section        0  memcpya.o(.text)
    .text                                    0x08005976   Section        0  memseta.o(.text)
    .text                                    0x0800599a   Section        0  strstr.o(.text)
    .text                                    0x080059c6   Section        0  strlen.o(.text)
    .text                                    0x080059d6   Section        0  strcpy.o(.text)
    .text                                    0x080059e8   Section        0  strncmp.o(.text)
    .text                                    0x08005a08   Section        0  __0scanf.o(.text)
    .text                                    0x08005a28   Section        0  _scanf_str.o(.text)
    .text                                    0x08005b02   Section        0  strtol.o(.text)
    .text                                    0x08005b72   Section        0  atoi.o(.text)
    .text                                    0x08005b8c   Section        0  dflti.o(.text)
    .text                                    0x08005bae   Section        0  dfltui.o(.text)
    .text                                    0x08005bc8   Section       40  cdcmple.o(.text)
    .text                                    0x08005bf0   Section       40  cdrcmple.o(.text)
    .text                                    0x08005c18   Section        0  uldiv.o(.text)
    .text                                    0x08005c7a   Section        0  _strtoul.o(.text)
    .text                                    0x08005d18   Section        0  scanf_char_file.o(.text)
    .text                                    0x08005d2c   Section        0  depilogue.o(.text)
    .text                                    0x08005d2c   Section        0  iusefp.o(.text)
    .text                                    0x08005dec   Section       36  init.o(.text)
    .text                                    0x08005e10   Section        0  fgetc_b.o(.text)
    .text                                    0x08005e3c   Section        0  llshl.o(.text)
    .text                                    0x08005e5a   Section        0  llushr.o(.text)
    .text                                    0x08005e7a   Section        0  _chval.o(.text)
    .text                                    0x08005e98   Section        0  scanf_char.o(.text)
    _scanf_char_input                        0x08005e99   Thumb Code    12  scanf_char.o(.text)
    .text                                    0x08005ec0   Section        0  _scanf.o(.text)
    .text                                    0x08005ec0   Section        0  semi.o(.text)
    .text                                    0x080061ec   Section        0  iusesemig.o(.text)
    i.__0printf$8                            0x080061ec   Section        0  printf8.o(i.__0printf$8)
    i.__0sprintf$8                           0x0800620c   Section        0  printf8.o(i.__0sprintf$8)
    i.__aeabi_errno_addr                     0x08006234   Section        0  errno.o(i.__aeabi_errno_addr)
    i.__scatterload_copy                     0x0800623c   Section       14  handlers.o(i.__scatterload_copy)
    i.__scatterload_null                     0x0800624a   Section        2  handlers.o(i.__scatterload_null)
    i.__scatterload_zeroinit                 0x0800624c   Section       14  handlers.o(i.__scatterload_zeroinit)
    i._printf_core                           0x0800625c   Section        0  printf8.o(i._printf_core)
    _printf_core                             0x0800625d   Thumb Code   996  printf8.o(i._printf_core)
    i._printf_post_padding                   0x0800666c   Section        0  printf8.o(i._printf_post_padding)
    _printf_post_padding                     0x0800666d   Thumb Code    38  printf8.o(i._printf_post_padding)
    i._printf_pre_padding                    0x08006692   Section        0  printf8.o(i._printf_pre_padding)
    _printf_pre_padding                      0x08006693   Thumb Code    48  printf8.o(i._printf_pre_padding)
    i._sputc                                 0x080066c2   Section        0  printf8.o(i._sputc)
    _sputc                                   0x080066c3   Thumb Code    10  printf8.o(i._sputc)
    .constdata                               0x080066cc   Section      121  main.o(.constdata)
    .constdata                               0x08006748   Section      376  sn8200_api.o(.constdata)
    .constdata                               0x080068c0   Section    10704  stm32f4_discovery_lcd.o(.constdata)
    .constdata                               0x08009290   Section      129  ctype_o.o(.constdata)
    .constdata                               0x08009314   Section        4  ctype_o.o(.constdata)
    table                                    0x08009314   Data           4  ctype_o.o(.constdata)
    .data                                    0x20000000   Section       21  main.o(.data)
    .data                                    0x20000018   Section        4  delay.o(.data)
    TimingDelay                              0x20000018   Data           4  delay.o(.data)
    .data                                    0x2000001c   Section      100  sn8200_api.o(.data)
    times                                    0x20000074   Data           4  sn8200_api.o(.data)
    isPrintable                              0x20000078   Data           4  sn8200_api.o(.data)
    i                                        0x2000007c   Data           4  sn8200_api.o(.data)
    .data                                    0x20000080   Section       25  sn8200_core.o(.data)
    curr_buf_idx                             0x20000080   Data           4  sn8200_core.o(.data)
    curr_read_idx                            0x20000084   Data           4  sn8200_core.o(.data)
    serial_rx_state                          0x2000008c   Data           1  sn8200_core.o(.data)
    rx_frm_payload_index                     0x20000090   Data           4  sn8200_core.o(.data)
    rx_frm_data_index                        0x20000094   Data           4  sn8200_core.o(.data)
    rx_frm_chksum                            0x20000098   Data           1  sn8200_core.o(.data)
    .data                                    0x2000009c   Section        8  sn8200_hal.o(.data)
    .data                                    0x200000a4   Section       40  stm32f4_discovery_lcd.o(.data)
    TextColor                                0x200000c4   Data           2  stm32f4_discovery_lcd.o(.data)
    BackColor                                0x200000c6   Data           2  stm32f4_discovery_lcd.o(.data)
    LCD_Currentfonts                         0x200000c8   Data           4  stm32f4_discovery_lcd.o(.data)
    .data                                    0x200000cc   Section       16  stm32f4xx_rcc.o(.data)
    APBAHBPrescTable                         0x200000cc   Data          16  stm32f4xx_rcc.o(.data)
    .data                                    0x200000dc   Section       20  system_stm32f4xx.o(.data)
    .data                                    0x200000f0   Section        4  stdin.o(.data)
    .data                                    0x200000f4   Section        4  stdout.o(.data)
    .data                                    0x200000f8   Section        4  errno.o(.data)
    _errno                                   0x200000f8   Data           4  errno.o(.data)
    .data                                    0x200000fc   Section        3  fgetc_b.o(.data)
    ungetc_sp                                0x200000fc   Data           1  fgetc_b.o(.data)
    ungetc_stack                             0x200000fd   Data           2  fgetc_b.o(.data)
    .bss                                     0x20000100   Section      484  main.o(.bss)
    .bss                                     0x200002e4   Section     1924  sn8200_api.o(.bss)
    .bss                                     0x20000a68   Section    84176  sn8200_core.o(.bss)
    tempReTXBuf                              0x20000a68   Data        4096  sn8200_core.o(.bss)
    .bss                                     0x20015338   Section     4096  sn8200_hal.o(.bss)
    STACK                                    0x20016338   Section     1024  startup_stm32f40xx.o(STACK)

    Global Symbols

    Symbol Name                              Value     Ov Type        Size  Object(Section)

    BuildAttributes$$THM_ISAv4$E$P$D$K$B$S$7EM$VFPi3$EXTD16$VFPS$VFMA$PE$A:L22UL41UL21$X:L11$S22US41US21$IEEE1$IW$USESV6$~STKCKD$USESV7$~SHL$OSPACE$ROPI$EBA8$MICROLIB$REQ8$PRES8$EABIv2 0x00000000   Number         0  anon$$obj.o ABSOLUTE
    __ARM_use_no_argv                        0x00000000   Number         0  main.o ABSOLUTE
    _printf_a                                0x00000000   Number         0  stubs.o ABSOLUTE
    _printf_c                                0x00000000   Number         0  stubs.o ABSOLUTE
    _printf_charcount                        0x00000000   Number         0  stubs.o ABSOLUTE
    _printf_d                                0x00000000   Number         0  stubs.o ABSOLUTE
    _printf_e                                0x00000000   Number         0  stubs.o ABSOLUTE
    _printf_f                                0x00000000   Number         0  stubs.o ABSOLUTE
    _printf_flags                            0x00000000   Number         0  stubs.o ABSOLUTE
    _printf_fp_dec                           0x00000000   Number         0  stubs.o ABSOLUTE
    _printf_fp_hex                           0x00000000   Number         0  stubs.o ABSOLUTE
    _printf_g                                0x00000000   Number         0  stubs.o ABSOLUTE
    _printf_i                                0x00000000   Number         0  stubs.o ABSOLUTE
    _printf_int_dec                          0x00000000   Number         0  stubs.o ABSOLUTE
    _printf_l                                0x00000000   Number         0  stubs.o ABSOLUTE
    _printf_lc                               0x00000000   Number         0  stubs.o ABSOLUTE
    _printf_ll                               0x00000000   Number         0  stubs.o ABSOLUTE
    _printf_lld                              0x00000000   Number         0  stubs.o ABSOLUTE
    _printf_lli                              0x00000000   Number         0  stubs.o ABSOLUTE
    _printf_llo                              0x00000000   Number         0  stubs.o ABSOLUTE
    _printf_llu                              0x00000000   Number         0  stubs.o ABSOLUTE
    _printf_llx                              0x00000000   Number         0  stubs.o ABSOLUTE
    _printf_longlong_dec                     0x00000000   Number         0  stubs.o ABSOLUTE
    _printf_longlong_hex                     0x00000000   Number         0  stubs.o ABSOLUTE
    _printf_longlong_oct                     0x00000000   Number         0  stubs.o ABSOLUTE
    _printf_ls                               0x00000000   Number         0  stubs.o ABSOLUTE
    _printf_mbtowc                           0x00000000   Number         0  stubs.o ABSOLUTE
    _printf_n                                0x00000000   Number         0  stubs.o ABSOLUTE
    _printf_o                                0x00000000   Number         0  stubs.o ABSOLUTE
    _printf_p                                0x00000000   Number         0  stubs.o ABSOLUTE
    _printf_percent                          0x00000000   Number         0  stubs.o ABSOLUTE
    _printf_pre_padding                      0x00000000   Number         0  stubs.o ABSOLUTE
    _printf_return_value                     0x00000000   Number         0  stubs.o ABSOLUTE
    _printf_s                                0x00000000   Number         0  stubs.o ABSOLUTE
    _printf_sizespec                         0x00000000   Number         0  stubs.o ABSOLUTE
    _printf_str                              0x00000000   Number         0  stubs.o ABSOLUTE
    _printf_truncate_signed                  0x00000000   Number         0  stubs.o ABSOLUTE
    _printf_truncate_unsigned                0x00000000   Number         0  stubs.o ABSOLUTE
    _printf_u                                0x00000000   Number         0  stubs.o ABSOLUTE
    _printf_wc                               0x00000000   Number         0  stubs.o ABSOLUTE
    _printf_wctomb                           0x00000000   Number         0  stubs.o ABSOLUTE
    _printf_widthprec                        0x00000000   Number         0  stubs.o ABSOLUTE
    _printf_x                                0x00000000   Number         0  stubs.o ABSOLUTE
    __decompress                              - Undefined Weak Reference
    _clock_init                               - Undefined Weak Reference
    _scanf_int                                - Undefined Weak Reference
    _scanf_longlong                           - Undefined Weak Reference
    _scanf_real                               - Undefined Weak Reference
    __Vectors_Size                           0x00000188   Number         0  startup_stm32f40xx.o ABSOLUTE
    __Vectors                                0x08000000   Data           4  startup_stm32f40xx.o(RESET)
    __Vectors_End                            0x08000188   Data           0  startup_stm32f40xx.o(RESET)
    __main                                   0x08000189   Thumb Code     0  entry.o(.ARM.Collect$$$$00000000)
    _main_stk                                0x08000189   Thumb Code     0  entry2.o(.ARM.Collect$$$$00000001)
    _main_scatterload                        0x0800018d   Thumb Code     0  entry5.o(.ARM.Collect$$$$00000004)
    __main_after_scatterload                 0x08000191   Thumb Code     0  entry5.o(.ARM.Collect$$$$00000004)
    _main_clock                              0x08000191   Thumb Code     0  entry7b.o(.ARM.Collect$$$$00000008)
    _main_init                               0x08000191   Thumb Code     0  entry8.o(.ARM.Collect$$$$00000009)
    ShowMenu                                 0x0800019d   Thumb Code   148  main.o(.text)
    sendHttpReqTest                          0x08000231   Thumb Code   130  main.o(.text)
    sendHttpChunkReqTest                     0x080002b3   Thumb Code   162  main.o(.text)
    sendHttpJsonPostDemo                     0x08000355   Thumb Code   180  main.o(.text)
    sendHttpPostDemo                         0x08000409   Thumb Code  1058  main.o(.text)
    ProcessUserInput                         0x0800082b   Thumb Code  1826  main.o(.text)
    DBGU_Init                                0x08000f4d   Thumb Code   188  main.o(.text)
    main                                     0x08001009   Thumb Code   162  main.o(.text)
    DBGU_RxBufferEmpty                       0x080010ab   Thumb Code   406  main.o(.text)
    USART3_IRQHandler                        0x08001241   Thumb Code   136  main.o(.text)
    fputc                                    0x080012c9   Thumb Code    32  main.o(.text)
    DBGU_GetChar                             0x080012e9   Thumb Code    44  main.o(.text)
    fgetc                                    0x08001315   Thumb Code    84  main.o(.text)
    SysTick_Configuration                    0x0800137d   Thumb Code    90  delay.o(.text)
    mdelay                                   0x080013d7   Thumb Code    16  delay.o(.text)
    TimingDelay_Decrement                    0x080013e7   Thumb Code    18  delay.o(.text)
    SysTick_Handler                          0x080013f9   Thumb Code     8  delay.o(.text)
    NMI_Handler                              0x08001411   Thumb Code     2  stm32f4xx_it.o(.text)
    HardFault_Handler                        0x08001413   Thumb Code     4  stm32f4xx_it.o(.text)
    MemManage_Handler                        0x08001417   Thumb Code     4  stm32f4xx_it.o(.text)
    BusFault_Handler                         0x0800141b   Thumb Code     4  stm32f4xx_it.o(.text)
    UsageFault_Handler                       0x0800141f   Thumb Code     4  stm32f4xx_it.o(.text)
    SVC_Handler                              0x08001423   Thumb Code     2  stm32f4xx_it.o(.text)
    DebugMon_Handler                         0x08001425   Thumb Code     2  stm32f4xx_it.o(.text)
    PendSV_Handler                           0x08001427   Thumb Code     2  stm32f4xx_it.o(.text)
    inet_aton                                0x08001429   Thumb Code   338  sn8200_api.o(.text)
    inet_addr                                0x0800157b   Thumb Code    24  sn8200_api.o(.text)
    getTCPinfo                               0x08001593   Thumb Code   190  sn8200_api.o(.text)
    setTCPinfo                               0x08001651   Thumb Code    98  sn8200_api.o(.text)
    getUDPinfo                               0x080016b3   Thumb Code   118  sn8200_api.o(.text)
    setUDPinfo                               0x08001729   Thumb Code    98  sn8200_api.o(.text)
    SN8200_API_Init                          0x0800178b   Thumb Code    12  sn8200_api.o(.text)
    SN8200_API_HasInput                      0x08001797   Thumb Code     8  sn8200_api.o(.text)
    ProcessSN8200Input                       0x0800179f   Thumb Code     8  sn8200_api.o(.text)
    GetStatus                                0x080017a7   Thumb Code    98  sn8200_api.o(.text)
    WifiOn                                   0x08001809   Thumb Code    46  sn8200_api.o(.text)
    WifiOff                                  0x08001837   Thumb Code    34  sn8200_api.o(.text)
    ApOnOff                                  0x08001859   Thumb Code   118  sn8200_api.o(.text)
    WifiScan                                 0x080018cf   Thumb Code    54  sn8200_api.o(.text)
    WifiJoin                                 0x08001905   Thumb Code   716  sn8200_api.o(.text)
    WifiDisconn                              0x08001bd1   Thumb Code    34  sn8200_api.o(.text)
    SnicInit                                 0x08001bf3   Thumb Code    44  sn8200_api.o(.text)
    SnicCleanup                              0x08001c1f   Thumb Code    34  sn8200_api.o(.text)
    SnicIPConfig                             0x08001c41   Thumb Code   104  sn8200_api.o(.text)
    SnicGetDhcp                              0x08001ca9   Thumb Code   130  sn8200_api.o(.text)
    tcpCreateSocket                          0x08001d2b   Thumb Code   134  sn8200_api.o(.text)
    closeSocket                              0x08001db1   Thumb Code    50  sn8200_api.o(.text)
    tcpConnectToServer                       0x08001de3   Thumb Code   150  sn8200_api.o(.text)
    tcpCreateConnection                      0x08001e79   Thumb Code   100  sn8200_api.o(.text)
    sendFromSock                             0x08001edd   Thumb Code   458  sn8200_api.o(.text)
    udpCreateSocket                          0x080020a7   Thumb Code   126  sn8200_api.o(.text)
    udpSendFromSock                          0x08002125   Thumb Code   180  sn8200_api.o(.text)
    udpStartRecv                             0x080021d9   Thumb Code    72  sn8200_api.o(.text)
    handleRxWiFi                             0x08002221   Thumb Code   524  sn8200_api.o(.text)
    handleRxSNIC                             0x0800242d   Thumb Code  1326  sn8200_api.o(.text)
    SendSNIC                                 0x0800295b   Thumb Code   710  sn8200_api.o(.text)
    fillNSendHttpReq                         0x08002c21   Thumb Code   214  sn8200_api.o(.text)
    fillNSendHttpMoreReq                     0x08002cf7   Thumb Code    96  sn8200_api.o(.text)
    dummy_tx                                 0x08002d5d   Thumb Code    64  sn8200_core.o(.text)
    rx_process_char_no_ESC                   0x08002e97   Thumb Code   652  sn8200_core.o(.text)
    sci_ser_cmd_proc                         0x08003123   Thumb Code    80  sn8200_core.o(.text)
    SN8200_RxFrameEmpty                      0x08003173   Thumb Code    20  sn8200_core.o(.text)
    process_rx_frame                         0x08003187   Thumb Code   100  sn8200_core.o(.text)
    SN8200_Init                              0x080031eb   Thumb Code    12  sn8200_core.o(.text)
    SN8200_HasInput                          0x080031f7   Thumb Code    12  sn8200_core.o(.text)
    serial_transmit                          0x08003203   Thumb Code    50  sn8200_core.o(.text)
    rx_thread_proc                           0x08003235   Thumb Code   100  sn8200_core.o(.text)
    SN8200_HAL_Init                          0x080032a5   Thumb Code   186  sn8200_hal.o(.text)
    SN8200_HAL_SendData                      0x0800335f   Thumb Code    40  sn8200_hal.o(.text)
    SN8200_HAL_RxBufferEmpty                 0x08003387   Thumb Code    20  sn8200_hal.o(.text)
    SN8200_HAL_ReadByte                      0x0800339b   Thumb Code    38  sn8200_hal.o(.text)
    USART1_IRQHandler                        0x080033c1   Thumb Code    44  sn8200_hal.o(.text)
    LCD_DisplayOff                           0x08003401   Thumb Code     2  stm32f4_discovery_lcd.o(.text)
    LCD_DeInit                               0x08003403   Thumb Code   538  stm32f4_discovery_lcd.o(.text)
    LCD_CtrlLinesConfig                      0x0800361d   Thumb Code   360  stm32f4_discovery_lcd.o(.text)
    LCD_FSMCConfig                           0x08003785   Thumb Code    94  stm32f4_discovery_lcd.o(.text)
    LCD_SetFont                              0x080037e3   Thumb Code     6  stm32f4_discovery_lcd.o(.text)
    LCD_WriteRAM                             0x080037e9   Thumb Code     6  stm32f4_discovery_lcd.o(.text)
    LCD_WriteReg                             0x080037ef   Thumb Code    12  stm32f4_discovery_lcd.o(.text)
    STM32f4_Discovery_LCD_Init               0x08003829   Thumb Code   344  stm32f4_discovery_lcd.o(.text)
    LCD_SetCursor                            0x08003981   Thumb Code    24  stm32f4_discovery_lcd.o(.text)
    LCD_ReadReg                              0x08003999   Thumb Code    14  stm32f4_discovery_lcd.o(.text)
    LCD_WriteRAM_Prepare                     0x080039a7   Thumb Code    10  stm32f4_discovery_lcd.o(.text)
    LCD_ReadRAM                              0x080039b1   Thumb Code     6  stm32f4_discovery_lcd.o(.text)
    LCD_RGB_Test                             0x080039b7   Thumb Code    70  stm32f4_discovery_lcd.o(.text)
    LCD_SetColors                            0x080039fd   Thumb Code    10  stm32f4_discovery_lcd.o(.text)
    LCD_GetColors                            0x08003a07   Thumb Code    14  stm32f4_discovery_lcd.o(.text)
    LCD_SetTextColor                         0x08003a15   Thumb Code     6  stm32f4_discovery_lcd.o(.text)
    LCD_SetBackColor                         0x08003a1b   Thumb Code     6  stm32f4_discovery_lcd.o(.text)
    LCD_DisplayOn                            0x08003a21   Thumb Code     2  stm32f4_discovery_lcd.o(.text)
    LCD_GetFont                              0x08003a23   Thumb Code     6  stm32f4_discovery_lcd.o(.text)
    LCD_DrawChar                             0x08003a29   Thumb Code   160  stm32f4_discovery_lcd.o(.text)
    LCD_DisplayChar                          0x08003ac9   Thumb Code    42  stm32f4_discovery_lcd.o(.text)
    LCD_ClearLine                            0x08003af3   Thumb Code    36  stm32f4_discovery_lcd.o(.text)
    LCD_Clear                                0x08003b17   Thumb Code    36  stm32f4_discovery_lcd.o(.text)
    LCD_DrawLine                             0x08003b3b   Thumb Code    86  stm32f4_discovery_lcd.o(.text)
    LCD_DisplayStringLine                    0x08003bbb   Thumb Code    50  stm32f4_discovery_lcd.o(.text)
    LCD_SetDisplayWindow                     0x08003bed   Thumb Code   122  stm32f4_discovery_lcd.o(.text)
    LCD_WindowModeDisable                    0x08003c67   Thumb Code     2  stm32f4_discovery_lcd.o(.text)
    LCD_DrawRect                             0x08003c69   Thumb Code    66  stm32f4_discovery_lcd.o(.text)
    LCD_DrawCircle                           0x08003cab   Thumb Code   252  stm32f4_discovery_lcd.o(.text)
    LCD_DrawMonoPict                         0x08003da7   Thumb Code    76  stm32f4_discovery_lcd.o(.text)
    LCD_WriteBMP                             0x08003df3   Thumb Code     2  stm32f4_discovery_lcd.o(.text)
    LCD_DrawFullRect                         0x08003df5   Thumb Code   126  stm32f4_discovery_lcd.o(.text)
    LCD_DrawFullCircle                       0x08003e73   Thumb Code   162  stm32f4_discovery_lcd.o(.text)
    LCD_DrawUniLine                          0x08003f15   Thumb Code   282  stm32f4_discovery_lcd.o(.text)
    LCD_PolyLine                             0x0800402f   Thumb Code    68  stm32f4_discovery_lcd.o(.text)
    LCD_ClosedPolyLine                       0x080040f3   Thumb Code    48  stm32f4_discovery_lcd.o(.text)
    LCD_PolyLineRelative                     0x08004123   Thumb Code    18  stm32f4_discovery_lcd.o(.text)
    LCD_ClosedPolyLineRelative               0x08004135   Thumb Code    18  stm32f4_discovery_lcd.o(.text)
    LCD_FillPolyLine                         0x08004147   Thumb Code   670  stm32f4_discovery_lcd.o(.text)
    NVIC_PriorityGroupConfig                 0x080043ed   Thumb Code    10  misc.o(.text)
    NVIC_Init                                0x080043f7   Thumb Code   108  misc.o(.text)
    NVIC_SetVectorTable                      0x08004463   Thumb Code    14  misc.o(.text)
    NVIC_SystemLPConfig                      0x08004471   Thumb Code    34  misc.o(.text)
    SysTick_CLKSourceConfig                  0x08004493   Thumb Code    40  misc.o(.text)
    FSMC_NORSRAMDeInit                       0x080044d1   Thumb Code    56  stm32f4xx_fsmc.o(.text)
    FSMC_NORSRAMInit                         0x08004509   Thumb Code   224  stm32f4xx_fsmc.o(.text)
    FSMC_NORSRAMStructInit                   0x080045e9   Thumb Code   114  stm32f4xx_fsmc.o(.text)
    FSMC_NORSRAMCmd                          0x0800465b   Thumb Code    46  stm32f4xx_fsmc.o(.text)
    FSMC_NANDDeInit                          0x08004689   Thumb Code    62  stm32f4xx_fsmc.o(.text)
    FSMC_NANDInit                            0x080046c7   Thumb Code   130  stm32f4xx_fsmc.o(.text)
    FSMC_NANDStructInit                      0x08004749   Thumb Code    54  stm32f4xx_fsmc.o(.text)
    FSMC_NANDCmd                             0x0800477f   Thumb Code    86  stm32f4xx_fsmc.o(.text)
    FSMC_NANDECCCmd                          0x080047d5   Thumb Code    86  stm32f4xx_fsmc.o(.text)
    FSMC_GetECC                              0x0800482b   Thumb Code    22  stm32f4xx_fsmc.o(.text)
    FSMC_PCCARDDeInit                        0x08004841   Thumb Code    40  stm32f4xx_fsmc.o(.text)
    FSMC_PCCARDInit                          0x08004869   Thumb Code   124  stm32f4xx_fsmc.o(.text)
    FSMC_PCCARDStructInit                    0x080048e5   Thumb Code    60  stm32f4xx_fsmc.o(.text)
    FSMC_PCCARDCmd                           0x08004921   Thumb Code    40  stm32f4xx_fsmc.o(.text)
    FSMC_ITConfig                            0x08004949   Thumb Code   128  stm32f4xx_fsmc.o(.text)
    FSMC_GetFlagStatus                       0x080049c9   Thumb Code    48  stm32f4xx_fsmc.o(.text)
    FSMC_ClearFlag                           0x080049f9   Thumb Code    62  stm32f4xx_fsmc.o(.text)
    FSMC_GetITStatus                         0x08004a37   Thumb Code   110  stm32f4xx_fsmc.o(.text)
    FSMC_ClearITPendingBit                   0x08004aa5   Thumb Code    64  stm32f4xx_fsmc.o(.text)
    GPIO_DeInit                              0x08004aed   Thumb Code   220  stm32f4xx_gpio.o(.text)
    GPIO_Init                                0x08004bc9   Thumb Code   144  stm32f4xx_gpio.o(.text)
    GPIO_StructInit                          0x08004c59   Thumb Code    18  stm32f4xx_gpio.o(.text)
    GPIO_PinLockConfig                       0x08004c6b   Thumb Code    18  stm32f4xx_gpio.o(.text)
    GPIO_ReadInputDataBit                    0x08004c7d   Thumb Code    18  stm32f4xx_gpio.o(.text)
    GPIO_ReadInputData                       0x08004c8f   Thumb Code     8  stm32f4xx_gpio.o(.text)
    GPIO_ReadOutputDataBit                   0x08004c97   Thumb Code    18  stm32f4xx_gpio.o(.text)
    GPIO_ReadOutputData                      0x08004ca9   Thumb Code     8  stm32f4xx_gpio.o(.text)
    GPIO_SetBits                             0x08004cb1   Thumb Code     4  stm32f4xx_gpio.o(.text)
    GPIO_ResetBits                           0x08004cb5   Thumb Code     4  stm32f4xx_gpio.o(.text)
    GPIO_WriteBit                            0x08004cb9   Thumb Code    10  stm32f4xx_gpio.o(.text)
    GPIO_Write                               0x08004cc3   Thumb Code     4  stm32f4xx_gpio.o(.text)
    GPIO_ToggleBits                          0x08004cc7   Thumb Code     8  stm32f4xx_gpio.o(.text)
    GPIO_PinAFConfig                         0x08004ccf   Thumb Code    70  stm32f4xx_gpio.o(.text)
    RCC_DeInit                               0x08004d39   Thumb Code    68  stm32f4xx_rcc.o(.text)
    RCC_HSEConfig                            0x08004d7d   Thumb Code    14  stm32f4xx_rcc.o(.text)
    RCC_GetFlagStatus                        0x08004d8b   Thumb Code    60  stm32f4xx_rcc.o(.text)
    RCC_WaitForHSEStartUp                    0x08004dc7   Thumb Code    48  stm32f4xx_rcc.o(.text)
    RCC_AdjustHSICalibrationValue            0x08004df7   Thumb Code    20  stm32f4xx_rcc.o(.text)
    RCC_HSICmd                               0x08004e0b   Thumb Code     6  stm32f4xx_rcc.o(.text)
    RCC_LSEConfig                            0x08004e11   Thumb Code    46  stm32f4xx_rcc.o(.text)
    RCC_LSICmd                               0x08004e3f   Thumb Code     6  stm32f4xx_rcc.o(.text)
    RCC_PLLConfig                            0x08004e45   Thumb Code    32  stm32f4xx_rcc.o(.text)
    RCC_PLLCmd                               0x08004e65   Thumb Code     6  stm32f4xx_rcc.o(.text)
    RCC_PLLI2SConfig                         0x08004e6b   Thumb Code    14  stm32f4xx_rcc.o(.text)
    RCC_PLLI2SCmd                            0x08004e79   Thumb Code     6  stm32f4xx_rcc.o(.text)
    RCC_ClockSecuritySystemCmd               0x08004e7f   Thumb Code     6  stm32f4xx_rcc.o(.text)
    RCC_MCO1Config                           0x08004e85   Thumb Code    28  stm32f4xx_rcc.o(.text)
    RCC_MCO2Config                           0x08004ea1   Thumb Code    28  stm32f4xx_rcc.o(.text)
    RCC_SYSCLKConfig                         0x08004ebd   Thumb Code    20  stm32f4xx_rcc.o(.text)
    RCC_GetSYSCLKSource                      0x08004ed1   Thumb Code    12  stm32f4xx_rcc.o(.text)
    RCC_HCLKConfig                           0x08004edd   Thumb Code    20  stm32f4xx_rcc.o(.text)
    RCC_PCLK1Config                          0x08004ef1   Thumb Code    20  stm32f4xx_rcc.o(.text)
    RCC_PCLK2Config                          0x08004f05   Thumb Code    22  stm32f4xx_rcc.o(.text)
    RCC_GetClocksFreq                        0x08004f1b   Thumb Code   222  stm32f4xx_rcc.o(.text)
    RCC_RTCCLKConfig                         0x08004ff9   Thumb Code    54  stm32f4xx_rcc.o(.text)
    RCC_RTCCLKCmd                            0x0800502f   Thumb Code     8  stm32f4xx_rcc.o(.text)
    RCC_BackupResetCmd                       0x08005037   Thumb Code     8  stm32f4xx_rcc.o(.text)
    RCC_I2SCLKConfig                         0x0800503f   Thumb Code     6  stm32f4xx_rcc.o(.text)
    RCC_TIMCLKPresConfig                     0x08005045   Thumb Code     6  stm32f4xx_rcc.o(.text)
    RCC_AHB1PeriphClockCmd                   0x0800504b   Thumb Code    34  stm32f4xx_rcc.o(.text)
    RCC_AHB2PeriphClockCmd                   0x0800506d   Thumb Code    34  stm32f4xx_rcc.o(.text)
    RCC_AHB3PeriphClockCmd                   0x0800508f   Thumb Code    34  stm32f4xx_rcc.o(.text)
    RCC_APB1PeriphClockCmd                   0x080050b1   Thumb Code    34  stm32f4xx_rcc.o(.text)
    RCC_APB2PeriphClockCmd                   0x080050d3   Thumb Code    34  stm32f4xx_rcc.o(.text)
    RCC_AHB1PeriphResetCmd                   0x080050f5   Thumb Code    84  stm32f4xx_rcc.o(.text)
    RCC_AHB2PeriphResetCmd                   0x08005149   Thumb Code    26  stm32f4xx_rcc.o(.text)
    RCC_AHB3PeriphResetCmd                   0x08005163   Thumb Code    34  stm32f4xx_rcc.o(.text)
    RCC_APB1PeriphResetCmd                   0x08005185   Thumb Code    34  stm32f4xx_rcc.o(.text)
    RCC_APB2PeriphResetCmd                   0x080051a7   Thumb Code    34  stm32f4xx_rcc.o(.text)
    RCC_AHB1PeriphClockLPModeCmd             0x080051c9   Thumb Code    34  stm32f4xx_rcc.o(.text)
    RCC_AHB2PeriphClockLPModeCmd             0x080051eb   Thumb Code    34  stm32f4xx_rcc.o(.text)
    RCC_AHB3PeriphClockLPModeCmd             0x0800520d   Thumb Code    34  stm32f4xx_rcc.o(.text)
    RCC_APB1PeriphClockLPModeCmd             0x0800522f   Thumb Code    34  stm32f4xx_rcc.o(.text)
    RCC_APB2PeriphClockLPModeCmd             0x08005251   Thumb Code    34  stm32f4xx_rcc.o(.text)
    RCC_ITConfig                             0x08005273   Thumb Code    34  stm32f4xx_rcc.o(.text)
    RCC_ClearFlag                            0x08005295   Thumb Code    18  stm32f4xx_rcc.o(.text)
    RCC_GetITStatus                          0x080052a7   Thumb Code    22  stm32f4xx_rcc.o(.text)
    RCC_ClearITPendingBit                    0x080052bd   Thumb Code     8  stm32f4xx_rcc.o(.text)
    USART_DeInit                             0x080052c9   Thumb Code   206  stm32f4xx_usart.o(.text)
    USART_Init                               0x08005397   Thumb Code   204  stm32f4xx_usart.o(.text)
    USART_StructInit                         0x08005463   Thumb Code    24  stm32f4xx_usart.o(.text)
    USART_ClockInit                          0x0800547b   Thumb Code    32  stm32f4xx_usart.o(.text)
    USART_ClockStructInit                    0x0800549b   Thumb Code    12  stm32f4xx_usart.o(.text)
    USART_Cmd                                0x080054a7   Thumb Code    24  stm32f4xx_usart.o(.text)
    USART_SetPrescaler                       0x080054bf   Thumb Code    16  stm32f4xx_usart.o(.text)
    USART_OverSampling8Cmd                   0x080054cf   Thumb Code    22  stm32f4xx_usart.o(.text)
    USART_OneBitMethodCmd                    0x080054e5   Thumb Code    24  stm32f4xx_usart.o(.text)
    USART_SendData                           0x080054fd   Thumb Code     8  stm32f4xx_usart.o(.text)
    USART_ReceiveData                        0x08005505   Thumb Code    10  stm32f4xx_usart.o(.text)
    USART_SetAddress                         0x0800550f   Thumb Code    18  stm32f4xx_usart.o(.text)
    USART_ReceiverWakeUpCmd                  0x08005521   Thumb Code    24  stm32f4xx_usart.o(.text)
    USART_WakeUpConfig                       0x08005539   Thumb Code    18  stm32f4xx_usart.o(.text)
    USART_LINBreakDetectLengthConfig         0x0800554b   Thumb Code    18  stm32f4xx_usart.o(.text)
    USART_LINCmd                             0x0800555d   Thumb Code    24  stm32f4xx_usart.o(.text)
    USART_SendBreak                          0x08005575   Thumb Code    10  stm32f4xx_usart.o(.text)
    USART_HalfDuplexCmd                      0x0800557f   Thumb Code    24  stm32f4xx_usart.o(.text)
    USART_SetGuardTime                       0x08005597   Thumb Code    16  stm32f4xx_usart.o(.text)
    USART_SmartCardCmd                       0x080055a7   Thumb Code    24  stm32f4xx_usart.o(.text)
    USART_SmartCardNACKCmd                   0x080055bf   Thumb Code    24  stm32f4xx_usart.o(.text)
    USART_IrDAConfig                         0x080055d7   Thumb Code    18  stm32f4xx_usart.o(.text)
    USART_IrDACmd                            0x080055e9   Thumb Code    24  stm32f4xx_usart.o(.text)
    USART_DMACmd                             0x08005601   Thumb Code    18  stm32f4xx_usart.o(.text)
    USART_ITConfig                           0x08005613   Thumb Code    74  stm32f4xx_usart.o(.text)
    USART_GetFlagStatus                      0x0800565d   Thumb Code    26  stm32f4xx_usart.o(.text)
    USART_ClearFlag                          0x08005677   Thumb Code    18  stm32f4xx_usart.o(.text)
    USART_GetITStatus                        0x08005689   Thumb Code   118  stm32f4xx_usart.o(.text)
    USART_ClearITPendingBit                  0x080056ff   Thumb Code    30  stm32f4xx_usart.o(.text)
    SystemInit                               0x080057e3   Thumb Code    88  system_stm32f4xx.o(.text)
    SystemCoreClockUpdate                    0x0800583b   Thumb Code   174  system_stm32f4xx.o(.text)
    Reset_Handler                            0x08005915   Thumb Code     8  startup_stm32f40xx.o(.text)
    ADC_IRQHandler                           0x0800592f   Thumb Code     0  startup_stm32f40xx.o(.text)
    CAN1_RX0_IRQHandler                      0x0800592f   Thumb Code     0  startup_stm32f40xx.o(.text)
    CAN1_RX1_IRQHandler                      0x0800592f   Thumb Code     0  startup_stm32f40xx.o(.text)
    CAN1_SCE_IRQHandler                      0x0800592f   Thumb Code     0  startup_stm32f40xx.o(.text)
    CAN1_TX_IRQHandler                       0x0800592f   Thumb Code     0  startup_stm32f40xx.o(.text)
    CAN2_RX0_IRQHandler                      0x0800592f   Thumb Code     0  startup_stm32f40xx.o(.text)
    CAN2_RX1_IRQHandler                      0x0800592f   Thumb Code     0  startup_stm32f40xx.o(.text)
    CAN2_SCE_IRQHandler                      0x0800592f   Thumb Code     0  startup_stm32f40xx.o(.text)
    CAN2_TX_IRQHandler                       0x0800592f   Thumb Code     0  startup_stm32f40xx.o(.text)
    CRYP_IRQHandler                          0x0800592f   Thumb Code     0  startup_stm32f40xx.o(.text)
    DCMI_IRQHandler                          0x0800592f   Thumb Code     0  startup_stm32f40xx.o(.text)
    DMA1_Stream0_IRQHandler                  0x0800592f   Thumb Code     0  startup_stm32f40xx.o(.text)
    DMA1_Stream1_IRQHandler                  0x0800592f   Thumb Code     0  startup_stm32f40xx.o(.text)
    DMA1_Stream2_IRQHandler                  0x0800592f   Thumb Code     0  startup_stm32f40xx.o(.text)
    DMA1_Stream3_IRQHandler                  0x0800592f   Thumb Code     0  startup_stm32f40xx.o(.text)
    DMA1_Stream4_IRQHandler                  0x0800592f   Thumb Code     0  startup_stm32f40xx.o(.text)
    DMA1_Stream5_IRQHandler                  0x0800592f   Thumb Code     0  startup_stm32f40xx.o(.text)
    DMA1_Stream6_IRQHandler                  0x0800592f   Thumb Code     0  startup_stm32f40xx.o(.text)
    DMA1_Stream7_IRQHandler                  0x0800592f   Thumb Code     0  startup_stm32f40xx.o(.text)
    DMA2_Stream0_IRQHandler                  0x0800592f   Thumb Code     0  startup_stm32f40xx.o(.text)
    DMA2_Stream1_IRQHandler                  0x0800592f   Thumb Code     0  startup_stm32f40xx.o(.text)
    DMA2_Stream2_IRQHandler                  0x0800592f   Thumb Code     0  startup_stm32f40xx.o(.text)
    DMA2_Stream3_IRQHandler                  0x0800592f   Thumb Code     0  startup_stm32f40xx.o(.text)
    DMA2_Stream4_IRQHandler                  0x0800592f   Thumb Code     0  startup_stm32f40xx.o(.text)
    DMA2_Stream5_IRQHandler                  0x0800592f   Thumb Code     0  startup_stm32f40xx.o(.text)
    DMA2_Stream6_IRQHandler                  0x0800592f   Thumb Code     0  startup_stm32f40xx.o(.text)
    DMA2_Stream7_IRQHandler                  0x0800592f   Thumb Code     0  startup_stm32f40xx.o(.text)
    ETH_IRQHandler                           0x0800592f   Thumb Code     0  startup_stm32f40xx.o(.text)
    ETH_WKUP_IRQHandler                      0x0800592f   Thumb Code     0  startup_stm32f40xx.o(.text)
    EXTI0_IRQHandler                         0x0800592f   Thumb Code     0  startup_stm32f40xx.o(.text)
    EXTI15_10_IRQHandler                     0x0800592f   Thumb Code     0  startup_stm32f40xx.o(.text)
    EXTI1_IRQHandler                         0x0800592f   Thumb Code     0  startup_stm32f40xx.o(.text)
    EXTI2_IRQHandler                         0x0800592f   Thumb Code     0  startup_stm32f40xx.o(.text)
    EXTI3_IRQHandler                         0x0800592f   Thumb Code     0  startup_stm32f40xx.o(.text)
    EXTI4_IRQHandler                         0x0800592f   Thumb Code     0  startup_stm32f40xx.o(.text)
    EXTI9_5_IRQHandler                       0x0800592f   Thumb Code     0  startup_stm32f40xx.o(.text)
    FLASH_IRQHandler                         0x0800592f   Thumb Code     0  startup_stm32f40xx.o(.text)
    FPU_IRQHandler                           0x0800592f   Thumb Code     0  startup_stm32f40xx.o(.text)
    FSMC_IRQHandler                          0x0800592f   Thumb Code     0  startup_stm32f40xx.o(.text)
    HASH_RNG_IRQHandler                      0x0800592f   Thumb Code     0  startup_stm32f40xx.o(.text)
    I2C1_ER_IRQHandler                       0x0800592f   Thumb Code     0  startup_stm32f40xx.o(.text)
    I2C1_EV_IRQHandler                       0x0800592f   Thumb Code     0  startup_stm32f40xx.o(.text)
    I2C2_ER_IRQHandler                       0x0800592f   Thumb Code     0  startup_stm32f40xx.o(.text)
    I2C2_EV_IRQHandler                       0x0800592f   Thumb Code     0  startup_stm32f40xx.o(.text)
    I2C3_ER_IRQHandler                       0x0800592f   Thumb Code     0  startup_stm32f40xx.o(.text)
    I2C3_EV_IRQHandler                       0x0800592f   Thumb Code     0  startup_stm32f40xx.o(.text)
    OTG_FS_IRQHandler                        0x0800592f   Thumb Code     0  startup_stm32f40xx.o(.text)
    OTG_FS_WKUP_IRQHandler                   0x0800592f   Thumb Code     0  startup_stm32f40xx.o(.text)
    OTG_HS_EP1_IN_IRQHandler                 0x0800592f   Thumb Code     0  startup_stm32f40xx.o(.text)
    OTG_HS_EP1_OUT_IRQHandler                0x0800592f   Thumb Code     0  startup_stm32f40xx.o(.text)
    OTG_HS_IRQHandler                        0x0800592f   Thumb Code     0  startup_stm32f40xx.o(.text)
    OTG_HS_WKUP_IRQHandler                   0x0800592f   Thumb Code     0  startup_stm32f40xx.o(.text)
    PVD_IRQHandler                           0x0800592f   Thumb Code     0  startup_stm32f40xx.o(.text)
    RCC_IRQHandler                           0x0800592f   Thumb Code     0  startup_stm32f40xx.o(.text)
    RTC_Alarm_IRQHandler                     0x0800592f   Thumb Code     0  startup_stm32f40xx.o(.text)
    RTC_WKUP_IRQHandler                      0x0800592f   Thumb Code     0  startup_stm32f40xx.o(.text)
    SDIO_IRQHandler                          0x0800592f   Thumb Code     0  startup_stm32f40xx.o(.text)
    SPI1_IRQHandler                          0x0800592f   Thumb Code     0  startup_stm32f40xx.o(.text)
    SPI2_IRQHandler                          0x0800592f   Thumb Code     0  startup_stm32f40xx.o(.text)
    SPI3_IRQHandler                          0x0800592f   Thumb Code     0  startup_stm32f40xx.o(.text)
    TAMP_STAMP_IRQHandler                    0x0800592f   Thumb Code     0  startup_stm32f40xx.o(.text)
    TIM1_BRK_TIM9_IRQHandler                 0x0800592f   Thumb Code     0  startup_stm32f40xx.o(.text)
    TIM1_CC_IRQHandler                       0x0800592f   Thumb Code     0  startup_stm32f40xx.o(.text)
    TIM1_TRG_COM_TIM11_IRQHandler            0x0800592f   Thumb Code     0  startup_stm32f40xx.o(.text)
    TIM1_UP_TIM10_IRQHandler                 0x0800592f   Thumb Code     0  startup_stm32f40xx.o(.text)
    TIM2_IRQHandler                          0x0800592f   Thumb Code     0  startup_stm32f40xx.o(.text)
    TIM3_IRQHandler                          0x0800592f   Thumb Code     0  startup_stm32f40xx.o(.text)
    TIM4_IRQHandler                          0x0800592f   Thumb Code     0  startup_stm32f40xx.o(.text)
    TIM5_IRQHandler                          0x0800592f   Thumb Code     0  startup_stm32f40xx.o(.text)
    TIM6_DAC_IRQHandler                      0x0800592f   Thumb Code     0  startup_stm32f40xx.o(.text)
    TIM7_IRQHandler                          0x0800592f   Thumb Code     0  startup_stm32f40xx.o(.text)
    TIM8_BRK_TIM12_IRQHandler                0x0800592f   Thumb Code     0  startup_stm32f40xx.o(.text)
    TIM8_CC_IRQHandler                       0x0800592f   Thumb Code     0  startup_stm32f40xx.o(.text)
    TIM8_TRG_COM_TIM14_IRQHandler            0x0800592f   Thumb Code     0  startup_stm32f40xx.o(.text)
    TIM8_UP_TIM13_IRQHandler                 0x0800592f   Thumb Code     0  startup_stm32f40xx.o(.text)
    UART4_IRQHandler                         0x0800592f   Thumb Code     0  startup_stm32f40xx.o(.text)
    UART5_IRQHandler                         0x0800592f   Thumb Code     0  startup_stm32f40xx.o(.text)
    USART2_IRQHandler                        0x0800592f   Thumb Code     0  startup_stm32f40xx.o(.text)
    USART6_IRQHandler                        0x0800592f   Thumb Code     0  startup_stm32f40xx.o(.text)
    WWDG_IRQHandler                          0x0800592f   Thumb Code     0  startup_stm32f40xx.o(.text)
    __rt_ctype_table                         0x08005939   Thumb Code     4  ctype_o.o(.text)
    isspace                                  0x08005941   Thumb Code    18  isspace_o.o(.text)
    __aeabi_memcpy                           0x08005953   Thumb Code    36  memcpya.o(.text)
    __aeabi_memcpy4                          0x08005953   Thumb Code     0  memcpya.o(.text)
    __aeabi_memcpy8                          0x08005953   Thumb Code     0  memcpya.o(.text)
    __aeabi_memset                           0x08005977   Thumb Code    14  memseta.o(.text)
    __aeabi_memset4                          0x08005977   Thumb Code     0  memseta.o(.text)
    __aeabi_memset8                          0x08005977   Thumb Code     0  memseta.o(.text)
    __aeabi_memclr                           0x08005985   Thumb Code     4  memseta.o(.text)
    __aeabi_memclr4                          0x08005985   Thumb Code     0  memseta.o(.text)
    __aeabi_memclr8                          0x08005985   Thumb Code     0  memseta.o(.text)
    _memset$wrapper                          0x08005989   Thumb Code    18  memseta.o(.text)
    strstr                                   0x0800599b   Thumb Code    44  strstr.o(.text)
    strlen                                   0x080059c7   Thumb Code    16  strlen.o(.text)
    strcpy                                   0x080059d7   Thumb Code    18  strcpy.o(.text)
    strncmp                                  0x080059e9   Thumb Code    30  strncmp.o(.text)
    __0scanf                                 0x08005a09   Thumb Code    26  __0scanf.o(.text)
    _scanf_string                            0x08005a29   Thumb Code   218  _scanf_str.o(.text)
    strtol                                   0x08005b03   Thumb Code   112  strtol.o(.text)
    atoi                                     0x08005b73   Thumb Code    26  atoi.o(.text)
    __aeabi_i2d                              0x08005b8d   Thumb Code    34  dflti.o(.text)
    __aeabi_ui2d                             0x08005baf   Thumb Code    26  dfltui.o(.text)
    __aeabi_cdcmpeq                          0x08005bc9   Thumb Code     0  cdcmple.o(.text)
    __aeabi_cdcmple                          0x08005bc9   Thumb Code    38  cdcmple.o(.text)
    __aeabi_cdrcmple                         0x08005bf1   Thumb Code    38  cdrcmple.o(.text)
    __aeabi_uldivmod                         0x08005c19   Thumb Code    98  uldiv.o(.text)
    _strtoul                                 0x08005c7b   Thumb Code   158  _strtoul.o(.text)
    __vfscanf_char_file                      0x08005d19   Thumb Code    12  scanf_char_file.o(.text)
    __I$use$fp                               0x08005d2d   Thumb Code     0  iusefp.o(.text)
    _double_round                            0x08005d2d   Thumb Code    26  depilogue.o(.text)
    _double_epilogue                         0x08005d47   Thumb Code   164  depilogue.o(.text)
    __scatterload                            0x08005ded   Thumb Code    28  init.o(.text)
    __scatterload_rt2                        0x08005ded   Thumb Code     0  init.o(.text)
    _fgetc$bs                                0x08005e11   Thumb Code    28  fgetc_b.o(.text)
    __backspace                              0x08005e2d   Thumb Code    10  fgetc_b.o(.text)
    __aeabi_llsl                             0x08005e3d   Thumb Code    30  llshl.o(.text)
    _ll_shift_l                              0x08005e3d   Thumb Code     0  llshl.o(.text)
    __aeabi_llsr                             0x08005e5b   Thumb Code    32  llushr.o(.text)
    _ll_ushift_r                             0x08005e5b   Thumb Code     0  llushr.o(.text)
    _chval                                   0x08005e7b   Thumb Code    28  _chval.o(.text)
    __vfscanf_char                           0x08005ea5   Thumb Code    20  scanf_char.o(.text)
    __semihosting_library_function           0x08005ec1   Thumb Code     0  semi.o(.text)
    __vfscanf                                0x08005ec1   Thumb Code   806  _scanf.o(.text)
    __0printf$8                              0x080061ed   Thumb Code    22  printf8.o(i.__0printf$8)
    __1printf$8                              0x080061ed   Thumb Code     0  printf8.o(i.__0printf$8)
    __2printf                                0x080061ed   Thumb Code     0  printf8.o(i.__0printf$8)
    __I$use$semihosting$fgetc                0x080061ed   Thumb Code     0  iusesemig.o(.text)
    __0sprintf$8                             0x0800620d   Thumb Code    34  printf8.o(i.__0sprintf$8)
    __1sprintf$8                             0x0800620d   Thumb Code     0  printf8.o(i.__0sprintf$8)
    __2sprintf                               0x0800620d   Thumb Code     0  printf8.o(i.__0sprintf$8)
    __aeabi_errno_addr                       0x08006235   Thumb Code     4  errno.o(i.__aeabi_errno_addr)
    __rt_errno_addr                          0x08006235   Thumb Code     0  errno.o(i.__aeabi_errno_addr)
    __scatterload_copy                       0x0800623d   Thumb Code    14  handlers.o(i.__scatterload_copy)
    __scatterload_null                       0x0800624b   Thumb Code     2  handlers.o(i.__scatterload_null)
    __scatterload_zeroinit                   0x0800624d   Thumb Code    14  handlers.o(i.__scatterload_zeroinit)
    ASCII16x24_Table                         0x080068c0   Data        4560  stm32f4_discovery_lcd.o(.constdata)
    ASCII12x12_Table                         0x08007a90   Data        2304  stm32f4_discovery_lcd.o(.constdata)
    ASCII8x12_Table                          0x08008390   Data        2304  stm32f4_discovery_lcd.o(.constdata)
    ASCII8x8_Table                           0x08008c90   Data        1536  stm32f4_discovery_lcd.o(.constdata)
    __ctype_table                            0x08009290   Data         129  ctype_o.o(.constdata)
    Region$$Table$$Base                      0x08009318   Number         0  anon$$obj.o(Region$$Table)
    Region$$Table$$Limit                     0x08009338   Number         0  anon$$obj.o(Region$$Table)
    DBGU_RxBufferTail                        0x20000000   Data           4  main.o(.data)
    DBGU_RxBufferHead                        0x20000004   Data           4  main.o(.data)
    DBGU_InputReady                          0x20000008   Data           1  main.o(.data)
    quit_flag                                0x20000009   Data           1  main.o(.data)
    seqNo                                    0x2000000a   Data           1  main.o(.data)
    mysock                                   0x2000000b   Data           1  main.o(.data)
    sockConnected                            0x2000000c   Data           1  main.o(.data)
    sockClosed                               0x2000000d   Data           1  main.o(.data)
    timeout1                                 0x20000010   Data           4  main.o(.data)
    key                                      0x20000014   Data           1  main.o(.data)
    timeout                                  0x2000001c   Data           4  sn8200_api.o(.data)
    totalscan                                0x20000020   Data           1  sn8200_api.o(.data)
    SSIDlen                                  0x20000024   Data           4  sn8200_api.o(.data)
    secMode                                  0x20000028   Data           1  sn8200_api.o(.data)
    APOnOff                                  0x20000029   Data           1  sn8200_api.o(.data)
    Keylen                                   0x2000002a   Data           1  sn8200_api.o(.data)
    joinok                                   0x2000002c   Data           4  sn8200_api.o(.data)
    ipok                                     0x20000030   Data           4  sn8200_api.o(.data)
    selfIP                                   0x20000034   Data           4  sn8200_api.o(.data)
    pktcnt                                   0x20000038   Data           4  sn8200_api.o(.data)
    Portstr                                  0x2000003c   Data           8  sn8200_api.o(.data)
    IsWIFIGetStatusResponsed                 0x20000044   Data           1  sn8200_api.o(.data)
    IsWIFIJoinResponsed                      0x20000045   Data           1  sn8200_api.o(.data)
    IsWIFIApCtrlResponsed                    0x20000046   Data           1  sn8200_api.o(.data)
    IsSNICIPConfigResponsed                  0x20000047   Data           1  sn8200_api.o(.data)
    IsSNICGetDHCPInfoResponsed               0x20000048   Data           1  sn8200_api.o(.data)
    IsSNICTCPConnectToServerResponsed        0x20000049   Data           1  sn8200_api.o(.data)
    IsSNICSendFromSocketResponsed            0x2000004a   Data           1  sn8200_api.o(.data)
    IsSNICUDPSendFromSocketResponsed         0x2000004b   Data           1  sn8200_api.o(.data)
    IsCreateSocketResponsed                  0x2000004c   Data           1  sn8200_api.o(.data)
    destIP                                   0x20000050   Data           4  sn8200_api.o(.data)
    srcIP                                    0x20000054   Data           4  sn8200_api.o(.data)
    destPort                                 0x20000058   Data           4  sn8200_api.o(.data)
    srcPort                                  0x2000005c   Data           4  sn8200_api.o(.data)
    udpDestIP                                0x20000060   Data           4  sn8200_api.o(.data)
    udpSrcIP                                 0x20000064   Data           4  sn8200_api.o(.data)
    udpDestPort                              0x20000068   Data           4  sn8200_api.o(.data)
    udpSrcPort                               0x2000006c   Data           4  sn8200_api.o(.data)
    sendUDPDone                              0x20000070   Data           1  sn8200_api.o(.data)
    tempReTXLen                              0x20000088   Data           4  sn8200_core.o(.data)
    RxBufferTail                             0x2000009c   Data           4  sn8200_hal.o(.data)
    RxBufferHead                             0x200000a0   Data           4  sn8200_hal.o(.data)
    Font16x24                                0x200000a4   Data           8  stm32f4_discovery_lcd.o(.data)
    Font12x12                                0x200000ac   Data           8  stm32f4_discovery_lcd.o(.data)
    Font8x12                                 0x200000b4   Data           8  stm32f4_discovery_lcd.o(.data)
    Font8x8                                  0x200000bc   Data           8  stm32f4_discovery_lcd.o(.data)
    SystemCoreClock                          0x200000dc   Data           4  system_stm32f4xx.o(.data)
    AHBPrescTable                            0x200000e0   Data          16  system_stm32f4xx.o(.data)
    __stdin                                  0x200000f0   Data           4  stdin.o(.data)
    __stdout                                 0x200000f4   Data           4  stdout.o(.data)
    uri                                      0x20000100   Data         100  main.o(.bss)
    DBGU_RxBuffer                            0x20000164   Data         256  main.o(.bss)
    TxBuf                                    0x20000264   Data         128  main.o(.bss)
    IPstr                                    0x200002e4   Data          32  sn8200_api.o(.bss)
    sl                                       0x20000304   Data        1440  sn8200_api.o(.bss)
    SSID                                     0x200008a4   Data          32  sn8200_api.o(.bss)
    secKey                                   0x200008c4   Data          64  sn8200_api.o(.bss)
    domain                                   0x20000904   Data         100  sn8200_api.o(.bss)
    out                                      0x20000968   Data         256  sn8200_api.o(.bss)
    rx_frame                                 0x20001a68   Data       80080  sn8200_core.o(.bss)
    RxBuffer                                 0x20015338   Data        4096  sn8200_hal.o(.bss)
    __initial_sp                             0x20016738   Data           0  startup_stm32f40xx.o(STACK)



==============================================================================

Memory Map of the image

  Image Entry point : 0x08000189

  Load Region LR_IROM1 (Base: 0x08000000, Size: 0x00009438, Max: 0x00100000, ABSOLUTE)

    Execution Region ER_IROM1 (Base: 0x08000000, Size: 0x00009338, Max: 0x00100000, ABSOLUTE)

    Base Addr    Size         Type   Attr      Idx    E Section Name        Object

    0x08000000   0x00000188   Data   RO          598    RESET               startup_stm32f40xx.o
    0x08000188   0x00000000   Code   RO          603  * .ARM.Collect$$$$00000000  mc_w.l(entry.o)
    0x08000188   0x00000004   Code   RO          925    .ARM.Collect$$$$00000001  mc_w.l(entry2.o)
    0x0800018c   0x00000004   Code   RO          928    .ARM.Collect$$$$00000004  mc_w.l(entry5.o)
    0x08000190   0x00000000   Code   RO          930    .ARM.Collect$$$$00000008  mc_w.l(entry7b.o)
    0x08000190   0x00000008   Code   RO          931    .ARM.Collect$$$$00000009  mc_w.l(entry8.o)
    0x08000198   0x00000004   Code   RO          926    .ARM.Collect$$$$00002712  mc_w.l(entry2.o)
    0x0800019c   0x000011e0   Code   RO            3    .text               main.o
    0x0800137c   0x00000094   Code   RO          171    .text               delay.o
    0x08001410   0x00000018   Code   RO          197    .text               stm32f4xx_it.o
    0x08001428   0x00001934   Code   RO          220    .text               sn8200_api.o
    0x08002d5c   0x00000548   Code   RO          265    .text               sn8200_core.o
    0x080032a4   0x0000015c   Code   RO          292    .text               sn8200_hal.o
    0x08003400   0x00000fec   Code   RO          340    .text               stm32f4_discovery_lcd.o
    0x080043ec   0x000000e4   Code   RO          370    .text               misc.o
    0x080044d0   0x0000061c   Code   RO          430    .text               stm32f4xx_fsmc.o
    0x08004aec   0x0000024c   Code   RO          450    .text               stm32f4xx_gpio.o
    0x08004d38   0x00000590   Code   RO          490    .text               stm32f4xx_rcc.o
    0x080052c8   0x00000454   Code   RO          552    .text               stm32f4xx_usart.o
    0x0800571c   0x000001f8   Code   RO          572    .text               system_stm32f4xx.o
    0x08005914   0x00000024   Code   RO          599    .text               startup_stm32f40xx.o
    0x08005938   0x00000008   Code   RO          606    .text               mc_w.l(ctype_o.o)
    0x08005940   0x00000012   Code   RO          628    .text               mc_w.l(isspace_o.o)
    0x08005952   0x00000024   Code   RO          634    .text               mc_w.l(memcpya.o)
    0x08005976   0x00000024   Code   RO          636    .text               mc_w.l(memseta.o)
    0x0800599a   0x0000002c   Code   RO          638    .text               mc_w.l(strstr.o)
    0x080059c6   0x00000010   Code   RO          640    .text               mc_w.l(strlen.o)
    0x080059d6   0x00000012   Code   RO          642    .text               mc_w.l(strcpy.o)
    0x080059e8   0x0000001e   Code   RO          644    .text               mc_w.l(strncmp.o)
    0x08005a06   0x00000002   PAD
    0x08005a08   0x00000020   Code   RO          909    .text               mc_w.l(__0scanf.o)
    0x08005a28   0x000000da   Code   RO          911    .text               mc_w.l(_scanf_str.o)
    0x08005b02   0x00000070   Code   RO          913    .text               mc_w.l(strtol.o)
    0x08005b72   0x0000001a   Code   RO          915    .text               mc_w.l(atoi.o)
    0x08005b8c   0x00000022   Code   RO          917    .text               mf_w.l(dflti.o)
    0x08005bae   0x0000001a   Code   RO          919    .text               mf_w.l(dfltui.o)
    0x08005bc8   0x00000028   Code   RO          921    .text               mf_w.l(cdcmple.o)
    0x08005bf0   0x00000028   Code   RO          923    .text               mf_w.l(cdrcmple.o)
    0x08005c18   0x00000062   Code   RO          936    .text               mc_w.l(uldiv.o)
    0x08005c7a   0x0000009e   Code   RO          945    .text               mc_w.l(_strtoul.o)
    0x08005d18   0x00000014   Code   RO          947    .text               mc_w.l(scanf_char_file.o)
    0x08005d2c   0x00000000   Code   RO          949    .text               mc_w.l(iusefp.o)
    0x08005d2c   0x000000be   Code   RO          950    .text               mf_w.l(depilogue.o)
    0x08005dea   0x00000002   PAD
    0x08005dec   0x00000024   Code   RO          960    .text               mc_w.l(init.o)
    0x08005e10   0x0000002c   Code   RO          962    .text               mc_w.l(fgetc_b.o)
    0x08005e3c   0x0000001e   Code   RO          965    .text               mc_w.l(llshl.o)
    0x08005e5a   0x00000020   Code   RO          967    .text               mc_w.l(llushr.o)
    0x08005e7a   0x0000001c   Code   RO          971    .text               mc_w.l(_chval.o)
    0x08005e96   0x00000002   PAD
    0x08005e98   0x00000028   Code   RO          973    .text               mc_w.l(scanf_char.o)
    0x08005ec0   0x00000000   Code   RO          975    .text               mc_w.l(semi.o)
    0x08005ec0   0x0000032c   Code   RO          978    .text               mc_w.l(_scanf.o)
    0x080061ec   0x00000000   Code   RO          980    .text               mc_w.l(iusesemig.o)
    0x080061ec   0x00000020   Code   RO          855    i.__0printf$8       mc_w.l(printf8.o)
    0x0800620c   0x00000028   Code   RO          857    i.__0sprintf$8      mc_w.l(printf8.o)
    0x08006234   0x00000008   Code   RO          938    i.__aeabi_errno_addr  mc_w.l(errno.o)
    0x0800623c   0x0000000e   Code   RO          986    i.__scatterload_copy  mc_w.l(handlers.o)
    0x0800624a   0x00000002   Code   RO          987    i.__scatterload_null  mc_w.l(handlers.o)
    0x0800624c   0x0000000e   Code   RO          988    i.__scatterload_zeroinit  mc_w.l(handlers.o)
    0x0800625a   0x00000002   PAD
    0x0800625c   0x00000410   Code   RO          862    i._printf_core      mc_w.l(printf8.o)
    0x0800666c   0x00000026   Code   RO          863    i._printf_post_padding  mc_w.l(printf8.o)
    0x08006692   0x00000030   Code   RO          864    i._printf_pre_padding  mc_w.l(printf8.o)
    0x080066c2   0x0000000a   Code   RO          866    i._sputc            mc_w.l(printf8.o)
    0x080066cc   0x00000079   Data   RO            5    .constdata          main.o
    0x08006745   0x00000003   PAD
    0x08006748   0x00000178   Data   RO          222    .constdata          sn8200_api.o
    0x080068c0   0x000029d0   Data   RO          341    .constdata          stm32f4_discovery_lcd.o
    0x08009290   0x00000081   Data   RO          607    .constdata          mc_w.l(ctype_o.o)
    0x08009311   0x00000003   PAD
    0x08009314   0x00000004   Data   RO          608    .constdata          mc_w.l(ctype_o.o)
    0x08009318   0x00000020   Data   RO          984    Region$$Table       anon$$obj.o


    Execution Region RW_IRAM1 (Base: 0x20000000, Size: 0x00016738, Max: 0x00020000, ABSOLUTE)

    Base Addr    Size         Type   Attr      Idx    E Section Name        Object

    0x20000000   0x00000015   Data   RW            6    .data               main.o
    0x20000015   0x00000003   PAD
    0x20000018   0x00000004   Data   RW          172    .data               delay.o
    0x2000001c   0x00000064   Data   RW          223    .data               sn8200_api.o
    0x20000080   0x00000019   Data   RW          267    .data               sn8200_core.o
    0x20000099   0x00000003   PAD
    0x2000009c   0x00000008   Data   RW          294    .data               sn8200_hal.o
    0x200000a4   0x00000028   Data   RW          342    .data               stm32f4_discovery_lcd.o
    0x200000cc   0x00000010   Data   RW          491    .data               stm32f4xx_rcc.o
    0x200000dc   0x00000014   Data   RW          573    .data               system_stm32f4xx.o
    0x200000f0   0x00000004   Data   RW          932    .data               mc_w.l(stdin.o)
    0x200000f4   0x00000004   Data   RW          933    .data               mc_w.l(stdout.o)
    0x200000f8   0x00000004   Data   RW          941    .data               mc_w.l(errno.o)
    0x200000fc   0x00000003   Data   RW          963    .data               mc_w.l(fgetc_b.o)
    0x200000ff   0x00000001   PAD
    0x20000100   0x000001e4   Zero   RW            4    .bss                main.o
    0x200002e4   0x00000784   Zero   RW          221    .bss                sn8200_api.o
    0x20000a68   0x000148d0   Zero   RW          266    .bss                sn8200_core.o
    0x20015338   0x00001000   Zero   RW          293    .bss                sn8200_hal.o
    0x20016338   0x00000400   Zero   RW          596    STACK               startup_stm32f40xx.o


==============================================================================

Image component sizes


      Code (inc. data)   RO Data    RW Data    ZI Data      Debug   Object Name

       148         16          0          4          0      27676   delay.o
      4576       1646        121         21        484     267045   main.o
       228         22          0          0          0       1973   misc.o
      6452       1728        376        100       1924      22777   sn8200_api.o
      1352         54          0         25      84176       4870   sn8200_core.o
       348         20          0          8       4096       2434   sn8200_hal.o
        36          8        392          0       1024        916   startup_stm32f40xx.o
      4076         64      10704         40          0      14018   stm32f4_discovery_lcd.o
      1564         58          0          0          0       5563   stm32f4xx_fsmc.o
       588         36          0          0          0       4201   stm32f4xx_gpio.o
        24          0          0          0          0       1126   stm32f4xx_it.o
      1424         54          0         16          0      11420   stm32f4xx_rcc.o
      1108         34          0          0          0       7952   stm32f4xx_usart.o
       504         44          0         20          0       2099   system_stm32f4xx.o

    ----------------------------------------------------------------------
     22428       3784      11628        240      91704     374070   Object Totals
         0          0         32          0          0          0   (incl. Generated)
         0          0          3          6          0          0   (incl. Padding)

    ----------------------------------------------------------------------

      Code (inc. data)   RO Data    RW Data    ZI Data      Debug   Library Member Name

        32          6          0          0          0         84   __0scanf.o
        28          0          0          0          0         68   _chval.o
       812          6          0          0          0        112   _scanf.o
       218          0          0          0          0         92   _scanf_str.o
       158          0          0          0          0         92   _strtoul.o
        26          0          0          0          0         80   atoi.o
         8          4        133          0          0         68   ctype_o.o
         0          0          0          0          0          0   entry.o
         8          4          0          0          0          0   entry2.o
         4          0          0          0          0          0   entry5.o
         0          0          0          0          0          0   entry7b.o
         8          4          0          0          0          0   entry8.o
         8          4          0          4          0         68   errno.o
        44          6          0          3          0        144   fgetc_b.o
        30          0          0          0          0          0   handlers.o
        36          8          0          0          0         68   init.o
        18          0          0          0          0         76   isspace_o.o
         0          0          0          0          0          0   iusefp.o
         0          0          0          0          0          0   iusesemig.o
        30          0          0          0          0         68   llshl.o
        32          0          0          0          0         68   llushr.o
        36          0          0          0          0         68   memcpya.o
        36          0          0          0          0        108   memseta.o
      1208         60          0          0          0        504   printf8.o
        40          8          0          0          0         84   scanf_char.o
        20          8          0          0          0         68   scanf_char_file.o
         0          0          0          0          0          0   semi.o
         0          0          0          4          0          0   stdin.o
         0          0          0          4          0          0   stdout.o
        18          0          0          0          0         68   strcpy.o
        16          0          0          0          0         68   strlen.o
        30          0          0          0          0         80   strncmp.o
        44          0          0          0          0         80   strstr.o
       112          0          0          0          0         88   strtol.o
        98          0          0          0          0         92   uldiv.o
        40          2          0          0          0         68   cdcmple.o
        40          2          0          0          0         68   cdrcmple.o
       190          0          0          0          0        176   depilogue.o
        34          0          0          0          0         76   dflti.o
        26          0          0          0          0         76   dfltui.o

    ----------------------------------------------------------------------
      3496        122        136         16          0       2860   Library Totals
         8          0          3          1          0          0   (incl. Padding)

    ----------------------------------------------------------------------

      Code (inc. data)   RO Data    RW Data    ZI Data      Debug   Library Name

      3158        118        133         15          0       2396   mc_w.l
       330          4          0          0          0        464   mf_w.l

    ----------------------------------------------------------------------
      3496        122        136         16          0       2860   Library Totals

    ----------------------------------------------------------------------

==============================================================================


      Code (inc. data)   RO Data    RW Data    ZI Data      Debug   

     25924       3906      11764        256      91704     372118   Grand Totals
     25924       3906      11764        256      91704     372118   ELF Image Totals
     25924       3906      11764        256          0          0   ROM Totals

==============================================================================

    Total RO  Size (Code + RO Data)                37688 (  36.80kB)
    Total RW  Size (RW Data + ZI Data)             91960 (  89.80kB)
    Total ROM Size (Code + RO Data + RW Data)      37944 (  37.05kB)

==============================================================================

