Component: ARM Compiler 5.05 update 2 (build 169) Tool: armlink [4d0f33]

==============================================================================

Section Cross References

    main.o(.text) refers to _scanf_str.o(.text) for _scanf_string
    main.o(.text) refers to stm32f4_discovery_lcd.o(.text) for LCD_GetFont
    main.o(.text) refers to sn8200_api.o(.text) for GetStatus
    main.o(.text) refers to printf8.o(i.__0printf$8) for __2printf
    main.o(.text) refers to __0scanf.o(.text) for __0scanf
    main.o(.text) refers to strtol.o(.text) for strtol
    main.o(.text) refers to atoi.o(.text) for atoi
    main.o(.text) refers to strlen.o(.text) for strlen
    main.o(.text) refers to stm32f4xx_rcc.o(.text) for RCC_AHB1PeriphClockCmd
    main.o(.text) refers to stm32f4xx_gpio.o(.text) for GPIO_PinAFConfig
    main.o(.text) refers to misc.o(.text) for NVIC_PriorityGroupConfig
    main.o(.text) refers to stm32f4xx_usart.o(.text) for USART_Init
    main.o(.text) refers to delay.o(.text) for SysTick_Configuration
    main.o(.text) refers to main.o(.data) for seqNo
    main.o(.text) refers to sn8200_api.o(.data) for destPort
    main.o(.text) refers to main.o(.bss) for TxBuf
    delay.o(.text) refers to system_stm32f4xx.o(.data) for SystemCoreClock
    delay.o(.text) refers to delay.o(.data) for TimingDelay
    sn8200_api.o(.text) refers to _scanf_str.o(.text) for _scanf_string
    sn8200_api.o(.text) refers to ctype_o.o(.text) for __rt_ctype_table
    sn8200_api.o(.text) refers to strlen.o(.text) for strlen
    sn8200_api.o(.text) refers to strcpy.o(.text) for strcpy
    sn8200_api.o(.text) refers to printf8.o(i.__0printf$8) for __2printf
    sn8200_api.o(.text) refers to __0scanf.o(.text) for __0scanf
    sn8200_api.o(.text) refers to strtol.o(.text) for strtol
    sn8200_api.o(.text) refers to sn8200_core.o(.text) for SN8200_Init
    sn8200_api.o(.text) refers to delay.o(.text) for mdelay
    sn8200_api.o(.text) refers to sn8200_api.o(.bss) for IPstr
    sn8200_api.o(.text) refers to sn8200_api.o(.data) for Portstr
    sn8200_api.o(.text) refers to memcpya.o(.text) for __aeabi_memcpy
    sn8200_api.o(.text) refers to atoi.o(.text) for atoi
    sn8200_api.o(.text) refers to sn8200_api.o(.conststring) for .conststring
    sn8200_api.o(.text) refers to memseta.o(.text) for __aeabi_memclr4
    sn8200_api.o(.text) refers to printf8.o(i.__0sprintf$8) for __2sprintf
    sn8200_api.o(.text) refers to strncmp.o(.text) for strncmp
    sn8200_api.o(.text) refers to strstr.o(.text) for strstr
    sn8200_api.o(.text) refers to main.o(.data) for mysock
    sn8200_core.o(.text) refers to sn8200_hal.o(.text) for SN8200_HAL_SendData
    sn8200_core.o(.text) refers to memseta.o(.text) for __aeabi_memclr
    sn8200_core.o(.text) refers to sn8200_api.o(.text) for handleRxWiFi
    sn8200_core.o(.text) refers to sn8200_core.o(.data) for tempReTXLen
    sn8200_core.o(.text) refers to sn8200_core.o(.bss) for tempReTXBuf
    sn8200_hal.o(.text) refers to stm32f4xx_rcc.o(.text) for RCC_AHB1PeriphClockCmd
    sn8200_hal.o(.text) refers to stm32f4xx_gpio.o(.text) for GPIO_PinAFConfig
    sn8200_hal.o(.text) refers to misc.o(.text) for NVIC_PriorityGroupConfig
    sn8200_hal.o(.text) refers to stm32f4xx_usart.o(.text) for USART_Init
    sn8200_hal.o(.text) refers to sn8200_hal.o(.data) for RxBufferHead
    sn8200_hal.o(.text) refers to sn8200_hal.o(.bss) for RxBuffer
    stm32f4_discovery.o(.text) refers to stm32f4xx_rcc.o(.text) for RCC_AHB1PeriphClockCmd
    stm32f4_discovery.o(.text) refers to stm32f4xx_gpio.o(.text) for GPIO_Init
    stm32f4_discovery.o(.text) refers to stm32f4xx_syscfg.o(.text) for SYSCFG_EXTILineConfig
    stm32f4_discovery.o(.text) refers to stm32f4xx_exti.o(.text) for EXTI_Init
    stm32f4_discovery.o(.text) refers to misc.o(.text) for NVIC_Init
    stm32f4_discovery.o(.text) refers to stm32f4xx_usart.o(.text) for USART_Init
    stm32f4_discovery.o(.text) refers to stm32f4xx_sdio.o(.text) for SDIO_ClockCmd
    stm32f4_discovery.o(.text) refers to stm32f4xx_dma.o(.text) for DMA_ClearFlag
    stm32f4_discovery.o(.text) refers to stm32f4_discovery.o(.constdata) for GPIO_CLK
    stm32f4_discovery.o(.text) refers to stm32f4_discovery.o(.data) for GPIO_PORT
    stm32f4_discovery_lcd.o(.text) refers to stm32f4xx_fsmc.o(.text) for FSMC_NORSRAMCmd
    stm32f4_discovery_lcd.o(.text) refers to stm32f4xx_gpio.o(.text) for GPIO_Init
    stm32f4_discovery_lcd.o(.text) refers to stm32f4xx_rcc.o(.text) for RCC_AHB1PeriphClockCmd
    stm32f4_discovery_lcd.o(.text) refers to stm32f4_discovery_lcd.o(.data) for LCD_Currentfonts
    stm32f4_discovery_lcd.o(.text) refers to dfltui.o(.text) for __aeabi_ui2d
    stm32f4_discovery_lcd.o(.text) refers to dflti.o(.text) for __aeabi_i2d
    stm32f4_discovery_lcd.o(.text) refers to cdcmple.o(.text) for __aeabi_cdcmple
    stm32f4_discovery_lcd.o(.text) refers to cdrcmple.o(.text) for __aeabi_cdrcmple
[...]
    cdcmple.o(.text) refers (Special) to iusefp.o(.text) for __I$use$fp
    cdrcmple.o(.text) refers (Special) to iusefp.o(.text) for __I$use$fp
    entry2.o(.ARM.Collect$$$$00000001) refers to entry2.o(.ARM.Collect$$$$00002712) for __lit__00000000
    entry2.o(.ARM.Collect$$$$00002712) refers to startup_stm32f40xx.o(STACK) for __initial_sp
    entry2.o(__vectab_stack_and_reset_area) refers to startup_stm32f40xx.o(STACK) for __initial_sp
    entry2.o(__vectab_stack_and_reset_area) refers to entry.o(.ARM.Collect$$$$00000000) for __main
    entry5.o(.ARM.Collect$$$$00000004) refers to init.o(.text) for __scatterload
    entry9a.o(.ARM.Collect$$$$0000000B) refers to main.o(.text) for main
    entry9b.o(.ARM.Collect$$$$0000000C) refers to main.o(.text) for main
    uldiv.o(.text) refers to llushr.o(.text) for __aeabi_llsr
    uldiv.o(.text) refers to llshl.o(.text) for __aeabi_llsl
    errno.o(i.__aeabi_errno_addr) refers to errno.o(.data) for .data
    errno.o(i.__read_errno) refers to errno.o(.data) for .data
    errno.o(i.__set_errno) refers to errno.o(.data) for .data
    _strtoul.o(.text) refers to _chval.o(.text) for _chval
    _strtoul.o(.text) refers to errno.o(i.__aeabi_errno_addr) for __aeabi_errno_addr
    scanf_char_file.o(.text) refers to scanf_char.o(.text) for __vfscanf_char
    scanf_char_file.o(.text) refers to main.o(.text) for fgetc
    scanf_char_file.o(.text) refers to fgetc_b.o(.text) for __backspace
    depilogue.o(.text) refers to llshl.o(.text) for __aeabi_llsl
    depilogue.o(.text) refers to llushr.o(.text) for __aeabi_llsr
    dadd.o(.text) refers to llshl.o(.text) for __aeabi_llsl
    dadd.o(.text) refers to llsshr.o(.text) for __aeabi_lasr
    dadd.o(.text) refers to depilogue.o(.text) for _double_epilogue
    dmul.o(.text) refers to depilogue.o(.text) for _double_epilogue
    ddiv.o(.text) refers to depilogue.o(.text) for _double_round
    dfixul.o(.text) refers to llushr.o(.text) for __aeabi_llsr
    dfixul.o(.text) refers to llshl.o(.text) for __aeabi_llsl
    init.o(.text) refers to entry5.o(.ARM.Collect$$$$00000004) for __main_after_scatterload
    fgetc_b.o(.text) refers (Special) to iusesemig.o(.text) for __I$use$semihosting$fgetc
    fgetc_b.o(.text) refers (Special) to semi.o(.text) for __semihosting_library_function
    fgetc_b.o(.text) refers to fgetc_b.o(.data) for .data
    fgetc_b.o(.data) refers (Special) to iusesemig.o(.text) for __I$use$semihosting$fgetc
    fgetc_b.o(.data) refers (Special) to semi.o(.text) for __semihosting_library_function
    scanf_char.o(.text) refers to _scanf.o(.text) for __vfscanf
    scanf_char.o(.text) refers to isspace_o.o(.text) for isspace
    isspace_c.o(.text) refers to ctype_c.o(.text) for __ctype_lookup
    _scanf.o(.text) refers (Weak) to _scanf_str.o(.text) for _scanf_string
    ctype_c.o(.text) refers to ctype_c.o(.constdata) for .constdata


==============================================================================

Removing Unused input sections from the image.

    Removing main.o(.rev16_text), (4 bytes).
    Removing main.o(.revsh_text), (4 bytes).
    Removing delay.o(.rev16_text), (4 bytes).
    Removing delay.o(.revsh_text), (4 bytes).
    Removing stm32f4xx_it.o(.rev16_text), (4 bytes).
    Removing stm32f4xx_it.o(.revsh_text), (4 bytes).
    Removing sn8200_api.o(.rev16_text), (4 bytes).
    Removing sn8200_api.o(.revsh_text), (4 bytes).
    Removing sn8200_core.o(.rev16_text), (4 bytes).
    Removing sn8200_core.o(.revsh_text), (4 bytes).
    Removing sn8200_hal.o(.rev16_text), (4 bytes).
    Removing sn8200_hal.o(.revsh_text), (4 bytes).
    Removing stm32f4_discovery.o(.rev16_text), (4 bytes).
    Removing stm32f4_discovery.o(.revsh_text), (4 bytes).
    Removing stm32f4_discovery.o(.text), (1168 bytes).
    Removing stm32f4_discovery.o(.constdata), (88 bytes).
    Removing stm32f4_discovery.o(.data), (48 bytes).
    Removing stm32f4_discovery_lcd.o(.rev16_text), (4 bytes).
    Removing stm32f4_discovery_lcd.o(.revsh_text), (4 bytes).
    Removing misc.o(.rev16_text), (4 bytes).
    Removing misc.o(.revsh_text), (4 bytes).
    Removing stm32f4xx_dma.o(.rev16_text), (4 bytes).
    Removing stm32f4xx_dma.o(.revsh_text), (4 bytes).
    Removing stm32f4xx_dma.o(.text), (936 bytes).
    Removing stm32f4xx_exti.o(.rev16_text), (4 bytes).
    Removing stm32f4xx_exti.o(.revsh_text), (4 bytes).
    Removing stm32f4xx_exti.o(.text), (284 bytes).
    Removing stm32f4xx_fsmc.o(.rev16_text), (4 bytes).
    Removing stm32f4xx_fsmc.o(.revsh_text), (4 bytes).
    Removing stm32f4xx_gpio.o(.rev16_text), (4 bytes).
    Removing stm32f4xx_gpio.o(.revsh_text), (4 bytes).
    Removing stm32f4xx_i2c.o(.rev16_text), (4 bytes).
    Removing stm32f4xx_i2c.o(.revsh_text), (4 bytes).
    Removing stm32f4xx_i2c.o(.text), (1110 bytes).
    Removing stm32f4xx_rcc.o(.rev16_text), (4 bytes).
    Removing stm32f4xx_rcc.o(.revsh_text), (4 bytes).
    Removing stm32f4xx_sdio.o(.rev16_text), (4 bytes).
    Removing stm32f4xx_sdio.o(.revsh_text), (4 bytes).
    Removing stm32f4xx_sdio.o(.text), (476 bytes).
    Removing stm32f4xx_syscfg.o(.rev16_text), (4 bytes).
    Removing stm32f4xx_syscfg.o(.revsh_text), (4 bytes).
    Removing stm32f4xx_syscfg.o(.text), (140 bytes).
    Removing stm32f4xx_usart.o(.rev16_text), (4 bytes).
    Removing stm32f4xx_usart.o(.revsh_text), (4 bytes).
    Removing system_stm32f4xx.o(.rev16_text), (4 bytes).
    Removing system_stm32f4xx.o(.revsh_text), (4 bytes).
    Removing startup_stm32f40xx.o(HEAP), (512 bytes).
    Removing dadd.o(.text), (334 bytes).
    Removing dmul.o(.text), (228 bytes).
    Removing ddiv.o(.text), (222 bytes).
    Removing dfixul.o(.text), (48 bytes).

51 unused section(s) (total 5746 bytes) removed from the image.

==============================================================================

Image Symbol Table

    Local Symbols

    Symbol Name                              Value     Ov Type        Size  Object(Section)

    ../clib/microlib/ctype/ctype.c           0x00000000   Number         0  isblank_o.o ABSOLUTE
    ../clib/microlib/ctype/ctype.c           0x00000000   Number         0  isspace_o.o ABSOLUTE
    ../clib/microlib/ctype/ctype.c           0x00000000   Number         0  isalpha_o.o ABSOLUTE
    ../clib/microlib/ctype/ctype.c           0x00000000   Number         0  isupper_o.o ABSOLUTE
    ../clib/microlib/ctype/ctype.c           0x00000000   Number         0  isxdigit_o.o ABSOLUTE
    ../clib/microlib/ctype/ctype.c           0x00000000   Number         0  isalnum_o.o ABSOLUTE
    ../clib/microlib/ctype/ctype.c           0x00000000   Number         0  isprint_o.o ABSOLUTE
    ../clib/microlib/ctype/ctype.c           0x00000000   Number         0  islower_o.o ABSOLUTE
    ../clib/microlib/ctype/ctype.c           0x00000000   Number         0  ctype_c.o ABSOLUTE
    ../clib/microlib/ctype/ctype.c           0x00000000   Number         0  isgraph_o.o ABSOLUTE
    ../clib/microlib/ctype/ctype.c           0x00000000   Number         0  ispunct_o.o ABSOLUTE
    ../clib/microlib/ctype/ctype.c           0x00000000   Number         0  isdigit_o.o ABSOLUTE
    ../clib/microlib/ctype/ctype.c           0x00000000   Number         0  iscntrl_o.o ABSOLUTE
    ../clib/microlib/ctype/ctype.c           0x00000000   Number         0  isspace_c.o ABSOLUTE
    ../clib/microlib/ctype/ctype.c           0x00000000   Number         0  ctype_o.o ABSOLUTE
    ../clib/microlib/division.c              0x00000000   Number         0  uldiv.o ABSOLUTE
    ../clib/microlib/division.c              0x00000000   Number         0  uidiv.o ABSOLUTE
    ../clib/microlib/errno.c                 0x00000000   Number         0  errno.o ABSOLUTE
    ../clib/microlib/init/entry.s            0x00000000   Number         0  entry.o ABSOLUTE
    ../clib/microlib/init/entry.s            0x00000000   Number         0  entry11b.o ABSOLUTE
    ../clib/microlib/init/entry.s            0x00000000   Number         0  entry11a.o ABSOLUTE
    ../clib/microlib/init/entry.s            0x00000000   Number         0  entry10b.o ABSOLUTE
    ../clib/microlib/init/entry.s            0x00000000   Number         0  entry10a.o ABSOLUTE
    ../clib/microlib/init/entry.s            0x00000000   Number         0  entry9b.o ABSOLUTE
    ../clib/microlib/init/entry.s            0x00000000   Number         0  entry9a.o ABSOLUTE
    ../clib/microlib/init/entry.s            0x00000000   Number         0  entry8b.o ABSOLUTE
    ../clib/microlib/init/entry.s            0x00000000   Number         0  entry8a.o ABSOLUTE
    ../clib/microlib/init/entry.s            0x00000000   Number         0  entry7b.o ABSOLUTE
    ../clib/microlib/init/entry.s            0x00000000   Number         0  entry7a.o ABSOLUTE
    ../clib/microlib/init/entry.s            0x00000000   Number         0  entry5.o ABSOLUTE
    ../clib/microlib/init/entry.s            0x00000000   Number         0  entry2.o ABSOLUTE
    ../clib/microlib/longlong.c              0x00000000   Number         0  llshl.o ABSOLUTE
    ../clib/microlib/longlong.c              0x00000000   Number         0  llushr.o ABSOLUTE
    ../clib/microlib/longlong.c              0x00000000   Number         0  llsshr.o ABSOLUTE
    ../clib/microlib/printf/printf.c         0x00000000   Number         0  printf1.o ABSOLUTE
    ../clib/microlib/printf/printf.c         0x00000000   Number         0  printf0.o ABSOLUTE
    ../clib/microlib/printf/printf.c         0x00000000   Number         0  printfb.o ABSOLUTE
    ../clib/microlib/printf/printf.c         0x00000000   Number         0  printfa.o ABSOLUTE
    ../clib/microlib/printf/printf.c         0x00000000   Number         0  printf8.o ABSOLUTE
    ../clib/microlib/printf/printf.c         0x00000000   Number         0  printf7.o ABSOLUTE
    ../clib/microlib/printf/printf.c         0x00000000   Number         0  printf6.o ABSOLUTE
    ../clib/microlib/printf/printf.c         0x00000000   Number         0  printf5.o ABSOLUTE
    ../clib/microlib/printf/printf.c         0x00000000   Number         0  printf4.o ABSOLUTE
    ../clib/microlib/printf/printf.c         0x00000000   Number         0  printf3.o ABSOLUTE
    ../clib/microlib/printf/printf.c         0x00000000   Number         0  printf2.o ABSOLUTE
    ../clib/microlib/printf/stubs.s          0x00000000   Number         0  stubs.o ABSOLUTE
    ../clib/microlib/stdio/fgetc.c           0x00000000   Number         0  fgetc_b.o ABSOLUTE
    ../clib/microlib/stdio/semi.s            0x00000000   Number         0  semi.o ABSOLUTE
    ../clib/microlib/stdio/streams.c         0x00000000   Number         0  stdin.o ABSOLUTE
    ../clib/microlib/stdio/streams.c         0x00000000   Number         0  stdout.o ABSOLUTE
    ../clib/microlib/string/memcpy.c         0x00000000   Number         0  memcpya.o ABSOLUTE
    ../clib/microlib/string/memcpy.c         0x00000000   Number         0  memcpyb.o ABSOLUTE
    ../clib/microlib/string/memset.c         0x00000000   Number         0  memseta.o ABSOLUTE
    ../clib/microlib/string/strcpy.c         0x00000000   Number         0  strcpy.o ABSOLUTE
    ../clib/microlib/string/strlen.c         0x00000000   Number         0  strlen.o ABSOLUTE
    ../clib/microlib/string/strncmp.c        0x00000000   Number         0  strncmp.o ABSOLUTE
    ../clib/microlib/string/strstr.c         0x00000000   Number         0  strstr.o ABSOLUTE
    ../clib/microlib/stubs.s                 0x00000000   Number         0  iusefp.o ABSOLUTE
    ../clib/microlib/stubs.s                 0x00000000   Number         0  iusesemig.o ABSOLUTE
    ../clib/scanf.c                          0x00000000   Number         0  atoi.o ABSOLUTE
    ../clib/scanf.c                          0x00000000   Number         0  _strtoul.o ABSOLUTE
    ../clib/scanf.c                          0x00000000   Number         0  _chval.o ABSOLUTE
    ../clib/scanf.c                          0x00000000   Number         0  scanf_char_file.o ABSOLUTE
    ../clib/scanf.c                          0x00000000   Number         0  scanf_char.o ABSOLUTE
    ../clib/scanf.c                          0x00000000   Number         0  _scanf.o ABSOLUTE
    ../clib/scanf.c                          0x00000000   Number         0  __0scanf.o ABSOLUTE
    ../clib/scanf.c                          0x00000000   Number         0  _scanf_str.o ABSOLUTE
    ../clib/scanf.c                          0x00000000   Number         0  strtol.o ABSOLUTE
    ../fplib/microlib/fpadd.c                0x00000000   Number         0  dadd.o ABSOLUTE
    ../fplib/microlib/fpdiv.c                0x00000000   Number         0  ddiv.o ABSOLUTE
    ../fplib/microlib/fpepilogue.c           0x00000000   Number         0  depilogue.o ABSOLUTE
    ../fplib/microlib/fpfix.c                0x00000000   Number         0  dfixul.o ABSOLUTE
    ../fplib/microlib/fpflt.c                0x00000000   Number         0  dflti.o ABSOLUTE
    ../fplib/microlib/fpflt.c                0x00000000   Number         0  dfltui.o ABSOLUTE
    ../fplib/microlib/fpmul.c                0x00000000   Number         0  dmul.o ABSOLUTE
    ..\..\..\Libraries\CMSIS\Device\ST\STM32F4xx\Source\Templates\arm\startup_stm32f40xx.s 0x00000000   Number         0  startup_stm32f40xx.o ABSOLUTE
    ..\..\..\Libraries\CMSIS\Device\ST\STM32F4xx\Source\Templates\system_stm32f4xx.c 0x00000000   Number         0  system_stm32f4xx.o ABSOLUTE
    ..\..\..\Libraries\STM32F4xx_StdPeriph_Driver\src\misc.c 0x00000000   Number         0  misc.o ABSOLUTE
    ..\..\..\Libraries\STM32F4xx_StdPeriph_Driver\src\stm32f4xx_dma.c 0x00000000   Number         0  stm32f4xx_dma.o ABSOLUTE
    ..\..\..\Libraries\STM32F4xx_StdPeriph_Driver\src\stm32f4xx_exti.c 0x00000000   Number         0  stm32f4xx_exti.o ABSOLUTE
    ..\..\..\Libraries\STM32F4xx_StdPeriph_Driver\src\stm32f4xx_fsmc.c 0x00000000   Number         0  stm32f4xx_fsmc.o ABSOLUTE
    ..\..\..\Libraries\STM32F4xx_StdPeriph_Driver\src\stm32f4xx_gpio.c 0x00000000   Number         0  stm32f4xx_gpio.o ABSOLUTE
    ..\..\..\Libraries\STM32F4xx_StdPeriph_Driver\src\stm32f4xx_i2c.c 0x00000000   Number         0  stm32f4xx_i2c.o ABSOLUTE
    ..\..\..\Libraries\STM32F4xx_StdPeriph_Driver\src\stm32f4xx_rcc.c 0x00000000   Number         0  stm32f4xx_rcc.o ABSOLUTE
    ..\..\..\Libraries\STM32F4xx_StdPeriph_Driver\src\stm32f4xx_sdio.c 0x00000000   Number         0  stm32f4xx_sdio.o ABSOLUTE
    ..\..\..\Libraries\STM32F4xx_StdPeriph_Driver\src\stm32f4xx_syscfg.c 0x00000000   Number         0  stm32f4xx_syscfg.o ABSOLUTE
    ..\..\..\Libraries\STM32F4xx_StdPeriph_Driver\src\stm32f4xx_usart.c 0x00000000   Number         0  stm32f4xx_usart.o ABSOLUTE
    ..\..\..\Utilities\SN8200\sn8200_api.c   0x00000000   Number         0  sn8200_api.o ABSOLUTE
    ..\..\..\Utilities\SN8200\sn8200_core.c  0x00000000   Number         0  sn8200_core.o ABSOLUTE
    ..\..\..\Utilities\SN8200\sn8200_hal.c   0x00000000   Number         0  sn8200_hal.o ABSOLUTE
    ..\..\..\Utilities\STM32F4-Discovery\stm32f4_discovery.c 0x00000000   Number         0  stm32f4_discovery.o ABSOLUTE
    ..\..\..\Utilities\STM32F4-Discovery\stm32f4_discovery_lcd.c 0x00000000   Number         0  stm32f4_discovery_lcd.o ABSOLUTE
    ..\\..\\..\\Libraries\\CMSIS\\Device\\ST\\STM32F4xx\\Source\\Templates\\system_stm32f4xx.c 0x00000000   Number         0  system_stm32f4xx.o ABSOLUTE
    ..\\..\\..\\Libraries\\STM32F4xx_StdPeriph_Driver\\src\\misc.c 0x00000000   Number         0  misc.o ABSOLUTE
    ..\\..\\..\\Libraries\\STM32F4xx_StdPeriph_Driver\\src\\stm32f4xx_dma.c 0x00000000   Number         0  stm32f4xx_dma.o ABSOLUTE
    ..\\..\\..\\Libraries\\STM32F4xx_StdPeriph_Driver\\src\\stm32f4xx_exti.c 0x00000000   Number         0  stm32f4xx_exti.o ABSOLUTE
    ..\\..\\..\\Libraries\\STM32F4xx_StdPeriph_Driver\\src\\stm32f4xx_fsmc.c 0x00000000   Number         0  stm32f4xx_fsmc.o ABSOLUTE
    ..\\..\\..\\Libraries\\STM32F4xx_StdPeriph_Driver\\src\\stm32f4xx_gpio.c 0x00000000   Number         0  stm32f4xx_gpio.o ABSOLUTE
    ..\\..\\..\\Libraries\\STM32F4xx_StdPeriph_Driver\\src\\stm32f4xx_i2c.c 0x00000000   Number         0  stm32f4xx_i2c.o ABSOLUTE
    ..\\..\\..\\Libraries\\STM32F4xx_StdPeriph_Driver\\src\\stm32f4xx_rcc.c 0x00000000   Number         0  stm32f4xx_rcc.o ABSOLUTE
    ..\\..\\..\\Libraries\\STM32F4xx_StdPeriph_Driver\\src\\stm32f4xx_sdio.c 0x00000000   Number         0  stm32f4xx_sdio.o ABSOLUTE
    ..\\..\\..\\Libraries\\STM32F4xx_StdPeriph_Driver\\src\\stm32f4xx_syscfg.c 0x00000000   Number         0  stm32f4xx_syscfg.o ABSOLUTE
    ..\\..\\..\\Libraries\\STM32F4xx_StdPeriph_Driver\\src\\stm32f4xx_usart.c 0x00000000   Number         0  stm32f4xx_usart.o ABSOLUTE
    ..\\..\\..\\Utilities\\SN8200\\sn8200_api.c 0x00000000   Number         0  sn8200_api.o ABSOLUTE
    ..\\..\\..\\Utilities\\SN8200\\sn8200_core.c 0x00000000   Number         0  sn8200_core.o ABSOLUTE
    ..\\..\\..\\Utilities\\SN8200\\sn8200_hal.c 0x00000000   Number         0  sn8200_hal.o ABSOLUTE
    ..\\..\\..\\Utilities\\STM32F4-Discovery\\stm32f4_discovery.c 0x00000000   Number         0  stm32f4_discovery.o ABSOLUTE
    ..\\..\\..\\Utilities\\STM32F4-Discovery\\stm32f4_discovery_lcd.c 0x00000000   Number         0  stm32f4_discovery_lcd.o ABSOLUTE
    ..\\src\\delay.c                         0x00000000   Number         0  delay.o ABSOLUTE
    ..\\src\\main.c                          0x00000000   Number         0  main.o ABSOLUTE
    ..\\src\\stm32f4xx_it.c                  0x00000000   Number         0  stm32f4xx_it.o ABSOLUTE
    ..\src\delay.c                           0x00000000   Number         0  delay.o ABSOLUTE
    ..\src\main.c                            0x00000000   Number         0  main.o ABSOLUTE
    ..\src\stm32f4xx_it.c                    0x00000000   Number         0  stm32f4xx_it.o ABSOLUTE
    cdcmple.s                                0x00000000   Number         0  cdcmple.o ABSOLUTE
    cdrcmple.s                               0x00000000   Number         0  cdrcmple.o ABSOLUTE
    dc.s                                     0x00000000   Number         0  dc.o ABSOLUTE
    handlers.s                               0x00000000   Number         0  handlers.o ABSOLUTE
    init.s                                   0x00000000   Number         0  init.o ABSOLUTE
    RESET                                    0x08000000   Section      392  startup_stm32f40xx.o(RESET)
    .ARM.Collect$$$$00000000                 0x08000188   Section        0  entry.o(.ARM.Collect$$$$00000000)
    .ARM.Collect$$$$00000001                 0x08000188   Section        4  entry2.o(.ARM.Collect$$$$00000001)
    .ARM.Collect$$$$00000004                 0x0800018c   Section        4  entry5.o(.ARM.Collect$$$$00000004)
    .ARM.Collect$$$$00000008                 0x08000190   Section        0  entry7b.o(.ARM.Collect$$$$00000008)
    .ARM.Collect$$$$0000000A                 0x08000190   Section        0  entry8b.o(.ARM.Collect$$$$0000000A)
    .ARM.Collect$$$$0000000B                 0x08000190   Section        8  entry9a.o(.ARM.Collect$$$$0000000B)
    .ARM.Collect$$$$0000000D                 0x08000198   Section        0  entry10a.o(.ARM.Collect$$$$0000000D)
    .ARM.Collect$$$$0000000F                 0x08000198   Section        0  entry11a.o(.ARM.Collect$$$$0000000F)
    .ARM.Collect$$$$00002712                 0x08000198   Section        4  entry2.o(.ARM.Collect$$$$00002712)
    __lit__00000000                          0x08000198   Data           4  entry2.o(.ARM.Collect$$$$00002712)
    .text                                    0x0800019c   Section        0  main.o(.text)
    .text                                    0x08000874   Section        0  delay.o(.text)
    .text                                    0x0800090c   Section        0  stm32f4xx_it.o(.text)
    .text                                    0x08000924   Section        0  sn8200_api.o(.text)
    .text                                    0x080022d0   Section        0  sn8200_core.o(.text)
    escape_payload_and_transmit_no_ESC       0x08002311   Thumb Code    84  sn8200_core.o(.text)
    calc_escaped_payload_len_no_ESC          0x08002365   Thumb Code    42  sn8200_core.o(.text)
    no_ESC_transmit                          0x0800238f   Thumb Code   124  sn8200_core.o(.text)
    .text                                    0x08002820   Section        0  sn8200_hal.o(.text)
    .text                                    0x0800297c   Section        0  stm32f4_discovery_lcd.o(.text)
    delay                                    0x08002d77   Thumb Code    60  stm32f4_discovery_lcd.o(.text)
    PutPixel                                 0x08003131   Thumb Code    42  stm32f4_discovery_lcd.o(.text)
    LCD_PolyLineRelativeClosed               0x08003617   Thumb Code   128  stm32f4_discovery_lcd.o(.text)
    .text                                    0x08003940   Section        0  misc.o(.text)
    .text                                    0x08003a20   Section        0  stm32f4xx_fsmc.o(.text)
    .text                                    0x08004028   Section        0  stm32f4xx_gpio.o(.text)
    .text                                    0x08004284   Section        0  stm32f4xx_rcc.o(.text)
    .text                                    0x0800481c   Section        0  stm32f4xx_usart.o(.text)
    .text                                    0x08004c70   Section        0  system_stm32f4xx.o(.text)
    SetSysClock                              0x08004c71   Thumb Code   220  system_stm32f4xx.o(.text)
    .text                                    0x08004e80   Section       36  startup_stm32f40xx.o(.text)
    $v0                                      0x08004e80   Number         0  startup_stm32f40xx.o(.text)
    .text                                    0x08004ea4   Section        0  ctype_o.o(.text)
    .text                                    0x08004eac   Section        0  isspace_o.o(.text)
    .text                                    0x08004ebe   Section        0  memcpya.o(.text)
    .text                                    0x08004ee2   Section        0  memseta.o(.text)
    .text                                    0x08004f06   Section        0  strstr.o(.text)
    .text                                    0x08004f2a   Section        0  strlen.o(.text)
    .text                                    0x08004f38   Section        0  strcpy.o(.text)
    .text                                    0x08004f4a   Section        0  strncmp.o(.text)
    .text                                    0x08004f68   Section        0  __0scanf.o(.text)
    .text                                    0x08004f88   Section        0  _scanf_str.o(.text)
    .text                                    0x08005068   Section        0  strtol.o(.text)
    .text                                    0x080050d8   Section        0  atoi.o(.text)
    .text                                    0x080050f2   Section        0  dflti.o(.text)
    .text                                    0x08005114   Section        0  dfltui.o(.text)
    .text                                    0x08005130   Section       48  cdcmple.o(.text)
    .text                                    0x08005160   Section       48  cdrcmple.o(.text)
    .text                                    0x08005190   Section        0  uldiv.o(.text)
    .text                                    0x080051f2   Section        0  _strtoul.o(.text)
    .text                                    0x08005290   Section        0  scanf_char_file.o(.text)
    .text                                    0x080052a4   Section        0  iusefp.o(.text)
    .text                                    0x080052a4   Section        0  depilogue.o(.text)
    .text                                    0x08005360   Section       36  init.o(.text)
    .text                                    0x08005384   Section        0  fgetc_b.o(.text)
    .text                                    0x080053b0   Section        0  llshl.o(.text)
    .text                                    0x080053ce   Section        0  llushr.o(.text)
    .text                                    0x080053ee   Section        0  _chval.o(.text)
    .text                                    0x0800540c   Section        0  scanf_char.o(.text)
    _scanf_char_input                        0x0800540d   Thumb Code    12  scanf_char.o(.text)
    .text                                    0x08005434   Section        0  semi.o(.text)
    .text                                    0x08005434   Section        0  _scanf.o(.text)
    .text                                    0x08005760   Section        0  iusesemig.o(.text)
    i.__0printf$8                            0x08005760   Section        0  printf8.o(i.__0printf$8)
    i.__0sprintf$8                           0x08005780   Section        0  printf8.o(i.__0sprintf$8)
    i.__aeabi_errno_addr                     0x080057a8   Section        0  errno.o(i.__aeabi_errno_addr)
    i.__scatterload_copy                     0x080057b0   Section       14  handlers.o(i.__scatterload_copy)
    i.__scatterload_null                     0x080057be   Section        2  handlers.o(i.__scatterload_null)
    i.__scatterload_zeroinit                 0x080057c0   Section       14  handlers.o(i.__scatterload_zeroinit)
    i._printf_core                           0x080057d0   Section        0  printf8.o(i._printf_core)
    _printf_core                             0x080057d1   Thumb Code   996  printf8.o(i._printf_core)
    i._printf_post_padding                   0x08005be0   Section        0  printf8.o(i._printf_post_padding)
    _printf_post_padding                     0x08005be1   Thumb Code    36  printf8.o(i._printf_post_padding)
    i._printf_pre_padding                    0x08005c04   Section        0  printf8.o(i._printf_pre_padding)
    _printf_pre_padding                      0x08005c05   Thumb Code    46  printf8.o(i._printf_pre_padding)
    i._sputc                                 0x08005c32   Section        0  printf8.o(i._sputc)
    _sputc                                   0x08005c33   Thumb Code    10  printf8.o(i._sputc)
    .constdata                               0x08005c3c   Section    10704  stm32f4_discovery_lcd.o(.constdata)
    .constdata                               0x0800860c   Section      129  ctype_o.o(.constdata)
    .constdata                               0x08008690   Section        4  ctype_o.o(.constdata)
    table                                    0x08008690   Data           4  ctype_o.o(.constdata)
    .conststring                             0x08008694   Section      374  sn8200_api.o(.conststring)
    .data                                    0x20000000   Section       20  main.o(.data)
    .data                                    0x20000014   Section        4  delay.o(.data)
    TimingDelay                              0x20000014   Data           4  delay.o(.data)
    .data                                    0x20000018   Section      100  sn8200_api.o(.data)
    times                                    0x20000070   Data           4  sn8200_api.o(.data)
    isPrintable                              0x20000074   Data           4  sn8200_api.o(.data)
    i                                        0x20000078   Data           4  sn8200_api.o(.data)
    .data                                    0x2000007c   Section       25  sn8200_core.o(.data)
    serial_rx_state                          0x20000080   Data           1  sn8200_core.o(.data)
    curr_buf_idx                             0x20000084   Data           4  sn8200_core.o(.data)
    curr_read_idx                            0x20000088   Data           4  sn8200_core.o(.data)
    rx_frm_payload_index                     0x2000008c   Data           4  sn8200_core.o(.data)
    rx_frm_data_index                        0x20000090   Data           4  sn8200_core.o(.data)
    rx_frm_chksum                            0x20000094   Data           1  sn8200_core.o(.data)
    .data                                    0x20000098   Section        8  sn8200_hal.o(.data)
    .data                                    0x200000a0   Section       40  stm32f4_discovery_lcd.o(.data)
    LCD_Currentfonts                         0x200000c0   Data           4  stm32f4_discovery_lcd.o(.data)
    TextColor                                0x200000c4   Data           2  stm32f4_discovery_lcd.o(.data)
    BackColor                                0x200000c6   Data           2  stm32f4_discovery_lcd.o(.data)
    .data                                    0x200000c8   Section       16  stm32f4xx_rcc.o(.data)
    APBAHBPrescTable                         0x200000c8   Data          16  stm32f4xx_rcc.o(.data)
    .data                                    0x200000d8   Section       20  system_stm32f4xx.o(.data)
    .data                                    0x200000ec   Section        4  stdin.o(.data)
    .data                                    0x200000f0   Section        4  stdout.o(.data)
    .data                                    0x200000f4   Section        4  errno.o(.data)
    _errno                                   0x200000f4   Data           4  errno.o(.data)
    .data                                    0x200000f8   Section        3  fgetc_b.o(.data)
    ungetc_sp                                0x200000f8   Data           1  fgetc_b.o(.data)
    ungetc_stack                             0x200000f9   Data           2  fgetc_b.o(.data)
    .bss                                     0x200000fc   Section      384  main.o(.bss)
    .bss                                     0x2000027c   Section     1924  sn8200_api.o(.bss)
    .bss                                     0x20000a00   Section    84176  sn8200_core.o(.bss)
    tempReTXBuf                              0x20000a00   Data        4096  sn8200_core.o(.bss)
    .bss                                     0x200152d0   Section     4096  sn8200_hal.o(.bss)
    STACK                                    0x200162d0   Section     1024  startup_stm32f40xx.o(STACK)

    Global Symbols

    Symbol Name                              Value     Ov Type        Size  Object(Section)

    BuildAttributes$$THM_ISAv4$E$P$D$K$B$S$7EM$VFPi3$EXTD16$VFPS$VFMA$PE$A:L22UL41UL21$X:L11$S22US41US21$IEEE1$IW$USESV6$~STKCKD$USESV7$~SHL$OSPACE$ROPI$EBA8$MICROLIB$REQ8$PRES8$EABIv2 0x00000000   Number         0  anon$$obj.o ABSOLUTE
    __ARM_use_no_argv                        0x00000000   Number         0  main.o ABSOLUTE
    _printf_a                                0x00000000   Number         0  stubs.o ABSOLUTE
    _printf_c                                0x00000000   Number         0  stubs.o ABSOLUTE
    _printf_charcount                        0x00000000   Number         0  stubs.o ABSOLUTE
    _printf_d                                0x00000000   Number         0  stubs.o ABSOLUTE
    _printf_e                                0x00000000   Number         0  stubs.o ABSOLUTE
    _printf_f                                0x00000000   Number         0  stubs.o ABSOLUTE
    _printf_flags                            0x00000000   Number         0  stubs.o ABSOLUTE
    _printf_fp_dec                           0x00000000   Number         0  stubs.o ABSOLUTE
    _printf_fp_hex                           0x00000000   Number         0  stubs.o ABSOLUTE
    _printf_g                                0x00000000   Number         0  stubs.o ABSOLUTE
    _printf_i                                0x00000000   Number         0  stubs.o ABSOLUTE
    _printf_int_dec                          0x00000000   Number         0  stubs.o ABSOLUTE
    _printf_l                                0x00000000   Number         0  stubs.o ABSOLUTE
    _printf_lc                               0x00000000   Number         0  stubs.o ABSOLUTE
    _printf_ll                               0x00000000   Number         0  stubs.o ABSOLUTE
    _printf_lld                              0x00000000   Number         0  stubs.o ABSOLUTE
    _printf_lli                              0x00000000   Number         0  stubs.o ABSOLUTE
    _printf_llo                              0x00000000   Number         0  stubs.o ABSOLUTE
    _printf_llu                              0x00000000   Number         0  stubs.o ABSOLUTE
    _printf_llx                              0x00000000   Number         0  stubs.o ABSOLUTE
    _printf_longlong_dec                     0x00000000   Number         0  stubs.o ABSOLUTE
    _printf_longlong_hex                     0x00000000   Number         0  stubs.o ABSOLUTE
    _printf_longlong_oct                     0x00000000   Number         0  stubs.o ABSOLUTE
    _printf_ls                               0x00000000   Number         0  stubs.o ABSOLUTE
    _printf_mbtowc                           0x00000000   Number         0  stubs.o ABSOLUTE
    _printf_n                                0x00000000   Number         0  stubs.o ABSOLUTE
    _printf_o                                0x00000000   Number         0  stubs.o ABSOLUTE
    _printf_p                                0x00000000   Number         0  stubs.o ABSOLUTE
    _printf_percent                          0x00000000   Number         0  stubs.o ABSOLUTE
    _printf_pre_padding                      0x00000000   Number         0  stubs.o ABSOLUTE
    _printf_return_value                     0x00000000   Number         0  stubs.o ABSOLUTE
    _printf_s                                0x00000000   Number         0  stubs.o ABSOLUTE
    _printf_sizespec                         0x00000000   Number         0  stubs.o ABSOLUTE
    _printf_str                              0x00000000   Number         0  stubs.o ABSOLUTE
    _printf_truncate_signed                  0x00000000   Number         0  stubs.o ABSOLUTE
    _printf_truncate_unsigned                0x00000000   Number         0  stubs.o ABSOLUTE
    _printf_u                                0x00000000   Number         0  stubs.o ABSOLUTE
    _printf_wc                               0x00000000   Number         0  stubs.o ABSOLUTE
    _printf_wctomb                           0x00000000   Number         0  stubs.o ABSOLUTE
    _printf_widthprec                        0x00000000   Number         0  stubs.o ABSOLUTE
    _printf_x                                0x00000000   Number         0  stubs.o ABSOLUTE
    __cpp_initialize__aeabi_                  - Undefined Weak Reference
    __cxa_finalize                            - Undefined Weak Reference
    __decompress                              - Undefined Weak Reference
    _clock_init                               - Undefined Weak Reference
    _microlib_exit                            - Undefined Weak Reference
    _scanf_int                                - Undefined Weak Reference
    _scanf_longlong                           - Undefined Weak Reference
    _scanf_real                               - Undefined Weak Reference
    __Vectors_Size                           0x00000188   Number         0  startup_stm32f40xx.o ABSOLUTE
    __Vectors                                0x08000000   Data           4  startup_stm32f40xx.o(RESET)
    __Vectors_End                            0x08000188   Data           0  startup_stm32f40xx.o(RESET)
    __main                                   0x08000189   Thumb Code     0  entry.o(.ARM.Collect$$$$00000000)
    _main_stk                                0x08000189   Thumb Code     0  entry2.o(.ARM.Collect$$$$00000001)
    _main_scatterload                        0x0800018d   Thumb Code     0  entry5.o(.ARM.Collect$$$$00000004)
    __main_after_scatterload                 0x08000191   Thumb Code     0  entry5.o(.ARM.Collect$$$$00000004)
    _main_clock                              0x08000191   Thumb Code     0  entry7b.o(.ARM.Collect$$$$00000008)
    _main_cpp_init                           0x08000191   Thumb Code     0  entry8b.o(.ARM.Collect$$$$0000000A)
    _main_init                               0x08000191   Thumb Code     0  entry9a.o(.ARM.Collect$$$$0000000B)
    __rt_final_cpp                           0x08000199   Thumb Code     0  entry10a.o(.ARM.Collect$$$$0000000D)
    __rt_final_exit                          0x08000199   Thumb Code     0  entry11a.o(.ARM.Collect$$$$0000000F)
    ProcessUserInput                         0x0800019d   Thumb Code   856  main.o(.text)
    DBGU_Init                                0x080004f5   Thumb Code   188  main.o(.text)
    main                                     0x080005b1   Thumb Code   366  main.o(.text)
    DBGU_RxBufferEmpty                       0x0800071f   Thumb Code    20  main.o(.text)
    USART3_IRQHandler                        0x08000733   Thumb Code   136  main.o(.text)
    fputc                                    0x080007bb   Thumb Code    32  main.o(.text)
    DBGU_GetChar                             0x080007db   Thumb Code    44  main.o(.text)
    fgetc                                    0x08000807   Thumb Code    84  main.o(.text)
    SysTick_Configuration                    0x08000875   Thumb Code    92  delay.o(.text)
    mdelay                                   0x080008d1   Thumb Code    16  delay.o(.text)
    TimingDelay_Decrement                    0x080008e1   Thumb Code    18  delay.o(.text)
    SysTick_Handler                          0x080008f3   Thumb Code     8  delay.o(.text)
    NMI_Handler                              0x0800090d   Thumb Code     2  stm32f4xx_it.o(.text)
    HardFault_Handler                        0x0800090f   Thumb Code     4  stm32f4xx_it.o(.text)
    MemManage_Handler                        0x08000913   Thumb Code     4  stm32f4xx_it.o(.text)
    BusFault_Handler                         0x08000917   Thumb Code     4  stm32f4xx_it.o(.text)
    UsageFault_Handler                       0x0800091b   Thumb Code     4  stm32f4xx_it.o(.text)
    SVC_Handler                              0x0800091f   Thumb Code     2  stm32f4xx_it.o(.text)
    DebugMon_Handler                         0x08000921   Thumb Code     2  stm32f4xx_it.o(.text)
    PendSV_Handler                           0x08000923   Thumb Code     2  stm32f4xx_it.o(.text)
    inet_aton                                0x08000925   Thumb Code   338  sn8200_api.o(.text)
    inet_addr                                0x08000a77   Thumb Code    24  sn8200_api.o(.text)
    getTCPinfo                               0x08000a8f   Thumb Code   190  sn8200_api.o(.text)
    setTCPinfo                               0x08000b4d   Thumb Code    98  sn8200_api.o(.text)
    getUDPinfo                               0x08000baf   Thumb Code   120  sn8200_api.o(.text)
    setUDPinfo                               0x08000c27   Thumb Code    98  sn8200_api.o(.text)
    SN8200_API_Init                          0x08000c89   Thumb Code    12  sn8200_api.o(.text)
    SN8200_API_HasInput                      0x08000c95   Thumb Code     8  sn8200_api.o(.text)
    ProcessSN8200Input                       0x08000c9d   Thumb Code     8  sn8200_api.o(.text)
    GetStatus                                0x08000ca5   Thumb Code    98  sn8200_api.o(.text)
    WifiOn                                   0x08000d07   Thumb Code    46  sn8200_api.o(.text)
    WifiOff                                  0x08000d35   Thumb Code    34  sn8200_api.o(.text)
    ApOff                                    0x08000d57   Thumb Code   106  sn8200_api.o(.text)
    ApOnOff                                  0x08000dc1   Thumb Code   118  sn8200_api.o(.text)
    WifiScan                                 0x08000e37   Thumb Code   382  sn8200_api.o(.text)
    WifiJoin                                 0x08000fb5   Thumb Code   328  sn8200_api.o(.text)
    WifiDisconn                              0x080010fd   Thumb Code    34  sn8200_api.o(.text)
    SnicInit                                 0x0800111f   Thumb Code    44  sn8200_api.o(.text)
    SnicCleanup                              0x0800114b   Thumb Code    34  sn8200_api.o(.text)
    SnicIPConfig                             0x0800116d   Thumb Code   104  sn8200_api.o(.text)
    SnicGetDhcp                              0x080011d5   Thumb Code   130  sn8200_api.o(.text)
    tcpCreateSocket                          0x08001257   Thumb Code   134  sn8200_api.o(.text)
    closeSocket                              0x080012dd   Thumb Code    50  sn8200_api.o(.text)
    tcpConnectToServer                       0x0800130f   Thumb Code   498  sn8200_api.o(.text)
    tcpCreateConnection                      0x08001501   Thumb Code   100  sn8200_api.o(.text)
    sendFromSock                             0x08001565   Thumb Code   142  sn8200_api.o(.text)
    udpCreateSocket                          0x080015f3   Thumb Code   126  sn8200_api.o(.text)
    udpSendFromSock                          0x08001671   Thumb Code   180  sn8200_api.o(.text)
    udpStartRecv                             0x08001725   Thumb Code    72  sn8200_api.o(.text)
    handleRxWiFi                             0x0800176d   Thumb Code   906  sn8200_api.o(.text)
    handleRxSNIC                             0x08001af7   Thumb Code  1616  sn8200_api.o(.text)
    SendSNIC                                 0x08002147   Thumb Code    60  sn8200_api.o(.text)
    fillNSendHttpReq                         0x08002183   Thumb Code   214  sn8200_api.o(.text)
    fillNSendHttpMoreReq                     0x08002259   Thumb Code    96  sn8200_api.o(.text)
    dummy_tx                                 0x080022d1   Thumb Code    64  sn8200_core.o(.text)
    rx_process_char_no_ESC                   0x0800240b   Thumb Code   658  sn8200_core.o(.text)
    sci_ser_cmd_proc                         0x0800269d   Thumb Code    78  sn8200_core.o(.text)
    SN8200_RxFrameEmpty                      0x080026eb   Thumb Code    20  sn8200_core.o(.text)
    process_rx_frame                         0x080026ff   Thumb Code   102  sn8200_core.o(.text)
    SN8200_Init                              0x08002765   Thumb Code    12  sn8200_core.o(.text)
    SN8200_HasInput                          0x08002771   Thumb Code    12  sn8200_core.o(.text)
    serial_transmit                          0x0800277d   Thumb Code    50  sn8200_core.o(.text)
    rx_thread_proc                           0x080027af   Thumb Code   100  sn8200_core.o(.text)
    SN8200_HAL_Init                          0x08002821   Thumb Code   186  sn8200_hal.o(.text)
    SN8200_HAL_SendData                      0x080028db   Thumb Code    40  sn8200_hal.o(.text)
    SN8200_HAL_RxBufferEmpty                 0x08002903   Thumb Code    20  sn8200_hal.o(.text)
    SN8200_HAL_ReadByte                      0x08002917   Thumb Code    38  sn8200_hal.o(.text)
    USART1_IRQHandler                        0x0800293d   Thumb Code    44  sn8200_hal.o(.text)
    LCD_DisplayOff                           0x0800297d   Thumb Code     2  stm32f4_discovery_lcd.o(.text)
    LCD_DeInit                               0x0800297f   Thumb Code   538  stm32f4_discovery_lcd.o(.text)
    LCD_CtrlLinesConfig                      0x08002b99   Thumb Code   360  stm32f4_discovery_lcd.o(.text)
    LCD_FSMCConfig                           0x08002d01   Thumb Code    94  stm32f4_discovery_lcd.o(.text)
    LCD_SetFont                              0x08002d5f   Thumb Code     6  stm32f4_discovery_lcd.o(.text)
    LCD_WriteRAM                             0x08002d65   Thumb Code     6  stm32f4_discovery_lcd.o(.text)
    LCD_WriteReg                             0x08002d6b   Thumb Code    12  stm32f4_discovery_lcd.o(.text)
    STM32f4_Discovery_LCD_Init               0x08002db3   Thumb Code   344  stm32f4_discovery_lcd.o(.text)
    LCD_SetCursor                            0x08002f0b   Thumb Code    24  stm32f4_discovery_lcd.o(.text)
    LCD_ReadReg                              0x08002f23   Thumb Code    14  stm32f4_discovery_lcd.o(.text)
    LCD_WriteRAM_Prepare                     0x08002f31   Thumb Code    10  stm32f4_discovery_lcd.o(.text)
    LCD_ReadRAM                              0x08002f3b   Thumb Code     6  stm32f4_discovery_lcd.o(.text)
    LCD_RGB_Test                             0x08002f41   Thumb Code    70  stm32f4_discovery_lcd.o(.text)
    LCD_SetColors                            0x08002f87   Thumb Code    20  stm32f4_discovery_lcd.o(.text)
    LCD_GetColors                            0x08002f9b   Thumb Code    14  stm32f4_discovery_lcd.o(.text)
    LCD_SetTextColor                         0x08002fa9   Thumb Code    12  stm32f4_discovery_lcd.o(.text)
    LCD_SetBackColor                         0x08002fb5   Thumb Code    12  stm32f4_discovery_lcd.o(.text)
    LCD_DisplayOn                            0x08002fc1   Thumb Code     2  stm32f4_discovery_lcd.o(.text)
    LCD_GetFont                              0x08002fc3   Thumb Code     6  stm32f4_discovery_lcd.o(.text)
    LCD_DrawChar                             0x08002fc9   Thumb Code   160  stm32f4_discovery_lcd.o(.text)
    LCD_DisplayChar                          0x08003069   Thumb Code    42  stm32f4_discovery_lcd.o(.text)
    LCD_ClearLine                            0x08003093   Thumb Code    36  stm32f4_discovery_lcd.o(.text)
    LCD_Clear                                0x080030b7   Thumb Code    36  stm32f4_discovery_lcd.o(.text)
    LCD_DrawLine                             0x080030db   Thumb Code    86  stm32f4_discovery_lcd.o(.text)
    LCD_DisplayStringLine                    0x0800315b   Thumb Code    50  stm32f4_discovery_lcd.o(.text)
    LCD_SetDisplayWindow                     0x0800318d   Thumb Code   122  stm32f4_discovery_lcd.o(.text)
    LCD_WindowModeDisable                    0x08003207   Thumb Code     2  stm32f4_discovery_lcd.o(.text)
    LCD_DrawRect                             0x08003209   Thumb Code    66  stm32f4_discovery_lcd.o(.text)
    LCD_DrawCircle                           0x0800324b   Thumb Code   252  stm32f4_discovery_lcd.o(.text)
    LCD_DrawMonoPict                         0x08003347   Thumb Code    76  stm32f4_discovery_lcd.o(.text)
    LCD_WriteBMP                             0x08003393   Thumb Code     2  stm32f4_discovery_lcd.o(.text)
    LCD_DrawFullRect                         0x08003395   Thumb Code   126  stm32f4_discovery_lcd.o(.text)
    LCD_DrawFullCircle                       0x08003413   Thumb Code   162  stm32f4_discovery_lcd.o(.text)
    LCD_DrawUniLine                          0x080034b5   Thumb Code   286  stm32f4_discovery_lcd.o(.text)
    LCD_PolyLine                             0x080035d3   Thumb Code    68  stm32f4_discovery_lcd.o(.text)
    LCD_ClosedPolyLine                       0x08003697   Thumb Code    48  stm32f4_discovery_lcd.o(.text)
    LCD_PolyLineRelative                     0x080036c7   Thumb Code    18  stm32f4_discovery_lcd.o(.text)
    LCD_ClosedPolyLineRelative               0x080036d9   Thumb Code    18  stm32f4_discovery_lcd.o(.text)
    LCD_FillPolyLine                         0x080036eb   Thumb Code   588  stm32f4_discovery_lcd.o(.text)
    NVIC_PriorityGroupConfig                 0x08003941   Thumb Code    10  misc.o(.text)
    NVIC_Init                                0x0800394b   Thumb Code   106  misc.o(.text)
    NVIC_SetVectorTable                      0x080039b5   Thumb Code    14  misc.o(.text)
    NVIC_SystemLPConfig                      0x080039c3   Thumb Code    34  misc.o(.text)
    SysTick_CLKSourceConfig                  0x080039e5   Thumb Code    40  misc.o(.text)
    FSMC_NORSRAMDeInit                       0x08003a21   Thumb Code    54  stm32f4xx_fsmc.o(.text)
    FSMC_NORSRAMInit                         0x08003a57   Thumb Code   230  stm32f4xx_fsmc.o(.text)
    FSMC_NORSRAMStructInit                   0x08003b3d   Thumb Code   114  stm32f4xx_fsmc.o(.text)
    FSMC_NORSRAMCmd                          0x08003baf   Thumb Code    46  stm32f4xx_fsmc.o(.text)
    FSMC_NANDDeInit                          0x08003bdd   Thumb Code    62  stm32f4xx_fsmc.o(.text)
    FSMC_NANDInit                            0x08003c1b   Thumb Code   132  stm32f4xx_fsmc.o(.text)
    FSMC_NANDStructInit                      0x08003c9f   Thumb Code    54  stm32f4xx_fsmc.o(.text)
    FSMC_NANDCmd                             0x08003cd5   Thumb Code    86  stm32f4xx_fsmc.o(.text)
    FSMC_NANDECCCmd                          0x08003d2b   Thumb Code    86  stm32f4xx_fsmc.o(.text)
    FSMC_GetECC                              0x08003d81   Thumb Code    24  stm32f4xx_fsmc.o(.text)
    FSMC_PCCARDDeInit                        0x08003d99   Thumb Code    36  stm32f4xx_fsmc.o(.text)
    FSMC_PCCARDInit                          0x08003dbd   Thumb Code   130  stm32f4xx_fsmc.o(.text)
    FSMC_PCCARDStructInit                    0x08003e3f   Thumb Code    60  stm32f4xx_fsmc.o(.text)
    FSMC_PCCARDCmd                           0x08003e7b   Thumb Code    44  stm32f4xx_fsmc.o(.text)
    FSMC_ITConfig                            0x08003ea7   Thumb Code   128  stm32f4xx_fsmc.o(.text)
    FSMC_GetFlagStatus                       0x08003f27   Thumb Code    54  stm32f4xx_fsmc.o(.text)
    FSMC_ClearFlag                           0x08003f5d   Thumb Code    62  stm32f4xx_fsmc.o(.text)
    FSMC_GetITStatus                         0x08003f9b   Thumb Code    72  stm32f4xx_fsmc.o(.text)
    FSMC_ClearITPendingBit                   0x08003fe3   Thumb Code    66  stm32f4xx_fsmc.o(.text)
    GPIO_DeInit                              0x08004029   Thumb Code   220  stm32f4xx_gpio.o(.text)
    GPIO_Init                                0x08004105   Thumb Code   144  stm32f4xx_gpio.o(.text)
    GPIO_StructInit                          0x08004195   Thumb Code    18  stm32f4xx_gpio.o(.text)
    GPIO_PinLockConfig                       0x080041a7   Thumb Code    34  stm32f4xx_gpio.o(.text)
    GPIO_ReadInputDataBit                    0x080041c9   Thumb Code    18  stm32f4xx_gpio.o(.text)
    GPIO_ReadInputData                       0x080041db   Thumb Code     8  stm32f4xx_gpio.o(.text)
    GPIO_ReadOutputDataBit                   0x080041e3   Thumb Code    18  stm32f4xx_gpio.o(.text)
    GPIO_ReadOutputData                      0x080041f5   Thumb Code     8  stm32f4xx_gpio.o(.text)
    GPIO_SetBits                             0x080041fd   Thumb Code     4  stm32f4xx_gpio.o(.text)
    GPIO_ResetBits                           0x08004201   Thumb Code     4  stm32f4xx_gpio.o(.text)
    GPIO_WriteBit                            0x08004205   Thumb Code    10  stm32f4xx_gpio.o(.text)
    GPIO_Write                               0x0800420f   Thumb Code     4  stm32f4xx_gpio.o(.text)
    GPIO_ToggleBits                          0x08004213   Thumb Code     8  stm32f4xx_gpio.o(.text)
    GPIO_PinAFConfig                         0x0800421b   Thumb Code    70  stm32f4xx_gpio.o(.text)
    RCC_DeInit                               0x08004285   Thumb Code    68  stm32f4xx_rcc.o(.text)
    RCC_HSEConfig                            0x080042c9   Thumb Code    14  stm32f4xx_rcc.o(.text)
    RCC_GetFlagStatus                        0x080042d7   Thumb Code    60  stm32f4xx_rcc.o(.text)
    RCC_WaitForHSEStartUp                    0x08004313   Thumb Code    56  stm32f4xx_rcc.o(.text)
    RCC_AdjustHSICalibrationValue            0x0800434b   Thumb Code    20  stm32f4xx_rcc.o(.text)
    RCC_HSICmd                               0x0800435f   Thumb Code     6  stm32f4xx_rcc.o(.text)
    RCC_LSEConfig                            0x08004365   Thumb Code    46  stm32f4xx_rcc.o(.text)
    RCC_LSICmd                               0x08004393   Thumb Code     6  stm32f4xx_rcc.o(.text)
    RCC_PLLConfig                            0x08004399   Thumb Code    32  stm32f4xx_rcc.o(.text)
    RCC_PLLCmd                               0x080043b9   Thumb Code     6  stm32f4xx_rcc.o(.text)
    RCC_PLLI2SConfig                         0x080043bf   Thumb Code    14  stm32f4xx_rcc.o(.text)
    RCC_PLLI2SCmd                            0x080043cd   Thumb Code     6  stm32f4xx_rcc.o(.text)
    RCC_ClockSecuritySystemCmd               0x080043d3   Thumb Code     6  stm32f4xx_rcc.o(.text)
    RCC_MCO1Config                           0x080043d9   Thumb Code    28  stm32f4xx_rcc.o(.text)
    RCC_MCO2Config                           0x080043f5   Thumb Code    28  stm32f4xx_rcc.o(.text)
    RCC_SYSCLKConfig                         0x08004411   Thumb Code    20  stm32f4xx_rcc.o(.text)
    RCC_GetSYSCLKSource                      0x08004425   Thumb Code    12  stm32f4xx_rcc.o(.text)
    RCC_HCLKConfig                           0x08004431   Thumb Code    20  stm32f4xx_rcc.o(.text)
    RCC_PCLK1Config                          0x08004445   Thumb Code    20  stm32f4xx_rcc.o(.text)
    RCC_PCLK2Config                          0x08004459   Thumb Code    22  stm32f4xx_rcc.o(.text)
    RCC_GetClocksFreq                        0x0800446f   Thumb Code   222  stm32f4xx_rcc.o(.text)
    RCC_RTCCLKConfig                         0x0800454d   Thumb Code    54  stm32f4xx_rcc.o(.text)
    RCC_RTCCLKCmd                            0x08004583   Thumb Code     8  stm32f4xx_rcc.o(.text)
    RCC_BackupResetCmd                       0x0800458b   Thumb Code     8  stm32f4xx_rcc.o(.text)
    RCC_I2SCLKConfig                         0x08004593   Thumb Code     6  stm32f4xx_rcc.o(.text)
    RCC_TIMCLKPresConfig                     0x08004599   Thumb Code     6  stm32f4xx_rcc.o(.text)
    RCC_AHB1PeriphClockCmd                   0x0800459f   Thumb Code    34  stm32f4xx_rcc.o(.text)
    RCC_AHB2PeriphClockCmd                   0x080045c1   Thumb Code    34  stm32f4xx_rcc.o(.text)
    RCC_AHB3PeriphClockCmd                   0x080045e3   Thumb Code    34  stm32f4xx_rcc.o(.text)
    RCC_APB1PeriphClockCmd                   0x08004605   Thumb Code    34  stm32f4xx_rcc.o(.text)
    RCC_APB2PeriphClockCmd                   0x08004627   Thumb Code    34  stm32f4xx_rcc.o(.text)
    RCC_AHB1PeriphResetCmd                   0x08004649   Thumb Code    84  stm32f4xx_rcc.o(.text)
    RCC_AHB2PeriphResetCmd                   0x0800469d   Thumb Code    26  stm32f4xx_rcc.o(.text)
    RCC_AHB3PeriphResetCmd                   0x080046b7   Thumb Code    34  stm32f4xx_rcc.o(.text)
    RCC_APB1PeriphResetCmd                   0x080046d9   Thumb Code    34  stm32f4xx_rcc.o(.text)
    RCC_APB2PeriphResetCmd                   0x080046fb   Thumb Code    34  stm32f4xx_rcc.o(.text)
    RCC_AHB1PeriphClockLPModeCmd             0x0800471d   Thumb Code    34  stm32f4xx_rcc.o(.text)
    RCC_AHB2PeriphClockLPModeCmd             0x0800473f   Thumb Code    34  stm32f4xx_rcc.o(.text)
    RCC_AHB3PeriphClockLPModeCmd             0x08004761   Thumb Code    34  stm32f4xx_rcc.o(.text)
    RCC_APB1PeriphClockLPModeCmd             0x08004783   Thumb Code    34  stm32f4xx_rcc.o(.text)
    RCC_APB2PeriphClockLPModeCmd             0x080047a5   Thumb Code    34  stm32f4xx_rcc.o(.text)
    RCC_ITConfig                             0x080047c7   Thumb Code    34  stm32f4xx_rcc.o(.text)
    RCC_ClearFlag                            0x080047e9   Thumb Code    18  stm32f4xx_rcc.o(.text)
    RCC_GetITStatus                          0x080047fb   Thumb Code    22  stm32f4xx_rcc.o(.text)
    RCC_ClearITPendingBit                    0x08004811   Thumb Code     8  stm32f4xx_rcc.o(.text)
    USART_DeInit                             0x0800481d   Thumb Code   206  stm32f4xx_usart.o(.text)
    USART_Init                               0x080048eb   Thumb Code   204  stm32f4xx_usart.o(.text)
    USART_StructInit                         0x080049b7   Thumb Code    24  stm32f4xx_usart.o(.text)
    USART_ClockInit                          0x080049cf   Thumb Code    32  stm32f4xx_usart.o(.text)
    USART_ClockStructInit                    0x080049ef   Thumb Code    12  stm32f4xx_usart.o(.text)
    USART_Cmd                                0x080049fb   Thumb Code    24  stm32f4xx_usart.o(.text)
    USART_SetPrescaler                       0x08004a13   Thumb Code    16  stm32f4xx_usart.o(.text)
    USART_OverSampling8Cmd                   0x08004a23   Thumb Code    22  stm32f4xx_usart.o(.text)
    USART_OneBitMethodCmd                    0x08004a39   Thumb Code    24  stm32f4xx_usart.o(.text)
    USART_SendData                           0x08004a51   Thumb Code     8  stm32f4xx_usart.o(.text)
    USART_ReceiveData                        0x08004a59   Thumb Code    10  stm32f4xx_usart.o(.text)
    USART_SetAddress                         0x08004a63   Thumb Code    18  stm32f4xx_usart.o(.text)
    USART_ReceiverWakeUpCmd                  0x08004a75   Thumb Code    24  stm32f4xx_usart.o(.text)
    USART_WakeUpConfig                       0x08004a8d   Thumb Code    18  stm32f4xx_usart.o(.text)
    USART_LINBreakDetectLengthConfig         0x08004a9f   Thumb Code    18  stm32f4xx_usart.o(.text)
    USART_LINCmd                             0x08004ab1   Thumb Code    24  stm32f4xx_usart.o(.text)
    USART_SendBreak                          0x08004ac9   Thumb Code    10  stm32f4xx_usart.o(.text)
    USART_HalfDuplexCmd                      0x08004ad3   Thumb Code    24  stm32f4xx_usart.o(.text)
    USART_SetGuardTime                       0x08004aeb   Thumb Code    16  stm32f4xx_usart.o(.text)
    USART_SmartCardCmd                       0x08004afb   Thumb Code    24  stm32f4xx_usart.o(.text)
    USART_SmartCardNACKCmd                   0x08004b13   Thumb Code    24  stm32f4xx_usart.o(.text)
    USART_IrDAConfig                         0x08004b2b   Thumb Code    18  stm32f4xx_usart.o(.text)
    USART_IrDACmd                            0x08004b3d   Thumb Code    24  stm32f4xx_usart.o(.text)
    USART_DMACmd                             0x08004b55   Thumb Code    18  stm32f4xx_usart.o(.text)
    USART_ITConfig                           0x08004b67   Thumb Code    74  stm32f4xx_usart.o(.text)
    USART_GetFlagStatus                      0x08004bb1   Thumb Code    26  stm32f4xx_usart.o(.text)
    USART_ClearFlag                          0x08004bcb   Thumb Code    18  stm32f4xx_usart.o(.text)
    USART_GetITStatus                        0x08004bdd   Thumb Code   118  stm32f4xx_usart.o(.text)
    USART_ClearITPendingBit                  0x08004c53   Thumb Code    30  stm32f4xx_usart.o(.text)
    SystemInit                               0x08004d4d   Thumb Code    88  system_stm32f4xx.o(.text)
    SystemCoreClockUpdate                    0x08004da5   Thumb Code   174  system_stm32f4xx.o(.text)
    Reset_Handler                            0x08004e81   Thumb Code     8  startup_stm32f40xx.o(.text)
    ADC_IRQHandler                           0x08004e9b   Thumb Code     0  startup_stm32f40xx.o(.text)
    CAN1_RX0_IRQHandler                      0x08004e9b   Thumb Code     0  startup_stm32f40xx.o(.text)
    CAN1_RX1_IRQHandler                      0x08004e9b   Thumb Code     0  startup_stm32f40xx.o(.text)
    CAN1_SCE_IRQHandler                      0x08004e9b   Thumb Code     0  startup_stm32f40xx.o(.text)
    CAN1_TX_IRQHandler                       0x08004e9b   Thumb Code     0  startup_stm32f40xx.o(.text)
    CAN2_RX0_IRQHandler                      0x08004e9b   Thumb Code     0  startup_stm32f40xx.o(.text)
    CAN2_RX1_IRQHandler                      0x08004e9b   Thumb Code     0  startup_stm32f40xx.o(.text)
    CAN2_SCE_IRQHandler                      0x08004e9b   Thumb Code     0  startup_stm32f40xx.o(.text)
    CAN2_TX_IRQHandler                       0x08004e9b   Thumb Code     0  startup_stm32f40xx.o(.text)
    CRYP_IRQHandler                          0x08004e9b   Thumb Code     0  startup_stm32f40xx.o(.text)
    DCMI_IRQHandler                          0x08004e9b   Thumb Code     0  startup_stm32f40xx.o(.text)
    DMA1_Stream0_IRQHandler                  0x08004e9b   Thumb Code     0  startup_stm32f40xx.o(.text)
    DMA1_Stream1_IRQHandler                  0x08004e9b   Thumb Code     0  startup_stm32f40xx.o(.text)
    DMA1_Stream2_IRQHandler                  0x08004e9b   Thumb Code     0  startup_stm32f40xx.o(.text)
    DMA1_Stream3_IRQHandler                  0x08004e9b   Thumb Code     0  startup_stm32f40xx.o(.text)
    DMA1_Stream4_IRQHandler                  0x08004e9b   Thumb Code     0  startup_stm32f40xx.o(.text)
    DMA1_Stream5_IRQHandler                  0x08004e9b   Thumb Code     0  startup_stm32f40xx.o(.text)
    DMA1_Stream6_IRQHandler                  0x08004e9b   Thumb Code     0  startup_stm32f40xx.o(.text)
    DMA1_Stream7_IRQHandler                  0x08004e9b   Thumb Code     0  startup_stm32f40xx.o(.text)
    DMA2_Stream0_IRQHandler                  0x08004e9b   Thumb Code     0  startup_stm32f40xx.o(.text)
    DMA2_Stream1_IRQHandler                  0x08004e9b   Thumb Code     0  startup_stm32f40xx.o(.text)
    DMA2_Stream2_IRQHandler                  0x08004e9b   Thumb Code     0  startup_stm32f40xx.o(.text)
    DMA2_Stream3_IRQHandler                  0x08004e9b   Thumb Code     0  startup_stm32f40xx.o(.text)
    DMA2_Stream4_IRQHandler                  0x08004e9b   Thumb Code     0  startup_stm32f40xx.o(.text)
    DMA2_Stream5_IRQHandler                  0x08004e9b   Thumb Code     0  startup_stm32f40xx.o(.text)
    DMA2_Stream6_IRQHandler                  0x08004e9b   Thumb Code     0  startup_stm32f40xx.o(.text)
    DMA2_Stream7_IRQHandler                  0x08004e9b   Thumb Code     0  startup_stm32f40xx.o(.text)
    ETH_IRQHandler                           0x08004e9b   Thumb Code     0  startup_stm32f40xx.o(.text)
    ETH_WKUP_IRQHandler                      0x08004e9b   Thumb Code     0  startup_stm32f40xx.o(.text)
    EXTI0_IRQHandler                         0x08004e9b   Thumb Code     0  startup_stm32f40xx.o(.text)
    EXTI15_10_IRQHandler                     0x08004e9b   Thumb Code     0  startup_stm32f40xx.o(.text)
    EXTI1_IRQHandler                         0x08004e9b   Thumb Code     0  startup_stm32f40xx.o(.text)
    EXTI2_IRQHandler                         0x08004e9b   Thumb Code     0  startup_stm32f40xx.o(.text)
    EXTI3_IRQHandler                         0x08004e9b   Thumb Code     0  startup_stm32f40xx.o(.text)
    EXTI4_IRQHandler                         0x08004e9b   Thumb Code     0  startup_stm32f40xx.o(.text)
    EXTI9_5_IRQHandler                       0x08004e9b   Thumb Code     0  startup_stm32f40xx.o(.text)
    FLASH_IRQHandler                         0x08004e9b   Thumb Code     0  startup_stm32f40xx.o(.text)
    FPU_IRQHandler                           0x08004e9b   Thumb Code     0  startup_stm32f40xx.o(.text)
    FSMC_IRQHandler                          0x08004e9b   Thumb Code     0  startup_stm32f40xx.o(.text)
    HASH_RNG_IRQHandler                      0x08004e9b   Thumb Code     0  startup_stm32f40xx.o(.text)
    I2C1_ER_IRQHandler                       0x08004e9b   Thumb Code     0  startup_stm32f40xx.o(.text)
    I2C1_EV_IRQHandler                       0x08004e9b   Thumb Code     0  startup_stm32f40xx.o(.text)
    I2C2_ER_IRQHandler                       0x08004e9b   Thumb Code     0  startup_stm32f40xx.o(.text)
    I2C2_EV_IRQHandler                       0x08004e9b   Thumb Code     0  startup_stm32f40xx.o(.text)
    I2C3_ER_IRQHandler                       0x08004e9b   Thumb Code     0  startup_stm32f40xx.o(.text)
    I2C3_EV_IRQHandler                       0x08004e9b   Thumb Code     0  startup_stm32f40xx.o(.text)
    OTG_FS_IRQHandler                        0x08004e9b   Thumb Code     0  startup_stm32f40xx.o(.text)
    OTG_FS_WKUP_IRQHandler                   0x08004e9b   Thumb Code     0  startup_stm32f40xx.o(.text)
    OTG_HS_EP1_IN_IRQHandler                 0x08004e9b   Thumb Code     0  startup_stm32f40xx.o(.text)
    OTG_HS_EP1_OUT_IRQHandler                0x08004e9b   Thumb Code     0  startup_stm32f40xx.o(.text)
    OTG_HS_IRQHandler                        0x08004e9b   Thumb Code     0  startup_stm32f40xx.o(.text)
    OTG_HS_WKUP_IRQHandler                   0x08004e9b   Thumb Code     0  startup_stm32f40xx.o(.text)
    PVD_IRQHandler                           0x08004e9b   Thumb Code     0  startup_stm32f40xx.o(.text)
    RCC_IRQHandler                           0x08004e9b   Thumb Code     0  startup_stm32f40xx.o(.text)
    RTC_Alarm_IRQHandler                     0x08004e9b   Thumb Code     0  startup_stm32f40xx.o(.text)
    RTC_WKUP_IRQHandler                      0x08004e9b   Thumb Code     0  startup_stm32f40xx.o(.text)
    SDIO_IRQHandler                          0x08004e9b   Thumb Code     0  startup_stm32f40xx.o(.text)
    SPI1_IRQHandler                          0x08004e9b   Thumb Code     0  startup_stm32f40xx.o(.text)
    SPI2_IRQHandler                          0x08004e9b   Thumb Code     0  startup_stm32f40xx.o(.text)
    SPI3_IRQHandler                          0x08004e9b   Thumb Code     0  startup_stm32f40xx.o(.text)
    TAMP_STAMP_IRQHandler                    0x08004e9b   Thumb Code     0  startup_stm32f40xx.o(.text)
    TIM1_BRK_TIM9_IRQHandler                 0x08004e9b   Thumb Code     0  startup_stm32f40xx.o(.text)
    TIM1_CC_IRQHandler                       0x08004e9b   Thumb Code     0  startup_stm32f40xx.o(.text)
    TIM1_TRG_COM_TIM11_IRQHandler            0x08004e9b   Thumb Code     0  startup_stm32f40xx.o(.text)
    TIM1_UP_TIM10_IRQHandler                 0x08004e9b   Thumb Code     0  startup_stm32f40xx.o(.text)
    TIM2_IRQHandler                          0x08004e9b   Thumb Code     0  startup_stm32f40xx.o(.text)
    TIM3_IRQHandler                          0x08004e9b   Thumb Code     0  startup_stm32f40xx.o(.text)
    TIM4_IRQHandler                          0x08004e9b   Thumb Code     0  startup_stm32f40xx.o(.text)
    TIM5_IRQHandler                          0x08004e9b   Thumb Code     0  startup_stm32f40xx.o(.text)
    TIM6_DAC_IRQHandler                      0x08004e9b   Thumb Code     0  startup_stm32f40xx.o(.text)
    TIM7_IRQHandler                          0x08004e9b   Thumb Code     0  startup_stm32f40xx.o(.text)
    TIM8_BRK_TIM12_IRQHandler                0x08004e9b   Thumb Code     0  startup_stm32f40xx.o(.text)
    TIM8_CC_IRQHandler                       0x08004e9b   Thumb Code     0  startup_stm32f40xx.o(.text)
    TIM8_TRG_COM_TIM14_IRQHandler            0x08004e9b   Thumb Code     0  startup_stm32f40xx.o(.text)
    TIM8_UP_TIM13_IRQHandler                 0x08004e9b   Thumb Code     0  startup_stm32f40xx.o(.text)
    UART4_IRQHandler                         0x08004e9b   Thumb Code     0  startup_stm32f40xx.o(.text)
    UART5_IRQHandler                         0x08004e9b   Thumb Code     0  startup_stm32f40xx.o(.text)
    USART2_IRQHandler                        0x08004e9b   Thumb Code     0  startup_stm32f40xx.o(.text)
    USART6_IRQHandler                        0x08004e9b   Thumb Code     0  startup_stm32f40xx.o(.text)
    WWDG_IRQHandler                          0x08004e9b   Thumb Code     0  startup_stm32f40xx.o(.text)
    __rt_ctype_table                         0x08004ea5   Thumb Code     4  ctype_o.o(.text)
    isspace                                  0x08004ead   Thumb Code    18  isspace_o.o(.text)
    __aeabi_memcpy                           0x08004ebf   Thumb Code    36  memcpya.o(.text)
    __aeabi_memcpy4                          0x08004ebf   Thumb Code     0  memcpya.o(.text)
    __aeabi_memcpy8                          0x08004ebf   Thumb Code     0  memcpya.o(.text)
    __aeabi_memset                           0x08004ee3   Thumb Code    14  memseta.o(.text)
    __aeabi_memset4                          0x08004ee3   Thumb Code     0  memseta.o(.text)
    __aeabi_memset8                          0x08004ee3   Thumb Code     0  memseta.o(.text)
    __aeabi_memclr                           0x08004ef1   Thumb Code     4  memseta.o(.text)
    __aeabi_memclr4                          0x08004ef1   Thumb Code     0  memseta.o(.text)
    __aeabi_memclr8                          0x08004ef1   Thumb Code     0  memseta.o(.text)
    _memset$wrapper                          0x08004ef5   Thumb Code    18  memseta.o(.text)
    strstr                                   0x08004f07   Thumb Code    36  strstr.o(.text)
    strlen                                   0x08004f2b   Thumb Code    14  strlen.o(.text)
    strcpy                                   0x08004f39   Thumb Code    18  strcpy.o(.text)
    strncmp                                  0x08004f4b   Thumb Code    30  strncmp.o(.text)
    __0scanf                                 0x08004f69   Thumb Code    26  __0scanf.o(.text)
    _scanf_string                            0x08004f89   Thumb Code   224  _scanf_str.o(.text)
    strtol                                   0x08005069   Thumb Code   112  strtol.o(.text)
    atoi                                     0x080050d9   Thumb Code    26  atoi.o(.text)
    __aeabi_i2d                              0x080050f3   Thumb Code    34  dflti.o(.text)
    __aeabi_ui2d                             0x08005115   Thumb Code    26  dfltui.o(.text)
    __aeabi_cdcmpeq                          0x08005131   Thumb Code     0  cdcmple.o(.text)
    __aeabi_cdcmple                          0x08005131   Thumb Code    48  cdcmple.o(.text)
    __aeabi_cdrcmple                         0x08005161   Thumb Code    48  cdrcmple.o(.text)
    __aeabi_uldivmod                         0x08005191   Thumb Code    98  uldiv.o(.text)
    _strtoul                                 0x080051f3   Thumb Code   158  _strtoul.o(.text)
    __vfscanf_char_file                      0x08005291   Thumb Code    12  scanf_char_file.o(.text)
    __I$use$fp                               0x080052a5   Thumb Code     0  iusefp.o(.text)
    _double_round                            0x080052a5   Thumb Code    30  depilogue.o(.text)
    _double_epilogue                         0x080052c3   Thumb Code   156  depilogue.o(.text)
    __scatterload                            0x08005361   Thumb Code    28  init.o(.text)
    __scatterload_rt2                        0x08005361   Thumb Code     0  init.o(.text)
    _fgetc$bs                                0x08005385   Thumb Code    28  fgetc_b.o(.text)
    __backspace                              0x080053a1   Thumb Code    10  fgetc_b.o(.text)
    __aeabi_llsl                             0x080053b1   Thumb Code    30  llshl.o(.text)
    _ll_shift_l                              0x080053b1   Thumb Code     0  llshl.o(.text)
    __aeabi_llsr                             0x080053cf   Thumb Code    32  llushr.o(.text)
    _ll_ushift_r                             0x080053cf   Thumb Code     0  llushr.o(.text)
    _chval                                   0x080053ef   Thumb Code    28  _chval.o(.text)
    __vfscanf_char                           0x08005419   Thumb Code    20  scanf_char.o(.text)
    __semihosting_library_function           0x08005435   Thumb Code     0  semi.o(.text)
    __vfscanf                                0x08005435   Thumb Code   808  _scanf.o(.text)
    __0printf$8                              0x08005761   Thumb Code    22  printf8.o(i.__0printf$8)
    __1printf$8                              0x08005761   Thumb Code     0  printf8.o(i.__0printf$8)
    __2printf                                0x08005761   Thumb Code     0  printf8.o(i.__0printf$8)
    __I$use$semihosting$fgetc                0x08005761   Thumb Code     0  iusesemig.o(.text)
    __0sprintf$8                             0x08005781   Thumb Code    34  printf8.o(i.__0sprintf$8)
    __1sprintf$8                             0x08005781   Thumb Code     0  printf8.o(i.__0sprintf$8)
    __2sprintf                               0x08005781   Thumb Code     0  printf8.o(i.__0sprintf$8)
    __aeabi_errno_addr                       0x080057a9   Thumb Code     4  errno.o(i.__aeabi_errno_addr)
    __rt_errno_addr                          0x080057a9   Thumb Code     0  errno.o(i.__aeabi_errno_addr)
    __scatterload_copy                       0x080057b1   Thumb Code    14  handlers.o(i.__scatterload_copy)
    __scatterload_null                       0x080057bf   Thumb Code     2  handlers.o(i.__scatterload_null)
    __scatterload_zeroinit                   0x080057c1   Thumb Code    14  handlers.o(i.__scatterload_zeroinit)
    ASCII16x24_Table                         0x08005c3c   Data        4560  stm32f4_discovery_lcd.o(.constdata)
    ASCII12x12_Table                         0x08006e0c   Data        2304  stm32f4_discovery_lcd.o(.constdata)
    ASCII8x12_Table                          0x0800770c   Data        2304  stm32f4_discovery_lcd.o(.constdata)
    ASCII8x8_Table                           0x0800800c   Data        1536  stm32f4_discovery_lcd.o(.constdata)
    __ctype_table                            0x0800860c   Data         129  ctype_o.o(.constdata)
    Region$$Table$$Base                      0x0800880c   Number         0  anon$$obj.o(Region$$Table)
    Region$$Table$$Limit                     0x0800882c   Number         0  anon$$obj.o(Region$$Table)
    DBGU_RxBufferTail                        0x20000000   Data           4  main.o(.data)
    DBGU_RxBufferHead                        0x20000004   Data           4  main.o(.data)
    DBGU_InputReady                          0x20000008   Data           1  main.o(.data)
    quit_flag                                0x20000009   Data           1  main.o(.data)
    seqNo                                    0x2000000a   Data           1  main.o(.data)
    mysock                                   0x2000000b   Data           1  main.o(.data)
    sockConnected                            0x2000000c   Data           1  main.o(.data)
    sockClosed                               0x2000000d   Data           1  main.o(.data)
    timeout1                                 0x20000010   Data           4  main.o(.data)
    timeout                                  0x20000018   Data           4  sn8200_api.o(.data)
    totalscan                                0x2000001c   Data           1  sn8200_api.o(.data)
    SSIDlen                                  0x20000020   Data           4  sn8200_api.o(.data)
    secMode                                  0x20000024   Data           1  sn8200_api.o(.data)
    APOnOff                                  0x20000025   Data           1  sn8200_api.o(.data)
    Keylen                                   0x20000026   Data           1  sn8200_api.o(.data)
    joinok                                   0x20000028   Data           4  sn8200_api.o(.data)
    ipok                                     0x2000002c   Data           4  sn8200_api.o(.data)
    selfIP                                   0x20000030   Data           4  sn8200_api.o(.data)
    pktcnt                                   0x20000034   Data           4  sn8200_api.o(.data)
    Portstr                                  0x20000038   Data           8  sn8200_api.o(.data)
    IsWIFIGetStatusResponsed                 0x20000040   Data           1  sn8200_api.o(.data)
    IsWIFIJoinResponsed                      0x20000041   Data           1  sn8200_api.o(.data)
    IsWIFIApCtrlResponsed                    0x20000042   Data           1  sn8200_api.o(.data)
    IsSNICIPConfigResponsed                  0x20000043   Data           1  sn8200_api.o(.data)
    IsSNICGetDHCPInfoResponsed               0x20000044   Data           1  sn8200_api.o(.data)
    IsSNICTCPConnectToServerResponsed        0x20000045   Data           1  sn8200_api.o(.data)
    IsSNICSendFromSocketResponsed            0x20000046   Data           1  sn8200_api.o(.data)
    IsSNICUDPSendFromSocketResponsed         0x20000047   Data           1  sn8200_api.o(.data)
    IsCreateSocketResponsed                  0x20000048   Data           1  sn8200_api.o(.data)
    destIP                                   0x2000004c   Data           4  sn8200_api.o(.data)
    srcIP                                    0x20000050   Data           4  sn8200_api.o(.data)
    destPort                                 0x20000054   Data           4  sn8200_api.o(.data)
    srcPort                                  0x20000058   Data           4  sn8200_api.o(.data)
    udpDestIP                                0x2000005c   Data           4  sn8200_api.o(.data)
    udpSrcIP                                 0x20000060   Data           4  sn8200_api.o(.data)
    udpDestPort                              0x20000064   Data           4  sn8200_api.o(.data)
    udpSrcPort                               0x20000068   Data           4  sn8200_api.o(.data)
    sendUDPDone                              0x2000006c   Data           1  sn8200_api.o(.data)
    tempReTXLen                              0x2000007c   Data           4  sn8200_core.o(.data)
    RxBufferTail                             0x20000098   Data           4  sn8200_hal.o(.data)
    RxBufferHead                             0x2000009c   Data           4  sn8200_hal.o(.data)
    Font16x24                                0x200000a0   Data           8  stm32f4_discovery_lcd.o(.data)
    Font12x12                                0x200000a8   Data           8  stm32f4_discovery_lcd.o(.data)
    Font8x12                                 0x200000b0   Data           8  stm32f4_discovery_lcd.o(.data)
    Font8x8                                  0x200000b8   Data           8  stm32f4_discovery_lcd.o(.data)
    SystemCoreClock                          0x200000d8   Data           4  system_stm32f4xx.o(.data)
    AHBPrescTable                            0x200000dc   Data          16  system_stm32f4xx.o(.data)
    __stdin                                  0x200000ec   Data           4  stdin.o(.data)
    __stdout                                 0x200000f0   Data           4  stdout.o(.data)
    DBGU_RxBuffer                            0x200000fc   Data         256  main.o(.bss)
    TxBuf                                    0x200001fc   Data         128  main.o(.bss)
    sl                                       0x2000027c   Data        1440  sn8200_api.o(.bss)
    SSID                                     0x2000081c   Data          32  sn8200_api.o(.bss)
    secKey                                   0x2000083c   Data          64  sn8200_api.o(.bss)
    domain                                   0x2000087c   Data         100  sn8200_api.o(.bss)
    IPstr                                    0x200008e0   Data          32  sn8200_api.o(.bss)
    out                                      0x20000900   Data         256  sn8200_api.o(.bss)
    rx_frame                                 0x20001a00   Data       80080  sn8200_core.o(.bss)
    RxBuffer                                 0x200152d0   Data        4096  sn8200_hal.o(.bss)
    __initial_sp                             0x200166d0   Data           0  startup_stm32f40xx.o(STACK)



==============================================================================

Memory Map of the image

  Image Entry point : 0x08000189

  Load Region LR_IROM1 (Base: 0x08000000, Size: 0x00008928, Max: 0x00100000, ABSOLUTE)

    Execution Region ER_IROM1 (Base: 0x08000000, Size: 0x0000882c, Max: 0x00100000, ABSOLUTE)

    Base Addr    Size         Type   Attr      Idx    E Section Name        Object

    0x08000000   0x00000188   Data   RO          597    RESET               startup_stm32f40xx.o
    0x08000188   0x00000000   Code   RO          602  * .ARM.Collect$$$$00000000  mc_w.l(entry.o)
    0x08000188   0x00000004   Code   RO          924    .ARM.Collect$$$$00000001  mc_w.l(entry2.o)
    0x0800018c   0x00000004   Code   RO          927    .ARM.Collect$$$$00000004  mc_w.l(entry5.o)
    0x08000190   0x00000000   Code   RO          929    .ARM.Collect$$$$00000008  mc_w.l(entry7b.o)
    0x08000190   0x00000000   Code   RO          931    .ARM.Collect$$$$0000000A  mc_w.l(entry8b.o)
    0x08000190   0x00000008   Code   RO          932    .ARM.Collect$$$$0000000B  mc_w.l(entry9a.o)
    0x08000198   0x00000000   Code   RO          934    .ARM.Collect$$$$0000000D  mc_w.l(entry10a.o)
    0x08000198   0x00000000   Code   RO          936    .ARM.Collect$$$$0000000F  mc_w.l(entry11a.o)
    0x08000198   0x00000004   Code   RO          925    .ARM.Collect$$$$00002712  mc_w.l(entry2.o)
    0x0800019c   0x000006d8   Code   RO            3    .text               main.o
    0x08000874   0x00000098   Code   RO          170    .text               delay.o
    0x0800090c   0x00000018   Code   RO          196    .text               stm32f4xx_it.o
    0x08000924   0x000019ac   Code   RO          219    .text               sn8200_api.o
    0x080022d0   0x00000550   Code   RO          264    .text               sn8200_core.o
    0x08002820   0x0000015c   Code   RO          291    .text               sn8200_hal.o
    0x0800297c   0x00000fc4   Code   RO          339    .text               stm32f4_discovery_lcd.o
    0x08003940   0x000000e0   Code   RO          369    .text               misc.o
    0x08003a20   0x00000608   Code   RO          429    .text               stm32f4xx_fsmc.o
    0x08004028   0x0000025c   Code   RO          449    .text               stm32f4xx_gpio.o
    0x08004284   0x00000598   Code   RO          489    .text               stm32f4xx_rcc.o
    0x0800481c   0x00000454   Code   RO          551    .text               stm32f4xx_usart.o
    0x08004c70   0x00000210   Code   RO          571    .text               system_stm32f4xx.o
    0x08004e80   0x00000024   Code   RO          598    .text               startup_stm32f40xx.o
    0x08004ea4   0x00000008   Code   RO          605    .text               mc_w.l(ctype_o.o)
    0x08004eac   0x00000012   Code   RO          627    .text               mc_w.l(isspace_o.o)
    0x08004ebe   0x00000024   Code   RO          633    .text               mc_w.l(memcpya.o)
    0x08004ee2   0x00000024   Code   RO          635    .text               mc_w.l(memseta.o)
    0x08004f06   0x00000024   Code   RO          637    .text               mc_w.l(strstr.o)
    0x08004f2a   0x0000000e   Code   RO          639    .text               mc_w.l(strlen.o)
    0x08004f38   0x00000012   Code   RO          641    .text               mc_w.l(strcpy.o)
    0x08004f4a   0x0000001e   Code   RO          643    .text               mc_w.l(strncmp.o)
    0x08004f68   0x00000020   Code   RO          908    .text               mc_w.l(__0scanf.o)
    0x08004f88   0x000000e0   Code   RO          910    .text               mc_w.l(_scanf_str.o)
    0x08005068   0x00000070   Code   RO          912    .text               mc_w.l(strtol.o)
    0x080050d8   0x0000001a   Code   RO          914    .text               mc_w.l(atoi.o)
    0x080050f2   0x00000022   Code   RO          916    .text               mf_w.l(dflti.o)
    0x08005114   0x0000001a   Code   RO          918    .text               mf_w.l(dfltui.o)
    0x0800512e   0x00000002   PAD
    0x08005130   0x00000030   Code   RO          920    .text               mf_w.l(cdcmple.o)
    0x08005160   0x00000030   Code   RO          922    .text               mf_w.l(cdrcmple.o)
    0x08005190   0x00000062   Code   RO          942    .text               mc_w.l(uldiv.o)
    0x080051f2   0x0000009e   Code   RO          951    .text               mc_w.l(_strtoul.o)
    0x08005290   0x00000014   Code   RO          953    .text               mc_w.l(scanf_char_file.o)
    0x080052a4   0x00000000   Code   RO          955    .text               mc_w.l(iusefp.o)
    0x080052a4   0x000000ba   Code   RO          956    .text               mf_w.l(depilogue.o)
    0x0800535e   0x00000002   PAD
    0x08005360   0x00000024   Code   RO          966    .text               mc_w.l(init.o)
    0x08005384   0x0000002c   Code   RO          968    .text               mc_w.l(fgetc_b.o)
    0x080053b0   0x0000001e   Code   RO          971    .text               mc_w.l(llshl.o)
    0x080053ce   0x00000020   Code   RO          973    .text               mc_w.l(llushr.o)
    0x080053ee   0x0000001c   Code   RO          977    .text               mc_w.l(_chval.o)
    0x0800540a   0x00000002   PAD
    0x0800540c   0x00000028   Code   RO          979    .text               mc_w.l(scanf_char.o)
    0x08005434   0x00000000   Code   RO          981    .text               mc_w.l(semi.o)
    0x08005434   0x0000032c   Code   RO          984    .text               mc_w.l(_scanf.o)
    0x08005760   0x00000000   Code   RO          986    .text               mc_w.l(iusesemig.o)
    0x08005760   0x00000020   Code   RO          854    i.__0printf$8       mc_w.l(printf8.o)
    0x08005780   0x00000028   Code   RO          856    i.__0sprintf$8      mc_w.l(printf8.o)
    0x080057a8   0x00000008   Code   RO          944    i.__aeabi_errno_addr  mc_w.l(errno.o)
    0x080057b0   0x0000000e   Code   RO          992    i.__scatterload_copy  mc_w.l(handlers.o)
    0x080057be   0x00000002   Code   RO          993    i.__scatterload_null  mc_w.l(handlers.o)
    0x080057c0   0x0000000e   Code   RO          994    i.__scatterload_zeroinit  mc_w.l(handlers.o)
    0x080057ce   0x00000002   PAD
    0x080057d0   0x00000410   Code   RO          861    i._printf_core      mc_w.l(printf8.o)
    0x08005be0   0x00000024   Code   RO          862    i._printf_post_padding  mc_w.l(printf8.o)
    0x08005c04   0x0000002e   Code   RO          863    i._printf_pre_padding  mc_w.l(printf8.o)
    0x08005c32   0x0000000a   Code   RO          865    i._sputc            mc_w.l(printf8.o)
    0x08005c3c   0x000029d0   Data   RO          340    .constdata          stm32f4_discovery_lcd.o
    0x0800860c   0x00000081   Data   RO          606    .constdata          mc_w.l(ctype_o.o)
    0x0800868d   0x00000003   PAD
    0x08008690   0x00000004   Data   RO          607    .constdata          mc_w.l(ctype_o.o)
    0x08008694   0x00000176   Data   RO          221    .conststring        sn8200_api.o
    0x0800880a   0x00000002   PAD
    0x0800880c   0x00000020   Data   RO          990    Region$$Table       anon$$obj.o


    Execution Region RW_IRAM1 (Base: 0x20000000, Size: 0x000166d0, Max: 0x00020000, ABSOLUTE)

    Base Addr    Size         Type   Attr      Idx    E Section Name        Object

    0x20000000   0x00000014   Data   RW            5    .data               main.o
    0x20000014   0x00000004   Data   RW          171    .data               delay.o
    0x20000018   0x00000064   Data   RW          222    .data               sn8200_api.o
    0x2000007c   0x00000019   Data   RW          266    .data               sn8200_core.o
    0x20000095   0x00000003   PAD
    0x20000098   0x00000008   Data   RW          293    .data               sn8200_hal.o
    0x200000a0   0x00000028   Data   RW          341    .data               stm32f4_discovery_lcd.o
    0x200000c8   0x00000010   Data   RW          490    .data               stm32f4xx_rcc.o
    0x200000d8   0x00000014   Data   RW          572    .data               system_stm32f4xx.o
    0x200000ec   0x00000004   Data   RW          938    .data               mc_w.l(stdin.o)
    0x200000f0   0x00000004   Data   RW          939    .data               mc_w.l(stdout.o)
    0x200000f4   0x00000004   Data   RW          947    .data               mc_w.l(errno.o)
    0x200000f8   0x00000003   Data   RW          969    .data               mc_w.l(fgetc_b.o)
    0x200000fb   0x00000001   PAD
    0x200000fc   0x00000180   Zero   RW            4    .bss                main.o
    0x2000027c   0x00000784   Zero   RW          220    .bss                sn8200_api.o
    0x20000a00   0x000148d0   Zero   RW          265    .bss                sn8200_core.o
    0x200152d0   0x00001000   Zero   RW          292    .bss                sn8200_hal.o
    0x200162d0   0x00000400   Zero   RW          595    STACK               startup_stm32f40xx.o


==============================================================================

Image component sizes


      Code (inc. data)   RO Data    RW Data    ZI Data      Debug   Object Name

       152         18          0          4          0      27864   delay.o
      1752        312          0         20        384     265330   main.o
       224         20          0          0          0       2041   misc.o
      6572       1748        374        100       1924      23723   sn8200_api.o
      1360         54          0         25      84176       4970   sn8200_core.o
       348         20          0          8       4096       2538   sn8200_hal.o
        36          8        392          0       1024        956   startup_stm32f40xx.o
      4036         68      10704         40          0      14290   stm32f4_discovery_lcd.o
      1544         14          0          0          0       5631   stm32f4xx_fsmc.o
       604         36          0          0          0       4285   stm32f4xx_gpio.o
        24          0          0          0          0       1158   stm32f4xx_it.o
      1432         54          0         16          0      11524   stm32f4xx_rcc.o
      1108         34          0          0          0       8016   stm32f4xx_usart.o
       528         46          0         20          0       2191   system_stm32f4xx.o

    ----------------------------------------------------------------------
     19720       2432      11504        236      91604     374517   Object Totals
         0          0         32          0          0          0   (incl. Generated)
         0          0          2          3          0          0   (incl. Padding)

    ----------------------------------------------------------------------

      Code (inc. data)   RO Data    RW Data    ZI Data      Debug   Library Member Name

        32          6          0          0          0         84   __0scanf.o
        28          0          0          0          0         68   _chval.o
       812          4          0          0          0        112   _scanf.o
       224          0          0          0          0         96   _scanf_str.o
       158          0          0          0          0         92   _strtoul.o
        26          0          0          0          0         80   atoi.o
         8          4        133          0          0         68   ctype_o.o
         0          0          0          0          0          0   entry.o
         0          0          0          0          0          0   entry10a.o
         0          0          0          0          0          0   entry11a.o
         8          4          0          0          0          0   entry2.o
         4          0          0          0          0          0   entry5.o
         0          0          0          0          0          0   entry7b.o
         0          0          0          0          0          0   entry8b.o
         8          4          0          0          0          0   entry9a.o
         8          4          0          4          0         68   errno.o
        44          6          0          3          0        144   fgetc_b.o
        30          0          0          0          0          0   handlers.o
        36          8          0          0          0         68   init.o
        18          0          0          0          0         76   isspace_o.o
         0          0          0          0          0          0   iusefp.o
         0          0          0          0          0          0   iusesemig.o
        30          0          0          0          0         68   llshl.o
        32          0          0          0          0         68   llushr.o
        36          0          0          0          0         68   memcpya.o
        36          0          0          0          0        108   memseta.o
      1204         60          0          0          0        504   printf8.o
        40          8          0          0          0         84   scanf_char.o
        20          8          0          0          0         68   scanf_char_file.o
         0          0          0          0          0          0   semi.o
         0          0          0          4          0          0   stdin.o
         0          0          0          4          0          0   stdout.o
        18          0          0          0          0         68   strcpy.o
        14          0          0          0          0         68   strlen.o
        30          0          0          0          0         80   strncmp.o
        36          0          0          0          0         80   strstr.o
       112          0          0          0          0         88   strtol.o
        98          0          0          0          0         92   uldiv.o
        48          0          0          0          0         68   cdcmple.o
        48          0          0          0          0         68   cdrcmple.o
       186          0          0          0          0        176   depilogue.o
        34          0          0          0          0         76   dflti.o
        26          0          0          0          0         76   dfltui.o

    ----------------------------------------------------------------------
      3500        116        136         16          0       2864   Library Totals
         8          0          3          1          0          0   (incl. Padding)

    ----------------------------------------------------------------------

      Code (inc. data)   RO Data    RW Data    ZI Data      Debug   Library Name

      3150        116        133         15          0       2400   mc_w.l
       342          0          0          0          0        464   mf_w.l

    ----------------------------------------------------------------------
      3500        116        136         16          0       2864   Library Totals

    ----------------------------------------------------------------------

==============================================================================


      Code (inc. data)   RO Data    RW Data    ZI Data      Debug   

     23220       2548      11640        252      91604     372773   Grand Totals
     23220       2548      11640        252      91604     372773   ELF Image Totals
     23220       2548      11640        252          0          0   ROM Totals

==============================================================================

    Total RO  Size (Code + RO Data)                34860 (  34.04kB)
    Total RW  Size (RW Data + ZI Data)             91856 (  89.70kB)
    Total ROM Size (Code + RO Data + RW Data)      35112 (  34.29kB)

==============================================================================

