<html>
<body>
<pre>
<h1>µVision Build Log</h1>
<h2>Project:</h2>
\\userfs\xz1120\w2k\Desktop\STM32F4xx_EMS\Project\Wireless\MDK-ARM\Wireless.uvproj
Project File Date:  07/11/2015

<h2>Output:</h2>
Rebuild target 'Wireless'
compiling delay.c...
compiling main.c...
..\src\main.c(51): warning:  #68-D: integer conversion resulted in a change of sign
..\src\main.c(52): warning:  #68-D: integer conversion resulted in a change of sign
..\src\main.c(487): warning:  #514-D: pointless comparison of unsigned integer with a negative constant
..\src\main.c(491): warning:  #68-D: integer conversion resulted in a change of sign
..\src\main.c(498): warning:  #68-D: integer conversion resulted in a change of sign
compiling sn8200_api.c...
..\..\..\Utilities\SN8200\sn8200_api.c(1017): warning:  #177-D: variable "listen_sock" was declared but never referenced
compiling sn8200_core.c...
compiling sn8200_hal.c...
compiling misc.c...
compiling stm32f4xx_gpio.c...
compiling stm32f4xx_rcc.c...
compiling stm32f4xx_usart.c...
compiling system_stm32f4xx.c...
assembling startup_stm32f40xx.s...
linking...
Program Size: Code=19876 RO-data=1060 RW-data=216 ZI-data=91704  
".\Output\Wireless.axf" - 0 Error(s), 6 Warning(s).
Load "\\\\userfs\\xz1120\\w2k\\Desktop\\STM32F4xx_EMS\\Project\\Wireless\\MDK-ARM\\Output\\Wireless.AXF" 
Load "\\\\userfs\\xz1120\\w2k\\Desktop\\STM32F4xx_EMS\\Project\\Wireless\\MDK-ARM\\Output\\Wireless.AXF" 
Load "\\\\userfs\\xz1120\\w2k\\Desktop\\STM32F4xx_EMS\\Project\\Wireless\\MDK-ARM\\Output\\Wireless.AXF" 
Erase Done.
Programming Done.
Verify OK.
Rebuild target 'Wireless'
compiling delay.c...
compiling main.c...
..\src\main.c(51): warning:  #68-D: integer conversion resulted in a change of sign
..\src\main.c(52): warning:  #68-D: integer conversion resulted in a change of sign
..\src\main.c(487): warning:  #514-D: pointless comparison of unsigned integer with a negative constant
..\src\main.c(491): warning:  #68-D: integer conversion resulted in a change of sign
..\src\main.c(498): warning:  #68-D: integer conversion resulted in a change of sign
compiling sn8200_api.c...
..\..\..\Utilities\SN8200\sn8200_api.c(1017): warning:  #177-D: variable "listen_sock" was declared but never referenced
compiling sn8200_core.c...
compiling sn8200_hal.c...
compiling misc.c...
compiling stm32f4xx_gpio.c...
compiling stm32f4xx_rcc.c...
compiling stm32f4xx_usart.c...
compiling system_stm32f4xx.c...
assembling startup_stm32f40xx.s...
linking...
Program Size: Code=19876 RO-data=1060 RW-data=216 ZI-data=91704  
".\Output\Wireless.axf" - 0 Error(s), 6 Warning(s).
Load "\\\\userfs\\xz1120\\w2k\\Desktop\\STM32F4xx_EMS\\Project\\Wireless\\MDK-ARM\\Output\\Wireless.AXF" 
Erase Done.
Programming Done.
Verify OK.
